<html>
<body>
<pre>
<h1>礦ision Build Log</h1>
<h2>Tool Versions:</h2>
IDE-Version: μVision V5.36.0.0
Copyright (C) 2021 ARM Ltd and ARM Germany GmbH. All rights reserved.
License Information: qwe hls, qwe, LIC=FYKYW-QU08F-DYEV3-AHKV2-9NM02-Z6ALA
 
Tool Versions:
Toolchain:       MDK-ARM Plus  Version: 5.36.0.0
Toolchain Path:  C:\code\stm32\ARM\ARMCC\Bin
C Compiler:      Armcc.exe V5.06 update 7 (build 960)
Assembler:       Armasm.exe V5.06 update 7 (build 960)
Linker/Locator:  ArmLink.exe V5.06 update 7 (build 960)
Library Manager: ArmAr.exe V5.06 update 7 (build 960)
Hex Converter:   FromElf.exe V5.06 update 7 (build 960)
CPU DLL:         SARMCM3.DLL V5.36.0.0
Dialog DLL:      DCM.DLL V1.17.3.0
Target DLL:      STLink\ST-LINKIII-KEIL_SWO.dll V3.0.9.0
Dialog DLL:      TCM.DLL V1.53.0.0
 
<h2>Project:</h2>
C:\code\vscode\daily_code\koudaiji_HAL\MDK-ARM\koudaiji_HAL.uvprojx
Project File Date:  04/14/2026

<h2>Output:</h2>
*** Using Compiler 'V5.06 update 7 (build 960)', folder: 'C:\code\stm32\ARM\ARMCC\Bin'
Build target 'koudaiji_HAL'
compiling main.c...
../Core/Inc/main.h(44): warning:  #1295-D: Deprecated declaration getInput - give arg types
  	char getInput();
..\StateMachine\inc\osci.h(20): warning:  #1295-D: Deprecated declaration mysin - give arg types
  void mysin();
../Core/Src/main.c(74): warning:  #940-D: missing return statement at end of non-void function "getInput" 
  	}
../Core/Src/main.c(195): warning:  #111-D: statement is unreachable
  	if(Touch_Key_Value == TOUCH_KEY_C) //如果检测到按键“C”按下
../Core/Src/main.c: 4 warnings, 0 errors
linking...
Program Size: Code=21052 RO-data=11220 RW-data=336 ZI-data=28488  
FromELF: creating hex file...
"koudaiji_HAL\koudaiji_HAL.axf" - 0 Error(s), 4 Warning(s).

<h2>Software Packages used:</h2>

Package Vendor: ARM
                http://www.keil.com/pack/ARM.CMSIS.5.8.0.pack
                ARM.CMSIS.5.8.0
                CMSIS (Common Microcontroller Software Interface Standard)
   * Component: CORE Version: 5.5.0

Package Vendor: Keil
                http://www.keil.com/pack/Keil.STM32F4xx_DFP.2.16.0.pack
                Keil.STM32F4xx_DFP.2.16.0
                STMicroelectronics STM32F4 Series Device Support, Drivers and Examples

<h2>Collection of Component include folders:</h2>
  .\RTE\_koudaiji_HAL
  C:\code\stm32\ARM\CMSIS\5.8.0\CMSIS\Core\Include
  C:\code\stm32\Keil\STM32F4xx_DFP\2.16.0\Drivers\CMSIS\Device\ST\STM32F4xx\Include

<h2>Collection of Component Files used:</h2>

   * Component: ARM::CMSIS:CORE:5.5.0
Build Time Elapsed:  00:00:03
</pre>
</body>
</html>
