Component: ARM Compiler 6.16 Tool: armlink [5dfeaa00]

==============================================================================

Section Cross References

    startup_stm32f407xx.o(RESET) refers to startup_stm32f407xx.o(STACK) for __initial_sp
    startup_stm32f407xx.o(RESET) refers to startup_stm32f407xx.o(.text) for Reset_Handler
    startup_stm32f407xx.o(RESET) refers to stm32f4xx_it.o(.text.NMI_Handler) for NMI_Handler
    startup_stm32f407xx.o(RESET) refers to context_rvds.o(.text) for HardFault_Handler
    startup_stm32f407xx.o(RESET) refers to stm32f4xx_it.o(.text.MemManage_Handler) for MemManage_Handler
    startup_stm32f407xx.o(RESET) refers to stm32f4xx_it.o(.text.BusFault_Handler) for BusFault_Handler
    startup_stm32f407xx.o(RESET) refers to stm32f4xx_it.o(.text.UsageFault_Handler) for UsageFault_Handler
    startup_stm32f407xx.o(RESET) refers to stm32f4xx_it.o(.text.DebugMon_Handler) for DebugMon_Handler
    startup_stm32f407xx.o(RESET) refers to board.o(.text.SysTick_Handler) for SysTick_Handler
    startup_stm32f407xx.o(RESET) refers to stm32f4xx_it.o(.text.TIM1_BRK_TIM9_IRQHandler) for TIM1_BRK_TIM9_IRQHandler
    startup_stm32f407xx.o(RESET) refers to stm32f4xx_it.o(.text.TIM2_IRQHandler) for TIM2_IRQHandler
    startup_stm32f407xx.o(.text) refers to system_stm32f4xx.o(.text.SystemInit) for SystemInit
    startup_stm32f407xx.o(.text) refers to entry.o(.ARM.Collect$$$$00000000) for __main
    main.o(.text.main) refers to stm32f4xx_hal.o(.text.HAL_Init) for HAL_Init
    main.o(.text.main) refers to main.o(.text.SystemClock_Config) for SystemClock_Config
    main.o(.text.main) refers to gpio.o(.text.MX_GPIO_Init) for MX_GPIO_Init
    main.o(.text.main) refers to tim.o(.text.MX_TIM1_Init) for MX_TIM1_Init
    main.o(.text.main) refers to usart.o(.text.MX_USART1_UART_Init) for MX_USART1_UART_Init
    main.o(.text.main) refers to usart.o(.text.MX_USART2_UART_Init) for MX_USART2_UART_Init
    main.o(.text.main) refers to usart.o(.text.MX_USART3_UART_Init) for MX_USART3_UART_Init
    main.o(.text.main) refers to puts.o(i.puts) for puts
    main.o(.text.main) refers to rt_main.o(.text.init_rt_thread) for init_rt_thread
    main.o(.text.main) refers to printf8.o(i.__0printf$8) for __2printf
    main.o(.ARM.exidx.text.main) refers to main.o(.text.main) for [Anonymous Symbol]
    main.o(.text.SystemClock_Config) refers to memseta.o(.text) for __aeabi_memclr4
    main.o(.text.SystemClock_Config) refers to stm32f4xx_hal_rcc.o(.text.HAL_RCC_OscConfig) for HAL_RCC_OscConfig
    main.o(.text.SystemClock_Config) refers to stm32f4xx_hal_rcc.o(.text.HAL_RCC_ClockConfig) for HAL_RCC_ClockConfig
    main.o(.text.SystemClock_Config) refers to main.o(.text.Error_Handler) for Error_Handler
    main.o(.ARM.exidx.text.SystemClock_Config) refers to main.o(.text.SystemClock_Config) for [Anonymous Symbol]
    main.o(.ARM.exidx.text.Error_Handler) refers to main.o(.text.Error_Handler) for [Anonymous Symbol]
    main.o(.text.HAL_TIM_PeriodElapsedCallback) refers to stm32f4xx_hal.o(.text.HAL_IncTick) for HAL_IncTick
    main.o(.ARM.exidx.text.HAL_TIM_PeriodElapsedCallback) refers to main.o(.text.HAL_TIM_PeriodElapsedCallback) for [Anonymous Symbol]
    gpio.o(.text.MX_GPIO_Init) refers to stm32f4xx_hal_gpio.o(.text.HAL_GPIO_WritePin) for HAL_GPIO_WritePin
    gpio.o(.text.MX_GPIO_Init) refers to stm32f4xx_hal_gpio.o(.text.HAL_GPIO_Init) for HAL_GPIO_Init
    gpio.o(.ARM.exidx.text.MX_GPIO_Init) refers to gpio.o(.text.MX_GPIO_Init) for [Anonymous Symbol]
    tim.o(.text.MX_TIM1_Init) refers to tim.o(.bss.htim1) for htim1
    tim.o(.text.MX_TIM1_Init) refers to stm32f4xx_hal_tim.o(.text.HAL_TIM_Base_Init) for HAL_TIM_Base_Init
    tim.o(.text.MX_TIM1_Init) refers to main.o(.text.Error_Handler) for Error_Handler
    tim.o(.text.MX_TIM1_Init) refers to stm32f4xx_hal_tim.o(.text.HAL_TIM_ConfigClockSource) for HAL_TIM_ConfigClockSource
    tim.o(.text.MX_TIM1_Init) refers to stm32f4xx_hal_tim_ex.o(.text.HAL_TIMEx_MasterConfigSynchronization) for HAL_TIMEx_MasterConfigSynchronization
    tim.o(.ARM.exidx.text.MX_TIM1_Init) refers to tim.o(.text.MX_TIM1_Init) for [Anonymous Symbol]
    tim.o(.text.HAL_TIM_Base_MspInit) refers to stm32f4xx_hal_cortex.o(.text.HAL_NVIC_SetPriority) for HAL_NVIC_SetPriority
    tim.o(.text.HAL_TIM_Base_MspInit) refers to stm32f4xx_hal_cortex.o(.text.HAL_NVIC_EnableIRQ) for HAL_NVIC_EnableIRQ
    tim.o(.ARM.exidx.text.HAL_TIM_Base_MspInit) refers to tim.o(.text.HAL_TIM_Base_MspInit) for [Anonymous Symbol]
    tim.o(.text.HAL_TIM_Base_MspDeInit) refers to stm32f4xx_hal_cortex.o(.text.HAL_NVIC_DisableIRQ) for HAL_NVIC_DisableIRQ
    tim.o(.ARM.exidx.text.HAL_TIM_Base_MspDeInit) refers to tim.o(.text.HAL_TIM_Base_MspDeInit) for [Anonymous Symbol]
    usart.o(.text.MX_USART1_UART_Init) refers to usart.o(.bss.huart1) for huart1
    usart.o(.text.MX_USART1_UART_Init) refers to stm32f4xx_hal_uart.o(.text.HAL_UART_Init) for HAL_UART_Init
[...]
    __tagsym$$used.0                         0x08005a34   Number         0  shell.o(.rti_fn.6)
    __tagsym$$used.3                         0x08005a38   Number         0  components.o(.rti_fn.6.end)
    __tagsym$$used.0                         0x08005a3c   Number         0  cmd.o(FSymTab)
    __tagsym$$used.1                         0x08005a48   Number         0  cmd.o(FSymTab)
    __tagsym$$used.2                         0x08005a54   Number         0  cmd.o(FSymTab)
    __tagsym$$used.3                         0x08005a60   Number         0  cmd.o(FSymTab)
    __tagsym$$used.4                         0x08005a6c   Number         0  cmd.o(FSymTab)
    __tagsym$$used.5                         0x08005a78   Number         0  cmd.o(FSymTab)
    __tagsym$$used.6                         0x08005a84   Number         0  cmd.o(FSymTab)
    __tagsym$$used.7                         0x08005a90   Number         0  cmd.o(FSymTab)
    __tagsym$$used.0                         0x08005a9c   Number         0  msh.o(FSymTab)
    __tagsym$$used.1                         0x08005aa8   Number         0  msh.o(FSymTab)
    __tagsym$$used.2                         0x08005ab4   Number         0  msh.o(FSymTab)
    __tagsym$$used.0                         0x08005ac0   Number         0  board.o(FSymTab)
    .data                                    0x20000000   Section        4  stdout.o(.data)
    _object_container                        0x20000008   Data          96  object.o(.data._object_container)
    [Anonymous Symbol]                       0x20000008   Section        0  object.o(.data._object_container)
    _rt_thread_defunct                       0x20000068   Data           8  idle.o(.data._rt_thread_defunct)
    [Anonymous Symbol]                       0x20000068   Section        0  idle.o(.data._rt_thread_defunct)
    UartHandle                               0x20000078   Data          72  board.o(.bss.UartHandle)
    [Anonymous Symbol]                       0x20000078   Section        0  board.o(.bss.UartHandle)
    _timer_list                              0x200000c8   Data           8  timer.o(.bss._timer_list)
    [Anonymous Symbol]                       0x200000c8   Section        0  timer.o(.bss._timer_list)
    finsh_get_prompt.finsh_prompt            0x200000d0   Data         129  shell.o(.bss.finsh_get_prompt.finsh_prompt)
    [Anonymous Symbol]                       0x200000d0   Section        0  shell.o(.bss.finsh_get_prompt.finsh_prompt)
    finsh_prompt_custom                      0x20000154   Data           4  shell.o(.bss.finsh_prompt_custom)
    [Anonymous Symbol]                       0x20000154   Section        0  shell.o(.bss.finsh_prompt_custom)
    idle                                     0x200002c0   Data         120  idle.o(.bss.idle)
    [Anonymous Symbol]                       0x200002c0   Section        0  idle.o(.bss.idle)
    idle_hook_list                           0x20000338   Data          16  idle.o(.bss.idle_hook_list)
    [Anonymous Symbol]                       0x20000338   Section        0  idle.o(.bss.idle_hook_list)
    rt_exception_hook                        0x20000358   Data           4  cpuport.o(.bss.rt_exception_hook)
    [Anonymous Symbol]                       0x20000358   Section        0  cpuport.o(.bss.rt_exception_hook)
    rt_heap                                  0x2000035c   Data       61440  board.o(.bss.rt_heap)
    [Anonymous Symbol]                       0x2000035c   Section        0  board.o(.bss.rt_heap)
    rt_kprintf.rt_log_buf                    0x2000f368   Data         128  kservice.o(.bss.rt_kprintf.rt_log_buf)
    [Anonymous Symbol]                       0x2000f368   Section        0  kservice.o(.bss.rt_kprintf.rt_log_buf)
    rt_scheduler_lock_nest                   0x2000f3e8   Data           2  scheduler.o(.bss.rt_scheduler_lock_nest)
    [Anonymous Symbol]                       0x2000f3e8   Section        0  scheduler.o(.bss.rt_scheduler_lock_nest)
    rt_thread_stack                          0x2000f4f0   Data         256  idle.o(.bss.rt_thread_stack)
    [Anonymous Symbol]                       0x2000f4f0   Section        0  idle.o(.bss.rt_thread_stack)
    rt_tick                                  0x2000f5f4   Data           4  clock.o(.bss.rt_tick)
    [Anonymous Symbol]                       0x2000f5f4   Section        0  clock.o(.bss.rt_tick)
    rt_timer_start.random_nr                 0x2000f5f8   Data           4  timer.o(.bss.rt_timer_start.random_nr)
    [Anonymous Symbol]                       0x2000f5f8   Section        0  timer.o(.bss.rt_timer_start.random_nr)
    system_heap                              0x2000f604   Data           4  kservice.o(.bss.system_heap)
    [Anonymous Symbol]                       0x2000f604   Section        0  kservice.o(.bss.system_heap)
    STACK                                    0x2000f7b8   Section     1024  startup_stm32f407xx.o(STACK)

    Global Symbols

    Symbol Name                              Value     Ov Type        Size  Object(Section)

    BuildAttributes$$THM_ISAv4$E$P$D$K$B$S$7EM$VFPi3$EXTD16$VFPS$VFMA$PE$A:L22UL41UL21$X:L11$S22US41US21$IEEE1$IW$~IW$USESV6$~STKCKD$USESV7$~SHL$OTIME$ROPI$EBA8$MICROLIB$REQ8$PRES8$EABIv2 0x00000000   Number         0  anon$$obj.o ABSOLUTE
    _printf_a                                0x00000000   Number         0  printfstubs.o ABSOLUTE
    _printf_c                                0x00000000   Number         0  printfstubs.o ABSOLUTE
    _printf_charcount                        0x00000000   Number         0  printfstubs.o ABSOLUTE
    _printf_d                                0x00000000   Number         0  printfstubs.o ABSOLUTE
    _printf_e                                0x00000000   Number         0  printfstubs.o ABSOLUTE
    _printf_f                                0x00000000   Number         0  printfstubs.o ABSOLUTE
    _printf_flags                            0x00000000   Number         0  printfstubs.o ABSOLUTE
    _printf_fp_dec                           0x00000000   Number         0  printfstubs.o ABSOLUTE
    _printf_fp_hex                           0x00000000   Number         0  printfstubs.o ABSOLUTE
    _printf_g                                0x00000000   Number         0  printfstubs.o ABSOLUTE
    _printf_i                                0x00000000   Number         0  printfstubs.o ABSOLUTE
    _printf_int_dec                          0x00000000   Number         0  printfstubs.o ABSOLUTE
    _printf_l                                0x00000000   Number         0  printfstubs.o ABSOLUTE
    _printf_lc                               0x00000000   Number         0  printfstubs.o ABSOLUTE
    _printf_ll                               0x00000000   Number         0  printfstubs.o ABSOLUTE
    _printf_lld                              0x00000000   Number         0  printfstubs.o ABSOLUTE
    _printf_lli                              0x00000000   Number         0  printfstubs.o ABSOLUTE
    _printf_llo                              0x00000000   Number         0  printfstubs.o ABSOLUTE
    _printf_llu                              0x00000000   Number         0  printfstubs.o ABSOLUTE
    _printf_llx                              0x00000000   Number         0  printfstubs.o ABSOLUTE
    _printf_longlong_dec                     0x00000000   Number         0  printfstubs.o ABSOLUTE
    _printf_longlong_hex                     0x00000000   Number         0  printfstubs.o ABSOLUTE
    _printf_longlong_oct                     0x00000000   Number         0  printfstubs.o ABSOLUTE
    _printf_ls                               0x00000000   Number         0  printfstubs.o ABSOLUTE
    _printf_mbtowc                           0x00000000   Number         0  printfstubs.o ABSOLUTE
    _printf_n                                0x00000000   Number         0  printfstubs.o ABSOLUTE
    _printf_o                                0x00000000   Number         0  printfstubs.o ABSOLUTE
    _printf_p                                0x00000000   Number         0  printfstubs.o ABSOLUTE
    _printf_percent                          0x00000000   Number         0  printfstubs.o ABSOLUTE
    _printf_pre_padding                      0x00000000   Number         0  printfstubs.o ABSOLUTE
    _printf_return_value                     0x00000000   Number         0  printfstubs.o ABSOLUTE
    _printf_s                                0x00000000   Number         0  printfstubs.o ABSOLUTE
    _printf_sizespec                         0x00000000   Number         0  printfstubs.o ABSOLUTE
    _printf_str                              0x00000000   Number         0  printfstubs.o ABSOLUTE
    _printf_truncate_signed                  0x00000000   Number         0  printfstubs.o ABSOLUTE
    _printf_truncate_unsigned                0x00000000   Number         0  printfstubs.o ABSOLUTE
    _printf_u                                0x00000000   Number         0  printfstubs.o ABSOLUTE
    _printf_wc                               0x00000000   Number         0  printfstubs.o ABSOLUTE
    _printf_wctomb                           0x00000000   Number         0  printfstubs.o ABSOLUTE
    _printf_widthprec                        0x00000000   Number         0  printfstubs.o ABSOLUTE
    _printf_x                                0x00000000   Number         0  printfstubs.o ABSOLUTE
    __cpp_initialize__aeabi_                  - Undefined Weak Reference
    __cxa_finalize                            - Undefined Weak Reference
    __decompress                              - Undefined Weak Reference
    _clock_init                               - Undefined Weak Reference
    _microlib_exit                            - Undefined Weak Reference
    __Vectors_Size                           0x00000188   Number         0  startup_stm32f407xx.o ABSOLUTE
    __Vectors                                0x08000000   Data           4  startup_stm32f407xx.o(RESET)
    __Vectors_End                            0x08000188   Data           0  startup_stm32f407xx.o(RESET)
    __main                                   0x08000189   Thumb Code     0  entry.o(.ARM.Collect$$$$00000000)
    _main_stk                                0x08000189   Thumb Code     0  entry2.o(.ARM.Collect$$$$00000001)
    _main_scatterload                        0x0800018d   Thumb Code     0  entry5.o(.ARM.Collect$$$$00000004)
    __main_after_scatterload                 0x08000191   Thumb Code     0  entry5.o(.ARM.Collect$$$$00000004)
    _main_clock                              0x08000191   Thumb Code     0  entry7b.o(.ARM.Collect$$$$00000008)
    _main_cpp_init                           0x08000191   Thumb Code     0  entry8b.o(.ARM.Collect$$$$0000000A)
    _main_init                               0x08000191   Thumb Code     0  entry9a.o(.ARM.Collect$$$$0000000B)
    __rt_final_cpp                           0x08000199   Thumb Code     0  entry10a.o(.ARM.Collect$$$$0000000D)
    __rt_final_exit                          0x08000199   Thumb Code     0  entry11a.o(.ARM.Collect$$$$0000000F)
    Reset_Handler                            0x0800019d   Thumb Code     8  startup_stm32f407xx.o(.text)
    SVC_Handler                              0x080001af   Thumb Code     2  startup_stm32f407xx.o(.text)
    ADC_IRQHandler                           0x080001b7   Thumb Code     0  startup_stm32f407xx.o(.text)
    CAN1_RX0_IRQHandler                      0x080001b7   Thumb Code     0  startup_stm32f407xx.o(.text)
    CAN1_RX1_IRQHandler                      0x080001b7   Thumb Code     0  startup_stm32f407xx.o(.text)
    CAN1_SCE_IRQHandler                      0x080001b7   Thumb Code     0  startup_stm32f407xx.o(.text)
    CAN1_TX_IRQHandler                       0x080001b7   Thumb Code     0  startup_stm32f407xx.o(.text)
    CAN2_RX0_IRQHandler                      0x080001b7   Thumb Code     0  startup_stm32f407xx.o(.text)
    CAN2_RX1_IRQHandler                      0x080001b7   Thumb Code     0  startup_stm32f407xx.o(.text)
    CAN2_SCE_IRQHandler                      0x080001b7   Thumb Code     0  startup_stm32f407xx.o(.text)
    CAN2_TX_IRQHandler                       0x080001b7   Thumb Code     0  startup_stm32f407xx.o(.text)
    DCMI_IRQHandler                          0x080001b7   Thumb Code     0  startup_stm32f407xx.o(.text)
    DMA1_Stream0_IRQHandler                  0x080001b7   Thumb Code     0  startup_stm32f407xx.o(.text)
    DMA1_Stream1_IRQHandler                  0x080001b7   Thumb Code     0  startup_stm32f407xx.o(.text)
    DMA1_Stream2_IRQHandler                  0x080001b7   Thumb Code     0  startup_stm32f407xx.o(.text)
    DMA1_Stream3_IRQHandler                  0x080001b7   Thumb Code     0  startup_stm32f407xx.o(.text)
    DMA1_Stream4_IRQHandler                  0x080001b7   Thumb Code     0  startup_stm32f407xx.o(.text)
    DMA1_Stream5_IRQHandler                  0x080001b7   Thumb Code     0  startup_stm32f407xx.o(.text)
    DMA1_Stream6_IRQHandler                  0x080001b7   Thumb Code     0  startup_stm32f407xx.o(.text)
    DMA1_Stream7_IRQHandler                  0x080001b7   Thumb Code     0  startup_stm32f407xx.o(.text)
    DMA2_Stream0_IRQHandler                  0x080001b7   Thumb Code     0  startup_stm32f407xx.o(.text)
    DMA2_Stream1_IRQHandler                  0x080001b7   Thumb Code     0  startup_stm32f407xx.o(.text)
    DMA2_Stream2_IRQHandler                  0x080001b7   Thumb Code     0  startup_stm32f407xx.o(.text)
    DMA2_Stream3_IRQHandler                  0x080001b7   Thumb Code     0  startup_stm32f407xx.o(.text)
    DMA2_Stream4_IRQHandler                  0x080001b7   Thumb Code     0  startup_stm32f407xx.o(.text)
    DMA2_Stream5_IRQHandler                  0x080001b7   Thumb Code     0  startup_stm32f407xx.o(.text)
    DMA2_Stream6_IRQHandler                  0x080001b7   Thumb Code     0  startup_stm32f407xx.o(.text)
    DMA2_Stream7_IRQHandler                  0x080001b7   Thumb Code     0  startup_stm32f407xx.o(.text)
    ETH_IRQHandler                           0x080001b7   Thumb Code     0  startup_stm32f407xx.o(.text)
    ETH_WKUP_IRQHandler                      0x080001b7   Thumb Code     0  startup_stm32f407xx.o(.text)
    EXTI0_IRQHandler                         0x080001b7   Thumb Code     0  startup_stm32f407xx.o(.text)
    EXTI15_10_IRQHandler                     0x080001b7   Thumb Code     0  startup_stm32f407xx.o(.text)
    EXTI1_IRQHandler                         0x080001b7   Thumb Code     0  startup_stm32f407xx.o(.text)
    EXTI2_IRQHandler                         0x080001b7   Thumb Code     0  startup_stm32f407xx.o(.text)
    EXTI3_IRQHandler                         0x080001b7   Thumb Code     0  startup_stm32f407xx.o(.text)
    EXTI4_IRQHandler                         0x080001b7   Thumb Code     0  startup_stm32f407xx.o(.text)
    EXTI9_5_IRQHandler                       0x080001b7   Thumb Code     0  startup_stm32f407xx.o(.text)
    FLASH_IRQHandler                         0x080001b7   Thumb Code     0  startup_stm32f407xx.o(.text)
    FMC_IRQHandler                           0x080001b7   Thumb Code     0  startup_stm32f407xx.o(.text)
    FPU_IRQHandler                           0x080001b7   Thumb Code     0  startup_stm32f407xx.o(.text)
    HASH_RNG_IRQHandler                      0x080001b7   Thumb Code     0  startup_stm32f407xx.o(.text)
    I2C1_ER_IRQHandler                       0x080001b7   Thumb Code     0  startup_stm32f407xx.o(.text)
    I2C1_EV_IRQHandler                       0x080001b7   Thumb Code     0  startup_stm32f407xx.o(.text)
    I2C2_ER_IRQHandler                       0x080001b7   Thumb Code     0  startup_stm32f407xx.o(.text)
    I2C2_EV_IRQHandler                       0x080001b7   Thumb Code     0  startup_stm32f407xx.o(.text)
    I2C3_ER_IRQHandler                       0x080001b7   Thumb Code     0  startup_stm32f407xx.o(.text)
    I2C3_EV_IRQHandler                       0x080001b7   Thumb Code     0  startup_stm32f407xx.o(.text)
    OTG_FS_IRQHandler                        0x080001b7   Thumb Code     0  startup_stm32f407xx.o(.text)
    OTG_FS_WKUP_IRQHandler                   0x080001b7   Thumb Code     0  startup_stm32f407xx.o(.text)
    OTG_HS_EP1_IN_IRQHandler                 0x080001b7   Thumb Code     0  startup_stm32f407xx.o(.text)
    OTG_HS_EP1_OUT_IRQHandler                0x080001b7   Thumb Code     0  startup_stm32f407xx.o(.text)
    OTG_HS_IRQHandler                        0x080001b7   Thumb Code     0  startup_stm32f407xx.o(.text)
    OTG_HS_WKUP_IRQHandler                   0x080001b7   Thumb Code     0  startup_stm32f407xx.o(.text)
    PVD_IRQHandler                           0x080001b7   Thumb Code     0  startup_stm32f407xx.o(.text)
    RCC_IRQHandler                           0x080001b7   Thumb Code     0  startup_stm32f407xx.o(.text)
    RTC_Alarm_IRQHandler                     0x080001b7   Thumb Code     0  startup_stm32f407xx.o(.text)
    RTC_WKUP_IRQHandler                      0x080001b7   Thumb Code     0  startup_stm32f407xx.o(.text)
    SDIO_IRQHandler                          0x080001b7   Thumb Code     0  startup_stm32f407xx.o(.text)
    SPI1_IRQHandler                          0x080001b7   Thumb Code     0  startup_stm32f407xx.o(.text)
    SPI2_IRQHandler                          0x080001b7   Thumb Code     0  startup_stm32f407xx.o(.text)
    SPI3_IRQHandler                          0x080001b7   Thumb Code     0  startup_stm32f407xx.o(.text)
    TAMP_STAMP_IRQHandler                    0x080001b7   Thumb Code     0  startup_stm32f407xx.o(.text)
    TIM1_CC_IRQHandler                       0x080001b7   Thumb Code     0  startup_stm32f407xx.o(.text)
    TIM1_TRG_COM_TIM11_IRQHandler            0x080001b7   Thumb Code     0  startup_stm32f407xx.o(.text)
    TIM1_UP_TIM10_IRQHandler                 0x080001b7   Thumb Code     0  startup_stm32f407xx.o(.text)
    TIM3_IRQHandler                          0x080001b7   Thumb Code     0  startup_stm32f407xx.o(.text)
    TIM4_IRQHandler                          0x080001b7   Thumb Code     0  startup_stm32f407xx.o(.text)
    TIM5_IRQHandler                          0x080001b7   Thumb Code     0  startup_stm32f407xx.o(.text)
    TIM6_DAC_IRQHandler                      0x080001b7   Thumb Code     0  startup_stm32f407xx.o(.text)
    TIM7_IRQHandler                          0x080001b7   Thumb Code     0  startup_stm32f407xx.o(.text)
    TIM8_BRK_TIM12_IRQHandler                0x080001b7   Thumb Code     0  startup_stm32f407xx.o(.text)
    TIM8_CC_IRQHandler                       0x080001b7   Thumb Code     0  startup_stm32f407xx.o(.text)
    TIM8_TRG_COM_TIM14_IRQHandler            0x080001b7   Thumb Code     0  startup_stm32f407xx.o(.text)
    TIM8_UP_TIM13_IRQHandler                 0x080001b7   Thumb Code     0  startup_stm32f407xx.o(.text)
    UART4_IRQHandler                         0x080001b7   Thumb Code     0  startup_stm32f407xx.o(.text)
    UART5_IRQHandler                         0x080001b7   Thumb Code     0  startup_stm32f407xx.o(.text)
    USART1_IRQHandler                        0x080001b7   Thumb Code     0  startup_stm32f407xx.o(.text)
    USART2_IRQHandler                        0x080001b7   Thumb Code     0  startup_stm32f407xx.o(.text)
    USART3_IRQHandler                        0x080001b7   Thumb Code     0  startup_stm32f407xx.o(.text)
    USART6_IRQHandler                        0x080001b7   Thumb Code     0  startup_stm32f407xx.o(.text)
    WWDG_IRQHandler                          0x080001b7   Thumb Code     0  startup_stm32f407xx.o(.text)
    rt_hw_interrupt_disable                  0x080001c1   Thumb Code     8  context_rvds.o(.text)
    rt_hw_interrupt_enable                   0x080001c9   Thumb Code     6  context_rvds.o(.text)
    rt_hw_context_switch                     0x080001cf   Thumb Code    32  context_rvds.o(.text)
    rt_hw_context_switch_interrupt           0x080001cf   Thumb Code     0  context_rvds.o(.text)
    PendSV_Handler                           0x080001ef   Thumb Code   108  context_rvds.o(.text)
    rt_hw_context_switch_to                  0x0800025b   Thumb Code    76  context_rvds.o(.text)
    rt_hw_interrupt_thread_switch            0x080002a7   Thumb Code     2  context_rvds.o(.text)
    HardFault_Handler                        0x080002a9   Thumb Code    56  context_rvds.o(.text)
    __aeabi_uldivmod                         0x080002fd   Thumb Code    98  uldiv.o(.text)
    __aeabi_memset                           0x0800035f   Thumb Code    14  memseta.o(.text)
    __aeabi_memset4                          0x0800035f   Thumb Code     0  memseta.o(.text)
    __aeabi_memset8                          0x0800035f   Thumb Code     0  memseta.o(.text)
    __aeabi_memclr                           0x0800036d   Thumb Code     4  memseta.o(.text)
    __aeabi_memclr4                          0x0800036d   Thumb Code     0  memseta.o(.text)
    __aeabi_memclr8                          0x0800036d   Thumb Code     0  memseta.o(.text)
    _memset$wrapper                          0x08000371   Thumb Code    18  memseta.o(.text)
    strncpy                                  0x08000383   Thumb Code    24  strncpy.o(.text)
    strlen                                   0x0800039b   Thumb Code    14  strlen.o(.text)
    strcmp                                   0x080003a9   Thumb Code    28  strcmp.o(.text)
    strncmp                                  0x080003c5   Thumb Code    30  strncmp.o(.text)
    __aeabi_llsl                             0x080003e3   Thumb Code    30  llshl.o(.text)
    _ll_shift_l                              0x080003e3   Thumb Code     0  llshl.o(.text)
    __aeabi_llsr                             0x08000401   Thumb Code    32  llushr.o(.text)
    _ll_ushift_r                             0x08000401   Thumb Code     0  llushr.o(.text)
    __scatterload                            0x08000421   Thumb Code    28  init.o(.text)
    __scatterload_rt2                        0x08000421   Thumb Code     0  init.o(.text)
    main                                     0x08000445   Thumb Code    10  components.o(.text.$Sub$$main)
    BusFault_Handler                         0x08000451   Thumb Code     2  stm32f4xx_it.o(.text.BusFault_Handler)
    DebugMon_Handler                         0x08000455   Thumb Code     2  stm32f4xx_it.o(.text.DebugMon_Handler)
    Error_Handler                            0x08000459   Thumb Code     6  main.o(.text.Error_Handler)
    HAL_GPIO_Init                            0x08000461   Thumb Code   410  stm32f4xx_hal_gpio.o(.text.HAL_GPIO_Init)
    HAL_GPIO_TogglePin                       0x080005fd   Thumb Code    16  stm32f4xx_hal_gpio.o(.text.HAL_GPIO_TogglePin)
    HAL_GPIO_WritePin                        0x0800060d   Thumb Code    10  stm32f4xx_hal_gpio.o(.text.HAL_GPIO_WritePin)
    HAL_GetTick                              0x08000619   Thumb Code    12  stm32f4xx_hal.o(.text.HAL_GetTick)
    HAL_IncTick                              0x08000625   Thumb Code    26  stm32f4xx_hal.o(.text.HAL_IncTick)
    HAL_Init                                 0x08000641   Thumb Code    54  stm32f4xx_hal.o(.text.HAL_Init)
    HAL_InitTick                             0x08000679   Thumb Code   170  stm32f4xx_hal_timebase_tim.o(.text.HAL_InitTick)
    HAL_MspInit                              0x08000725   Thumb Code    56  stm32f4xx_hal_msp.o(.text.HAL_MspInit)
    HAL_NVIC_EnableIRQ                       0x0800075d   Thumb Code     8  stm32f4xx_hal_cortex.o(.text.HAL_NVIC_EnableIRQ)
    HAL_NVIC_SetPriority                     0x08000765   Thumb Code    30  stm32f4xx_hal_cortex.o(.text.HAL_NVIC_SetPriority)
    HAL_NVIC_SetPriorityGrouping             0x08000785   Thumb Code     8  stm32f4xx_hal_cortex.o(.text.HAL_NVIC_SetPriorityGrouping)
    HAL_RCC_ClockConfig                      0x0800078d   Thumb Code   352  stm32f4xx_hal_rcc.o(.text.HAL_RCC_ClockConfig)
    HAL_RCC_GetClockConfig                   0x080008ed   Thumb Code    62  stm32f4xx_hal_rcc.o(.text.HAL_RCC_GetClockConfig)
    HAL_RCC_GetHCLKFreq                      0x0800092d   Thumb Code    12  stm32f4xx_hal_rcc.o(.text.HAL_RCC_GetHCLKFreq)
    HAL_RCC_GetPCLK1Freq                     0x08000939   Thumb Code    34  stm32f4xx_hal_rcc.o(.text.HAL_RCC_GetPCLK1Freq)
    HAL_RCC_GetPCLK2Freq                     0x0800095d   Thumb Code    34  stm32f4xx_hal_rcc.o(.text.HAL_RCC_GetPCLK2Freq)
    HAL_RCC_GetSysClockFreq                  0x08000981   Thumb Code   104  stm32f4xx_hal_rcc.o(.text.HAL_RCC_GetSysClockFreq)
    HAL_RCC_OscConfig                        0x080009e9   Thumb Code   840  stm32f4xx_hal_rcc.o(.text.HAL_RCC_OscConfig)
    HAL_SYSTICK_Config                       0x08000d31   Thumb Code     8  stm32f4xx_hal_cortex.o(.text.HAL_SYSTICK_Config)
    HAL_TIMEx_BreakCallback                  0x08000d39   Thumb Code     2  stm32f4xx_hal_tim_ex.o(.text.HAL_TIMEx_BreakCallback)
    HAL_TIMEx_CommutCallback                 0x08000d3d   Thumb Code     2  stm32f4xx_hal_tim_ex.o(.text.HAL_TIMEx_CommutCallback)
    HAL_TIMEx_MasterConfigSynchronization    0x08000d41   Thumb Code   184  stm32f4xx_hal_tim_ex.o(.text.HAL_TIMEx_MasterConfigSynchronization)
    HAL_TIM_Base_Init                        0x08000df9   Thumb Code    90  stm32f4xx_hal_tim.o(.text.HAL_TIM_Base_Init)
    HAL_TIM_Base_MspInit                     0x08000e55   Thumb Code    70  tim.o(.text.HAL_TIM_Base_MspInit)
    HAL_TIM_Base_Start_IT                    0x08000e9d   Thumb Code   168  stm32f4xx_hal_tim.o(.text.HAL_TIM_Base_Start_IT)
    HAL_TIM_ConfigClockSource                0x08000f45   Thumb Code   222  stm32f4xx_hal_tim.o(.text.HAL_TIM_ConfigClockSource)
    HAL_TIM_IC_CaptureCallback               0x08001025   Thumb Code     2  stm32f4xx_hal_tim.o(.text.HAL_TIM_IC_CaptureCallback)
    HAL_TIM_IRQHandler                       0x08001029   Thumb Code   308  stm32f4xx_hal_tim.o(.text.HAL_TIM_IRQHandler)
    HAL_TIM_OC_DelayElapsedCallback          0x0800115d   Thumb Code     2  stm32f4xx_hal_tim.o(.text.HAL_TIM_OC_DelayElapsedCallback)
    HAL_TIM_PWM_PulseFinishedCallback        0x08001161   Thumb Code     2  stm32f4xx_hal_tim.o(.text.HAL_TIM_PWM_PulseFinishedCallback)
    HAL_TIM_PeriodElapsedCallback            0x08001165   Thumb Code    16  main.o(.text.HAL_TIM_PeriodElapsedCallback)
    HAL_TIM_TriggerCallback                  0x08001175   Thumb Code     2  stm32f4xx_hal_tim.o(.text.HAL_TIM_TriggerCallback)
    HAL_UART_Init                            0x08001179   Thumb Code    96  stm32f4xx_hal_uart.o(.text.HAL_UART_Init)
    HAL_UART_MspInit                         0x080011d9   Thumb Code   262  usart.o(.text.HAL_UART_MspInit)
    HAL_UART_Receive                         0x080012e1   Thumb Code   194  stm32f4xx_hal_uart.o(.text.HAL_UART_Receive)
    HAL_UART_Receive_IT                      0x080013a5   Thumb Code    42  stm32f4xx_hal_uart.o(.text.HAL_UART_Receive_IT)
    HAL_UART_Transmit                        0x080013d1   Thumb Code   180  stm32f4xx_hal_uart.o(.text.HAL_UART_Transmit)
    MX_GPIO_Init                             0x08001485   Thumb Code   146  gpio.o(.text.MX_GPIO_Init)
    MX_TIM1_Init                             0x08001519   Thumb Code   122  tim.o(.text.MX_TIM1_Init)
    MX_USART1_UART_Init                      0x08001595   Thumb Code    56  usart.o(.text.MX_USART1_UART_Init)
    MX_USART2_UART_Init                      0x080015cd   Thumb Code    56  usart.o(.text.MX_USART2_UART_Init)
    MX_USART3_UART_Init                      0x08001605   Thumb Code    56  usart.o(.text.MX_USART3_UART_Init)
    MemManage_Handler                        0x0800163d   Thumb Code     2  stm32f4xx_it.o(.text.MemManage_Handler)
    NMI_Handler                              0x08001641   Thumb Code     2  stm32f4xx_it.o(.text.NMI_Handler)
    SysTick_Handler                          0x080016a1   Thumb Code    16  board.o(.text.SysTick_Handler)
    SystemClock_Config                       0x080016b1   Thumb Code   160  main.o(.text.SystemClock_Config)
    SystemCoreClockUpdate                    0x08001751   Thumb Code   126  system_stm32f4xx.o(.text.SystemCoreClockUpdate)
    SystemInit                               0x080017d1   Thumb Code    18  system_stm32f4xx.o(.text.SystemInit)
    TIM1_BRK_TIM9_IRQHandler                 0x080017e5   Thumb Code    16  stm32f4xx_it.o(.text.TIM1_BRK_TIM9_IRQHandler)
    TIM2_IRQHandler                          0x080017f5   Thumb Code    16  stm32f4xx_it.o(.text.TIM2_IRQHandler)
    TIM_Base_SetConfig                       0x08001805   Thumb Code   300  stm32f4xx_hal_tim.o(.text.TIM_Base_SetConfig)
    TIM_ETR_SetConfig                        0x08001931   Thumb Code    22  stm32f4xx_hal_tim.o(.text.TIM_ETR_SetConfig)
    UART_Start_Receive_IT                    0x08001acd   Thumb Code    52  stm32f4xx_hal_uart.o(.text.UART_Start_Receive_IT)
    UsageFault_Handler                       0x08001b89   Thumb Code     2  stm32f4xx_it.o(.text.UsageFault_Handler)
    __rt_ffs                                 0x08001c01   Thumb Code    56  kservice.o(.text.__rt_ffs)
    cmd_free                                 0x08001f79   Thumb Code    64  msh.o(.text.cmd_free)
    cmd_list                                 0x08001ff9   Thumb Code   180  cmd.o(.text.cmd_list)
    cmd_ps                                   0x08002139   Thumb Code    10  msh.o(.text.cmd_ps)
    finsh_get_prompt                         0x08002179   Thumb Code   104  shell.o(.text.finsh_get_prompt)
    finsh_getchar                            0x080021e1   Thumb Code     8  shell.o(.text.finsh_getchar)
    finsh_set_prompt_mode                    0x080021e9   Thumb Code    32  shell.o(.text.finsh_set_prompt_mode)
    finsh_system_function_init               0x08002209   Thumb Code    22  shell.o(.text.finsh_system_function_init)
    finsh_system_init                        0x08002221   Thumb Code   124  shell.o(.text.finsh_system_init)
    finsh_thread_entry                       0x080022c5   Thumb Code   860  shell.o(.text.finsh_thread_entry)
    fputc                                    0x08002631   Thumb Code    32  usart.o(.text.fputc)
    init_rt_thread                           0x080026cd   Thumb Code   204  rt_main.o(.text.init_rt_thread)
    list_mailbox                             0x08002865   Thumb Code   228  cmd.o(.text.list_mailbox)
    list_mempool                             0x080029b9   Thumb Code   224  cmd.o(.text.list_mempool)
    list_sem                                 0x08002b1d   Thumb Code   216  cmd.o(.text.list_sem)
    list_thread                              0x08002c55   Thumb Code   276  cmd.o(.text.list_thread)
    list_timer                               0x08002dd5   Thumb Code   228  cmd.o(.text.list_timer)
    $Super$$main                             0x08002f41   Thumb Code    52  main.o(.text.main)
    main_thread_entry                        0x08002f91   Thumb Code    12  components.o(.text.main_thread_entry)
    msh_auto_complete                        0x08003075   Thumb Code   156  msh.o(.text.msh_auto_complete)
    msh_exec                                 0x08003115   Thumb Code    92  msh.o(.text.msh_exec)
    msh_help                                 0x080031d9   Thumb Code    80  msh.o(.text.msh_help)
    rt_application_init                      0x0800359d   Thumb Code    44  components.o(.text.rt_application_init)
    rt_calloc                                0x080035d1   Thumb Code    30  kservice.o(.text.rt_calloc)
    rt_components_board_init                 0x080035f1   Thumb Code    44  components.o(.text.rt_components_board_init)
    rt_components_init                       0x0800361d   Thumb Code    44  components.o(.text.rt_components_init)
    rt_enter_critical                        0x08003691   Thumb Code    26  scheduler.o(.text.rt_enter_critical)
    rt_exit_critical                         0x080036ad   Thumb Code    62  scheduler.o(.text.rt_exit_critical)
    rt_free                                  0x080036ed   Thumb Code    30  kservice.o(.text.rt_free)
    rt_heap_begin_get                        0x0800370d   Thumb Code    10  board.o(.text.rt_heap_begin_get)
    rt_heap_end_get                          0x08003719   Thumb Code    14  board.o(.text.rt_heap_end_get)
    rt_hw_board_init                         0x08003729   Thumb Code    60  board.o(.text.rt_hw_board_init)
    rt_hw_console_getchar                    0x08003765   Thumb Code    46  board.o(.text.rt_hw_console_getchar)
    rt_hw_console_output                     0x08003795   Thumb Code    96  board.o(.text.rt_hw_console_output)
    rt_hw_cpu_reset                          0x080037f5   Thumb Code    18  cpuport.o(.text.rt_hw_cpu_reset)
    rt_hw_hard_fault_exception               0x08003809   Thumb Code   260  cpuport.o(.text.rt_hw_hard_fault_exception)
    rt_hw_stack_init                         0x080039ad   Thumb Code    66  cpuport.o(.text.rt_hw_stack_init)
    rt_interrupt_enter                       0x080039f1   Thumb Code    26  irq.o(.text.rt_interrupt_enter)
    rt_interrupt_leave                       0x08003a0d   Thumb Code    26  irq.o(.text.rt_interrupt_leave)
    rt_kprintf                               0x08003a29   Thumb Code    62  kservice.o(.text.rt_kprintf)
    rt_malloc                                0x08003b6d   Thumb Code    34  kservice.o(.text.rt_malloc)
    rt_mb_create                             0x08003b91   Thumb Code    80  ipc.o(.text.rt_mb_create)
    rt_mb_recv                               0x08003be1   Thumb Code   264  ipc.o(.text.rt_mb_recv)
    rt_memcpy                                0x08003ce9   Thumb Code   120  kservice.o(.text.rt_memcpy)
    rt_memmove                               0x08003d61   Thumb Code    58  kservice.o(.text.rt_memmove)
    rt_memory_info                           0x08003d9d   Thumb Code    28  kservice.o(.text.rt_memory_info)
    rt_memset                                0x08003db9   Thumb Code    92  kservice.o(.text.rt_memset)
    rt_object_allocate                       0x08003e15   Thumb Code    80  object.o(.text.rt_object_allocate)
    rt_object_delete                         0x08003e65   Thumb Code    36  object.o(.text.rt_object_delete)
    rt_object_detach                         0x08003e89   Thumb Code    30  object.o(.text.rt_object_detach)
    rt_object_get_information                0x08003ea9   Thumb Code    34  object.o(.text.rt_object_get_information)
    rt_object_init                           0x08003ecd   Thumb Code    80  object.o(.text.rt_object_init)
    rt_object_is_systemobject                0x08003f1d   Thumb Code     6  object.o(.text.rt_object_is_systemobject)
    rt_schedule                              0x08003f25   Thumb Code   256  scheduler.o(.text.rt_schedule)
    rt_schedule_insert_thread                0x08004025   Thumb Code   108  scheduler.o(.text.rt_schedule_insert_thread)
    rt_schedule_remove_thread                0x08004091   Thumb Code    66  scheduler.o(.text.rt_schedule_remove_thread)
    rt_sem_init                              0x080040d5   Thumb Code    30  ipc.o(.text.rt_sem_init)
    rt_show_version                          0x080040f5   Thumb Code    56  kservice.o(.text.rt_show_version)
    rt_smem_alloc                            0x080041b9   Thumb Code   220  mem.o(.text.rt_smem_alloc)
    rt_smem_free                             0x08004295   Thumb Code    58  mem.o(.text.rt_smem_free)
    rt_smem_init                             0x080042d1   Thumb Code   140  mem.o(.text.rt_smem_init)
    rt_sprintf                               0x080043a1   Thumb Code    28  kservice.o(.text.rt_sprintf)
    rt_strerror                              0x080043bd   Thumb Code    28  kservice.o(.text.rt_strerror)
    rt_strlen                                0x08004409   Thumb Code    16  kservice.o(.text.rt_strlen)
    rt_strncpy                               0x08004419   Thumb Code    50  kservice.o(.text.rt_strncpy)
    rt_system_heap_init                      0x0800444d   Thumb Code    36  kservice.o(.text.rt_system_heap_init)
    rt_system_scheduler_init                 0x08004479   Thumb Code    52  scheduler.o(.text.rt_system_scheduler_init)
    rt_system_scheduler_start                0x080044ad   Thumb Code    46  scheduler.o(.text.rt_system_scheduler_start)
    rt_system_timer_init                     0x080044dd   Thumb Code    16  timer.o(.text.rt_system_timer_init)
    rt_system_timer_thread_init              0x080044ed   Thumb Code     2  timer.o(.text.rt_system_timer_thread_init)
    rt_thread_create                         0x080044f1   Thumb Code    74  thread.o(.text.rt_thread_create)
    rt_thread_defunct_dequeue                0x0800453d   Thumb Code    48  idle.o(.text.rt_thread_defunct_dequeue)
    rt_thread_defunct_enqueue                0x0800456d   Thumb Code    10  idle.o(.text.rt_thread_defunct_enqueue)
    rt_thread_idle_init                      0x0800459d   Thumb Code    80  idle.o(.text.rt_thread_idle_init)
    rt_thread_init                           0x080045f5   Thumb Code    56  thread.o(.text.rt_thread_init)
    rt_thread_mdelay                         0x0800462d   Thumb Code    12  thread.o(.text.rt_thread_mdelay)
    rt_thread_resume                         0x08004639   Thumb Code    60  thread.o(.text.rt_thread_resume)
    rt_thread_self                           0x08004675   Thumb Code    12  thread.o(.text.rt_thread_self)
    rt_thread_sleep                          0x08004681   Thumb Code    72  thread.o(.text.rt_thread_sleep)
    rt_thread_startup                        0x080046c9   Thumb Code    40  thread.o(.text.rt_thread_startup)
    rt_thread_suspend                        0x080046f1   Thumb Code    66  thread.o(.text.rt_thread_suspend)
    rt_tick_from_millisecond                 0x08004735   Thumb Code    58  clock.o(.text.rt_tick_from_millisecond)
    rt_tick_get                              0x08004771   Thumb Code    12  clock.o(.text.rt_tick_get)
    rt_tick_increase                         0x0800477d   Thumb Code    78  clock.o(.text.rt_tick_increase)
    rt_timer_check                           0x080047cd   Thumb Code   174  timer.o(.text.rt_timer_check)
    rt_timer_control                         0x0800487d   Thumb Code    84  timer.o(.text.rt_timer_control)
    rt_timer_create                          0x080048d1   Thumb Code    50  timer.o(.text.rt_timer_create)
    rt_timer_detach                          0x08004905   Thumb Code    40  timer.o(.text.rt_timer_detach)
    rt_timer_init                            0x0800492d   Thumb Code    44  timer.o(.text.rt_timer_init)
    rt_timer_start                           0x08004959   Thumb Code   122  timer.o(.text.rt_timer_start)
    rt_timer_stop                            0x080049d5   Thumb Code    46  timer.o(.text.rt_timer_stop)
    rt_vsnprintf                             0x08004a05   Thumb Code   782  kservice.o(.text.rt_vsnprintf)
    rt_vsprintf                              0x08004d15   Thumb Code    16  kservice.o(.text.rt_vsprintf)
    rtthread_startup                         0x08004d35   Thumb Code    42  components.o(.text.rtthread_startup)
    thread_1_entry                           0x08004e3d   Thumb Code    42  rt_main.o(.text.thread_1_entry)
    thread_2_entry                           0x08004e69   Thumb Code    60  rt_main.o(.text.thread_2_entry)
    timer1_callback                          0x08004eb1   Thumb Code    18  rt_main.o(.text.timer1_callback)
    timer2_callback                          0x08004ec5   Thumb Code     2  rt_main.o(.text.timer2_callback)
    uart_2_rx_handler                        0x08004ec9   Thumb Code     2  rt_main.o(.text.uart_2_rx_handler)
    uart_3_rx_handler                        0x08004ecd   Thumb Code    24  rt_main.o(.text.uart_3_rx_handler)
    uart_link_init                           0x08004f3d   Thumb Code   108  serial.o(.text.uart_link_init)
    version                                  0x08005081   Thumb Code    10  cmd.o(.text.version)
    __0printf$8                              0x0800508d   Thumb Code    22  printf8.o(i.__0printf$8)
    __1printf$8                              0x0800508d   Thumb Code     0  printf8.o(i.__0printf$8)
    __2printf                                0x0800508d   Thumb Code     0  printf8.o(i.__0printf$8)
    __scatterload_copy                       0x080050ad   Thumb Code    14  handlers.o(i.__scatterload_copy)
    __scatterload_null                       0x080050bb   Thumb Code     2  handlers.o(i.__scatterload_null)
    __scatterload_zeroinit                   0x080050bd   Thumb Code    14  handlers.o(i.__scatterload_zeroinit)
    puts                                     0x08005531   Thumb Code    30  puts.o(i.puts)
    AHBPrescTable                            0x08005554   Data          16  system_stm32f4xx.o(.rodata.AHBPrescTable)
    APBPrescTable                            0x08005564   Data           8  system_stm32f4xx.o(.rodata.APBPrescTable)
    __lowest_bit_bitmap                      0x0800556c   Data         256  kservice.o(.rodata.__lowest_bit_bitmap)
    __fsym_clear_name                        0x0800566c   Data           6  cmd.o(.rodata.name)
    __fsym_clear_desc                        0x08005672   Data          26  cmd.o(.rodata.name)
    __fsym_version_name                      0x0800568c   Data           8  cmd.o(.rodata.name)
    __fsym_version_desc                      0x08005694   Data          35  cmd.o(.rodata.name)
    __fsym_list_thread_name                  0x080056b7   Data          12  cmd.o(.rodata.name)
    __fsym_list_thread_desc                  0x080056c3   Data          12  cmd.o(.rodata.name)
    __fsym_list_sem_name                     0x080056cf   Data           9  cmd.o(.rodata.name)
    __fsym_list_sem_desc                     0x080056d8   Data          25  cmd.o(.rodata.name)
    __fsym_list_mailbox_name                 0x080056f1   Data          13  cmd.o(.rodata.name)
    __fsym_list_mailbox_desc                 0x080056fe   Data          24  cmd.o(.rodata.name)
    __fsym_list_mempool_name                 0x08005716   Data          13  cmd.o(.rodata.name)
    __fsym_list_mempool_desc                 0x08005723   Data          27  cmd.o(.rodata.name)
    __fsym_list_timer_name                   0x0800573e   Data          11  cmd.o(.rodata.name)
    __fsym_list_timer_desc                   0x08005749   Data          21  cmd.o(.rodata.name)
    __fsym_list_name                         0x0800575e   Data           5  cmd.o(.rodata.name)
    __fsym_list_desc                         0x08005763   Data          13  cmd.o(.rodata.name)
    __fsym_help_name                         0x08005770   Data           5  msh.o(.rodata.name)
    __fsym_help_desc                         0x08005775   Data          22  msh.o(.rodata.name)
    __fsym_ps_name                           0x0800578b   Data           3  msh.o(.rodata.name)
    __fsym_ps_desc                           0x0800578e   Data          28  msh.o(.rodata.name)
    __fsym_free_name                         0x080057aa   Data           5  msh.o(.rodata.name)
    __fsym_free_desc                         0x080057af   Data          37  msh.o(.rodata.name)
    __fsym_reboot_name                       0x080057d4   Data           7  board.o(.rodata.name)
    __fsym_reboot_desc                       0x080057db   Data          14  board.o(.rodata.name)
    __rt_init_rti_start                      0x08005a24   Data           4  components.o(.rti_fn.0)
    __rt_init_rti_board_start                0x08005a28   Data           4  components.o(.rti_fn.0.end)
    __rt_init_uart_init                      0x08005a2c   Data           4  board.o(.rti_fn.1)
    __rt_init_rti_board_end                  0x08005a30   Data           4  components.o(.rti_fn.1.end)
    __rt_init_finsh_system_init              0x08005a34   Data           4  shell.o(.rti_fn.6)
    __rt_init_rti_end                        0x08005a38   Data           4  components.o(.rti_fn.6.end)
    FSymTab$$Base                            0x08005a3c   Number         0  cmd.o(FSymTab)
    __fsym_clear                             0x08005a3c   Data          12  cmd.o(FSymTab)
    __fsym_version                           0x08005a48   Data          12  cmd.o(FSymTab)
    __fsym_list_thread                       0x08005a54   Data          12  cmd.o(FSymTab)
    __fsym_list_sem                          0x08005a60   Data          12  cmd.o(FSymTab)
    __fsym_list_mailbox                      0x08005a6c   Data          12  cmd.o(FSymTab)
    __fsym_list_mempool                      0x08005a78   Data          12  cmd.o(FSymTab)
    __fsym_list_timer                        0x08005a84   Data          12  cmd.o(FSymTab)
    __fsym_list                              0x08005a90   Data          12  cmd.o(FSymTab)
    __fsym_help                              0x08005a9c   Data          12  msh.o(FSymTab)
    __fsym_ps                                0x08005aa8   Data          12  msh.o(FSymTab)
    __fsym_free                              0x08005ab4   Data          12  msh.o(FSymTab)
    __fsym_reboot                            0x08005ac0   Data          12  board.o(FSymTab)
    FSymTab$$Limit                           0x08005acc   Number         0  board.o(FSymTab)
    Region$$Table$$Base                      0x08005acc   Number         0  anon$$obj.o(Region$$Table)
    Region$$Table$$Limit                     0x08005aec   Number         0  anon$$obj.o(Region$$Table)
    __stdout                                 0x20000000   Data           4  stdout.o(.data)
    SystemCoreClock                          0x20000004   Data           4  system_stm32f4xx.o(.data.SystemCoreClock)
    uwTickFreq                               0x20000070   Data           1  stm32f4xx_hal.o(.data.uwTickFreq)
    uwTickPrio                               0x20000074   Data           4  stm32f4xx_hal.o(.data.uwTickPrio)
    _syscall_table_begin                     0x200000c0   Data           4  shell.o(.bss._syscall_table_begin)
    _syscall_table_end                       0x200000c4   Data           4  shell.o(.bss._syscall_table_end)
    htim1                                    0x20000158   Data          72  tim.o(.bss.htim1)
    htim2                                    0x200001a0   Data          72  stm32f4xx_hal_timebase_tim.o(.bss.htim2)
    huart1                                   0x200001e8   Data          72  usart.o(.bss.huart1)
    huart2                                   0x20000230   Data          72  usart.o(.bss.huart2)
    huart3                                   0x20000278   Data          72  usart.o(.bss.huart3)
    mb1                                      0x20000348   Data           4  rt_main.o(.bss.mb1)
    mb2                                      0x2000034c   Data           4  rt_main.o(.bss.mb2)
    rt_current_priority                      0x20000350   Data           1  scheduler.o(.bss.rt_current_priority)
    rt_current_thread                        0x20000354   Data           4  scheduler.o(.bss.rt_current_thread)
    rt_interrupt_from_thread                 0x2000f35c   Data           4  cpuport.o(.bss.rt_interrupt_from_thread)
    rt_interrupt_nest                        0x2000f360   Data           1  irq.o(.bss.rt_interrupt_nest)
    rt_interrupt_to_thread                   0x2000f364   Data           4  cpuport.o(.bss.rt_interrupt_to_thread)
    rt_thread_priority_table                 0x2000f3ec   Data         256  scheduler.o(.bss.rt_thread_priority_table)
    rt_thread_ready_priority_group           0x2000f4ec   Data           4  scheduler.o(.bss.rt_thread_ready_priority_group)
    rt_thread_switch_interrupt_flag          0x2000f5f0   Data           4  cpuport.o(.bss.rt_thread_switch_interrupt_flag)
    rx2data                                  0x2000f5fc   Data           1  rt_main.o(.bss.rx2data)
    rx3data                                  0x2000f5fd   Data           1  rt_main.o(.bss.rx3data)
    shell                                    0x2000f600   Data           4  shell.o(.bss.shell)
    tim1                                     0x2000f608   Data           4  rt_main.o(.bss.tim1)
    tim2                                     0x2000f60c   Data           4  rt_main.o(.bss.tim2)
    uart2_rx_ctx                             0x2000f610   Data         208  serial.o(.bss.uart2_rx_ctx)
    uart3_rx_ctx                             0x2000f6e0   Data         208  serial.o(.bss.uart3_rx_ctx)
    uwTick                                   0x2000f7b0   Data           4  stm32f4xx_hal.o(.bss.uwTick)
    __initial_sp                             0x2000fbb8   Data           0  startup_stm32f407xx.o(STACK)



==============================================================================

Memory Map of the image

  Image Entry point : 0x08000189

  Load Region LR_IROM1 (Base: 0x08000000, Size: 0x00005b68, Max: 0x00080000, ABSOLUTE)

    Execution Region ER_IROM1 (Exec base: 0x08000000, Load base: 0x08000000, Size: 0x00005aec, Max: 0x00080000, ABSOLUTE)

    Exec Addr    Load Addr    Size         Type   Attr      Idx    E Section Name        Object

    0x08000000   0x08000000   0x00000188   Data   RO            3    RESET               startup_stm32f407xx.o
    0x08000188   0x08000188   0x00000000   Code   RO         1768  * .ARM.Collect$$$$00000000  mc_w.l(entry.o)
    0x08000188   0x08000188   0x00000004   Code   RO         2080    .ARM.Collect$$$$00000001  mc_w.l(entry2.o)
    0x0800018c   0x0800018c   0x00000004   Code   RO         2083    .ARM.Collect$$$$00000004  mc_w.l(entry5.o)
    0x08000190   0x08000190   0x00000000   Code   RO         2085    .ARM.Collect$$$$00000008  mc_w.l(entry7b.o)
    0x08000190   0x08000190   0x00000000   Code   RO         2087    .ARM.Collect$$$$0000000A  mc_w.l(entry8b.o)
    0x08000190   0x08000190   0x00000008   Code   RO         2088    .ARM.Collect$$$$0000000B  mc_w.l(entry9a.o)
    0x08000198   0x08000198   0x00000000   Code   RO         2090    .ARM.Collect$$$$0000000D  mc_w.l(entry10a.o)
    0x08000198   0x08000198   0x00000000   Code   RO         2092    .ARM.Collect$$$$0000000F  mc_w.l(entry11a.o)
    0x08000198   0x08000198   0x00000004   Code   RO         2081    .ARM.Collect$$$$00002712  mc_w.l(entry2.o)
    0x0800019c   0x0800019c   0x00000024   Code   RO            4    .text               startup_stm32f407xx.o
    0x080001c0   0x080001c0   0x0000013c   Code   RO         1233    .text               context_rvds.o
    0x080002fc   0x080002fc   0x00000062   Code   RO         1775    .text               mc_w.l(uldiv.o)
    0x0800035e   0x0800035e   0x00000024   Code   RO         1807    .text               mc_w.l(memseta.o)
    0x08000382   0x08000382   0x00000018   Code   RO         1809    .text               mc_w.l(strncpy.o)
    0x0800039a   0x0800039a   0x0000000e   Code   RO         1811    .text               mc_w.l(strlen.o)
    0x080003a8   0x080003a8   0x0000001c   Code   RO         1813    .text               mc_w.l(strcmp.o)
    0x080003c4   0x080003c4   0x0000001e   Code   RO         1817    .text               mc_w.l(strncmp.o)
    0x080003e2   0x080003e2   0x0000001e   Code   RO         2106    .text               mc_w.l(llshl.o)
    0x08000400   0x08000400   0x00000020   Code   RO         2108    .text               mc_w.l(llushr.o)
    0x08000420   0x08000420   0x00000024   Code   RO         2121    .text               mc_w.l(init.o)
    0x08000444   0x08000444   0x0000000a   Code   RO         1329    .text.$Sub$$main    components.o
    0x0800044e   0x0800044e   0x00000002   PAD
    0x08000450   0x08000450   0x00000002   Code   RO           79    .text.BusFault_Handler  stm32f4xx_it.o
    0x08000452   0x08000452   0x00000002   PAD
    0x08000454   0x08000454   0x00000002   Code   RO           83    .text.DebugMon_Handler  stm32f4xx_it.o
    0x08000456   0x08000456   0x00000002   PAD
    0x08000458   0x08000458   0x00000006   Code   RO           15    .text.Error_Handler  main.o
    0x0800045e   0x0800045e   0x00000002   PAD
    0x08000460   0x08000460   0x0000019a   Code   RO          597    .text.HAL_GPIO_Init  stm32f4xx_hal_gpio.o
    0x080005fa   0x080005fa   0x00000002   PAD
    0x080005fc   0x080005fc   0x00000010   Code   RO          605    .text.HAL_GPIO_TogglePin  stm32f4xx_hal_gpio.o
    0x0800060c   0x0800060c   0x0000000a   Code   RO          603    .text.HAL_GPIO_WritePin  stm32f4xx_hal_gpio.o
    0x08000616   0x08000616   0x00000002   PAD
    0x08000618   0x08000618   0x0000000c   Code   RO          827    .text.HAL_GetTick   stm32f4xx_hal.o
    0x08000624   0x08000624   0x0000001a   Code   RO          825    .text.HAL_IncTick   stm32f4xx_hal.o
    0x0800063e   0x0800063e   0x00000002   PAD
    0x08000640   0x08000640   0x00000036   Code   RO          815    .text.HAL_Init      stm32f4xx_hal.o
    0x08000676   0x08000676   0x00000002   PAD
    0x08000678   0x08000678   0x000000aa   Code   RO          104    .text.HAL_InitTick  stm32f4xx_hal_timebase_tim.o
    0x08000722   0x08000722   0x00000002   PAD
    0x08000724   0x08000724   0x00000038   Code   RO           96    .text.HAL_MspInit   stm32f4xx_hal_msp.o
    0x0800075c   0x0800075c   0x00000008   Code   RO          749    .text.HAL_NVIC_EnableIRQ  stm32f4xx_hal_cortex.o
    0x08000764   0x08000764   0x0000001e   Code   RO          741    .text.HAL_NVIC_SetPriority  stm32f4xx_hal_cortex.o
    0x08000782   0x08000782   0x00000002   PAD
    0x08000784   0x08000784   0x00000008   Code   RO          737    .text.HAL_NVIC_SetPriorityGrouping  stm32f4xx_hal_cortex.o
    0x0800078c   0x0800078c   0x00000160   Code   RO          461    .text.HAL_RCC_ClockConfig  stm32f4xx_hal_rcc.o
    0x080008ec   0x080008ec   0x0000003e   Code   RO          479    .text.HAL_RCC_GetClockConfig  stm32f4xx_hal_rcc.o
    0x0800092a   0x0800092a   0x00000002   PAD
    0x0800092c   0x0800092c   0x0000000c   Code   RO          471    .text.HAL_RCC_GetHCLKFreq  stm32f4xx_hal_rcc.o
    0x08000938   0x08000938   0x00000022   Code   RO          473    .text.HAL_RCC_GetPCLK1Freq  stm32f4xx_hal_rcc.o
    0x0800095a   0x0800095a   0x00000002   PAD
    0x0800095c   0x0800095c   0x00000022   Code   RO          475    .text.HAL_RCC_GetPCLK2Freq  stm32f4xx_hal_rcc.o
    0x0800097e   0x0800097e   0x00000002   PAD
    0x08000980   0x08000980   0x00000068   Code   RO          463    .text.HAL_RCC_GetSysClockFreq  stm32f4xx_hal_rcc.o
    0x080009e8   0x080009e8   0x00000348   Code   RO          459    .text.HAL_RCC_OscConfig  stm32f4xx_hal_rcc.o
    0x08000d30   0x08000d30   0x00000008   Code   RO          761    .text.HAL_SYSTICK_Config  stm32f4xx_hal_cortex.o
    0x08000d38   0x08000d38   0x00000002   Code   RO          443    .text.HAL_TIMEx_BreakCallback  stm32f4xx_hal_tim_ex.o
    0x08000d3a   0x08000d3a   0x00000002   PAD
    0x08000d3c   0x08000d3c   0x00000002   Code   RO          439    .text.HAL_TIMEx_CommutCallback  stm32f4xx_hal_tim_ex.o
    0x08000d3e   0x08000d3e   0x00000002   PAD
    0x08000d40   0x08000d40   0x000000b8   Code   RO          433    .text.HAL_TIMEx_MasterConfigSynchronization  stm32f4xx_hal_tim_ex.o
    0x08000df8   0x08000df8   0x0000005a   Code   RO          119    .text.HAL_TIM_Base_Init  stm32f4xx_hal_tim.o
    0x08000e52   0x08000e52   0x00000002   PAD
    0x08000e54   0x08000e54   0x00000046   Code   RO           39    .text.HAL_TIM_Base_MspInit  tim.o
    0x08000e9a   0x08000e9a   0x00000002   PAD
    0x08000e9c   0x08000e9c   0x000000a8   Code   RO          133    .text.HAL_TIM_Base_Start_IT  stm32f4xx_hal_tim.o
    0x08000f44   0x08000f44   0x000000de   Code   RO          311    .text.HAL_TIM_ConfigClockSource  stm32f4xx_hal_tim.o
    0x08001022   0x08001022   0x00000002   PAD
    0x08001024   0x08001024   0x00000002   Code   RO          255    .text.HAL_TIM_IC_CaptureCallback  stm32f4xx_hal_tim.o
    0x08001026   0x08001026   0x00000002   PAD
    0x08001028   0x08001028   0x00000134   Code   RO          253    .text.HAL_TIM_IRQHandler  stm32f4xx_hal_tim.o
    0x0800115c   0x0800115c   0x00000002   Code   RO          257    .text.HAL_TIM_OC_DelayElapsedCallback  stm32f4xx_hal_tim.o
    0x0800115e   0x0800115e   0x00000002   PAD
    0x08001160   0x08001160   0x00000002   Code   RO          259    .text.HAL_TIM_PWM_PulseFinishedCallback  stm32f4xx_hal_tim.o
    0x08001162   0x08001162   0x00000002   PAD
    0x08001164   0x08001164   0x00000010   Code   RO           17    .text.HAL_TIM_PeriodElapsedCallback  main.o
    0x08001174   0x08001174   0x00000002   Code   RO          263    .text.HAL_TIM_TriggerCallback  stm32f4xx_hal_tim.o
    0x08001176   0x08001176   0x00000002   PAD
    0x08001178   0x08001178   0x00000060   Code   RO          906    .text.HAL_UART_Init  stm32f4xx_hal_uart.o
    0x080011d8   0x080011d8   0x00000106   Code   RO           58    .text.HAL_UART_MspInit  usart.o
    0x080012de   0x080012de   0x00000002   PAD
    0x080012e0   0x080012e0   0x000000c2   Code   RO          926    .text.HAL_UART_Receive  stm32f4xx_hal_uart.o
    0x080013a2   0x080013a2   0x00000002   PAD
    0x080013a4   0x080013a4   0x0000002a   Code   RO          930    .text.HAL_UART_Receive_IT  stm32f4xx_hal_uart.o
    0x080013ce   0x080013ce   0x00000002   PAD
    0x080013d0   0x080013d0   0x000000b4   Code   RO          922    .text.HAL_UART_Transmit  stm32f4xx_hal_uart.o
    0x08001484   0x08001484   0x00000092   Code   RO           28    .text.MX_GPIO_Init  gpio.o
    0x08001516   0x08001516   0x00000002   PAD
    0x08001518   0x08001518   0x0000007a   Code   RO           37    .text.MX_TIM1_Init  tim.o
    0x08001592   0x08001592   0x00000002   PAD
    0x08001594   0x08001594   0x00000038   Code   RO           52    .text.MX_USART1_UART_Init  usart.o
    0x080015cc   0x080015cc   0x00000038   Code   RO           54    .text.MX_USART2_UART_Init  usart.o
    0x08001604   0x08001604   0x00000038   Code   RO           56    .text.MX_USART3_UART_Init  usart.o
    0x0800163c   0x0800163c   0x00000002   Code   RO           77    .text.MemManage_Handler  stm32f4xx_it.o
    0x0800163e   0x0800163e   0x00000002   PAD
    0x08001640   0x08001640   0x00000002   Code   RO           75    .text.NMI_Handler   stm32f4xx_it.o
    0x08001642   0x08001642   0x00000002   PAD
    0x08001644   0x08001644   0x0000002c   Code   RO          747    .text.NVIC_EncodePriority  stm32f4xx_hal_cortex.o
    0x08001670   0x08001670   0x0000002e   Code   RO          763    .text.SysTick_Config  stm32f4xx_hal_cortex.o
    0x0800169e   0x0800169e   0x00000002   PAD
    0x080016a0   0x080016a0   0x00000010   Code   RO         1273    .text.SysTick_Handler  board.o
    0x080016b0   0x080016b0   0x000000a0   Code   RO           13    .text.SystemClock_Config  main.o
    0x08001750   0x08001750   0x0000007e   Code   RO         1040    .text.SystemCoreClockUpdate  system_stm32f4xx.o
    0x080017ce   0x080017ce   0x00000002   PAD
    0x080017d0   0x080017d0   0x00000012   Code   RO         1038    .text.SystemInit    system_stm32f4xx.o
    0x080017e2   0x080017e2   0x00000002   PAD
    0x080017e4   0x080017e4   0x00000010   Code   RO           85    .text.TIM1_BRK_TIM9_IRQHandler  stm32f4xx_it.o
    0x080017f4   0x080017f4   0x00000010   Code   RO           87    .text.TIM2_IRQHandler  stm32f4xx_it.o
    0x08001804   0x08001804   0x0000012c   Code   RO          123    .text.TIM_Base_SetConfig  stm32f4xx_hal_tim.o
    0x08001930   0x08001930   0x00000016   Code   RO          309    .text.TIM_ETR_SetConfig  stm32f4xx_hal_tim.o
    0x08001946   0x08001946   0x00000002   PAD
    0x08001948   0x08001948   0x00000010   Code   RO          315    .text.TIM_ITRx_SetConfig  stm32f4xx_hal_tim.o
    0x08001958   0x08001958   0x00000022   Code   RO          313    .text.TIM_TI1_ConfigInputStage  stm32f4xx_hal_tim.o
    0x0800197a   0x0800197a   0x00000002   PAD
    0x0800197c   0x0800197c   0x00000024   Code   RO          317    .text.TIM_TI2_ConfigInputStage  stm32f4xx_hal_tim.o
    0x080019a0   0x080019a0   0x00000050   Code   RO          954    .text.UART_EndRxTransfer  stm32f4xx_hal_uart.o
    0x080019f0   0x080019f0   0x000000dc   Code   RO          910    .text.UART_SetConfig  stm32f4xx_hal_uart.o
    0x08001acc   0x08001acc   0x00000034   Code   RO          932    .text.UART_Start_Receive_IT  stm32f4xx_hal_uart.o
    0x08001b00   0x08001b00   0x00000088   Code   RO          924    .text.UART_WaitOnFlagUntilTimeout  stm32f4xx_hal_uart.o
    0x08001b88   0x08001b88   0x00000002   Code   RO           81    .text.UsageFault_Handler  stm32f4xx_it.o
    0x08001b8a   0x08001b8a   0x00000002   PAD
    0x08001b8c   0x08001b8c   0x00000020   Code   RO          751    .text.__NVIC_EnableIRQ  stm32f4xx_hal_cortex.o
    0x08001bac   0x08001bac   0x00000010   Code   RO          743    .text.__NVIC_GetPriorityGrouping  stm32f4xx_hal_cortex.o
    0x08001bbc   0x08001bbc   0x00000022   Code   RO          745    .text.__NVIC_SetPriority  stm32f4xx_hal_cortex.o
    0x08001bde   0x08001bde   0x00000002   PAD
    0x08001be0   0x08001be0   0x00000020   Code   RO          739    .text.__NVIC_SetPriorityGrouping  stm32f4xx_hal_cortex.o
    0x08001c00   0x08001c00   0x00000038   Code   RO         1535    .text.__rt_ffs      kservice.o
    0x08001c38   0x08001c38   0x00000008   Code   RO         1517    .text._heap_lock    kservice.o
    0x08001c40   0x08001c40   0x00000008   Code   RO         1519    .text._heap_unlock  kservice.o
    0x08001c48   0x08001c48   0x0000000c   Code   RO         1404    .text._ipc_list_resume  ipc.o
    0x08001c54   0x08001c54   0x00000056   Code   RO         1396    .text._ipc_list_suspend  ipc.o
    0x08001caa   0x08001caa   0x00000002   PAD
    0x08001cac   0x08001cac   0x0000000a   Code   RO         1384    .text._ipc_object_init  ipc.o
    0x08001cb6   0x08001cb6   0x00000002   PAD
    0x08001cb8   0x08001cb8   0x00000062   Code   RO         1159    .text._msh_exec_cmd  msh.o
    0x08001d1a   0x08001d1a   0x00000002   PAD
    0x08001d1c   0x08001d1c   0x00000028   Code   RO         1638    .text._scheduler_get_highest_priority_thread  scheduler.o
    0x08001d44   0x08001d44   0x0000002c   Code   RO         1529    .text._smem_info    kservice.o
    0x08001d70   0x08001d70   0x00000034   Code   RO         1711    .text._thread_exit  thread.o
    0x08001da4   0x08001da4   0x0000007c   Code   RO         1677    .text._thread_init  thread.o
    0x08001e20   0x08001e20   0x0000002a   Code   RO         1713    .text._thread_timeout  thread.o
    0x08001e4a   0x08001e4a   0x00000002   PAD
    0x08001e4c   0x08001e4c   0x00000022   Code   RO         1725    .text._timer_init   timer.o
    0x08001e6e   0x08001e6e   0x00000002   PAD
    0x08001e70   0x08001e70   0x0000000a   Code   RO         1729    .text._timer_remove  timer.o
    0x08001e7a   0x08001e7a   0x00000002   PAD
    0x08001e7c   0x08001e7c   0x000000e8   Code   RO         1250    .text.bus_fault_track  cpuport.o
    0x08001f64   0x08001f64   0x00000014   Code   RO         1112    .text.clear         cmd.o
    0x08001f78   0x08001f78   0x00000080   Code   RO         1155    .text.cmd_free      msh.o
    0x08001ff8   0x08001ff8   0x00000140   Code   RO         1138    .text.cmd_list      cmd.o
    0x08002138   0x08002138   0x0000000a   Code   RO         1153    .text.cmd_ps        msh.o
    0x08002142   0x08002142   0x00000002   PAD
    0x08002144   0x08002144   0x00000032   Code   RO         1537    .text.divide        kservice.o
    0x08002176   0x08002176   0x00000002   PAD
    0x08002178   0x08002178   0x00000068   Code   RO         1199    .text.finsh_get_prompt  shell.o
    0x080021e0   0x080021e0   0x00000008   Code   RO         1205    .text.finsh_getchar  shell.o
    0x080021e8   0x080021e8   0x00000020   Code   RO         1203    .text.finsh_set_prompt_mode  shell.o
    0x08002208   0x08002208   0x00000016   Code   RO         1215    .text.finsh_system_function_init  shell.o
    0x0800221e   0x0800221e   0x00000002   PAD
    0x08002220   0x08002220   0x000000a4   Code   RO         1217    .text.finsh_system_init  shell.o
    0x080022c4   0x080022c4   0x0000036c   Code   RO         1211    .text.finsh_thread_entry  shell.o
    0x08002630   0x08002630   0x00000020   Code   RO           62    .text.fputc         usart.o
    0x08002650   0x08002650   0x0000007c   Code   RO         1244    .text.hard_fault_track  cpuport.o
    0x080026cc   0x080026cc   0x0000010c   Code   RO         1053    .text.init_rt_thread  rt_main.o
    0x080027d8   0x080027d8   0x00000020   Code   RO         1118    .text.list_find_init  cmd.o
    0x080027f8   0x080027f8   0x0000006a   Code   RO         1122    .text.list_get_next  cmd.o
    0x08002862   0x08002862   0x00000002   PAD
    0x08002864   0x08002864   0x00000154   Code   RO         1132    .text.list_mailbox  cmd.o
    0x080029b8   0x080029b8   0x00000164   Code   RO         1134    .text.list_mempool  cmd.o
    0x08002b1c   0x08002b1c   0x00000138   Code   RO         1124    .text.list_sem      cmd.o
    0x08002c54   0x08002c54   0x00000180   Code   RO         1116    .text.list_thread   cmd.o
    0x08002dd4   0x08002dd4   0x0000016c   Code   RO         1136    .text.list_timer    cmd.o
    0x08002f40   0x08002f40   0x00000050   Code   RO           11    .text.main          main.o
    0x08002f90   0x08002f90   0x0000000c   Code   RO         1333    .text.main_thread_entry  components.o
    0x08002f9c   0x08002f9c   0x000000d8   Code   RO         1252    .text.mem_manage_fault_track  cpuport.o
    0x08003074   0x08003074   0x000000a0   Code   RO         1161    .text.msh_auto_complete  msh.o
    0x08003114   0x08003114   0x00000074   Code   RO         1157    .text.msh_exec      msh.o
    0x08003188   0x08003188   0x00000050   Code   RO         1165    .text.msh_get_cmd   msh.o
    0x080031d8   0x080031d8   0x00000078   Code   RO         1151    .text.msh_help      msh.o
    0x08003250   0x08003250   0x00000118   Code   RO         1167    .text.msh_split     msh.o
    0x08003368   0x08003368   0x00000018   Code   RO         1120    .text.object_split  cmd.o
    0x08003380   0x08003380   0x00000068   Code   RO         1562    .text.plug_holes    mem.o
    0x080033e8   0x080033e8   0x000001ac   Code   RO         1499    .text.print_number  kservice.o
    0x08003594   0x08003594   0x00000008   Code   RO         1275    .text.reboot        board.o
    0x0800359c   0x0800359c   0x00000034   Code   RO         1335    .text.rt_application_init  components.o
    0x080035d0   0x080035d0   0x0000001e   Code   RO         1523    .text.rt_calloc     kservice.o
    0x080035ee   0x080035ee   0x00000002   PAD
    0x080035f0   0x080035f0   0x0000002c   Code   RO         1325    .text.rt_components_board_init  components.o
    0x0800361c   0x0800361c   0x0000002c   Code   RO         1327    .text.rt_components_init  components.o
    0x08003648   0x08003648   0x00000046   Code   RO         1368    .text.rt_defunct_execute  idle.o
    0x0800368e   0x0800368e   0x00000002   PAD
    0x08003690   0x08003690   0x0000001a   Code   RO         1654    .text.rt_enter_critical  scheduler.o
    0x080036aa   0x080036aa   0x00000002   PAD
    0x080036ac   0x080036ac   0x0000003e   Code   RO         1656    .text.rt_exit_critical  scheduler.o
    0x080036ea   0x080036ea   0x00000002   PAD
    0x080036ec   0x080036ec   0x0000001e   Code   RO         1525    .text.rt_free       kservice.o
    0x0800370a   0x0800370a   0x00000002   PAD
    0x0800370c   0x0800370c   0x0000000a   Code   RO         1269    .text.rt_heap_begin_get  board.o
    0x08003716   0x08003716   0x00000002   PAD
    0x08003718   0x08003718   0x0000000e   Code   RO         1271    .text.rt_heap_end_get  board.o
    0x08003726   0x08003726   0x00000002   PAD
    0x08003728   0x08003728   0x0000003c   Code   RO         1277    .text.rt_hw_board_init  board.o
    0x08003764   0x08003764   0x0000002e   Code   RO         1283    .text.rt_hw_console_getchar  board.o
    0x08003792   0x08003792   0x00000002   PAD
    0x08003794   0x08003794   0x00000060   Code   RO         1281    .text.rt_hw_console_output  board.o
    0x080037f4   0x080037f4   0x00000012   Code   RO         1248    .text.rt_hw_cpu_reset  cpuport.o
    0x08003806   0x08003806   0x00000002   PAD
    0x08003808   0x08003808   0x000001a4   Code   RO         1242    .text.rt_hw_hard_fault_exception  cpuport.o
    0x080039ac   0x080039ac   0x00000042   Code   RO         1238    .text.rt_hw_stack_init  cpuport.o
    0x080039ee   0x080039ee   0x00000002   PAD
    0x080039f0   0x080039f0   0x0000001a   Code   RO         1438    .text.rt_interrupt_enter  irq.o
    0x08003a0a   0x08003a0a   0x00000002   PAD
    0x08003a0c   0x08003a0c   0x0000001a   Code   RO         1440    .text.rt_interrupt_leave  irq.o
    0x08003a26   0x08003a26   0x00000002   PAD
    0x08003a28   0x08003a28   0x0000003e   Code   RO         1493    .text.rt_kprintf    kservice.o
    0x08003a66   0x08003a66   0x00000002   PAD
    0x08003a68   0x08003a68   0x00000006   Code   RO         1410    .text.rt_list_init  ipc.o
    0x08003a6e   0x08003a6e   0x00000002   PAD
    0x08003a70   0x08003a70   0x00000006   Code   RO         1634    .text.rt_list_init  scheduler.o
    0x08003a76   0x08003a76   0x00000002   PAD
    0x08003a78   0x08003a78   0x00000006   Code   RO         1709    .text.rt_list_init  thread.o
    0x08003a7e   0x08003a7e   0x00000002   PAD
    0x08003a80   0x08003a80   0x00000006   Code   RO         1745    .text.rt_list_init  timer.o
    0x08003a86   0x08003a86   0x00000002   PAD
    0x08003a88   0x08003a88   0x00000014   Code   RO         1356    .text.rt_list_insert_after  idle.o
    0x08003a9c   0x08003a9c   0x0000000c   Code   RO         1607    .text.rt_list_insert_after  object.o
    0x08003aa8   0x08003aa8   0x0000000c   Code   RO         1648    .text.rt_list_insert_after  scheduler.o
    0x08003ab4   0x08003ab4   0x0000000c   Code   RO         1737    .text.rt_list_insert_after  timer.o
    0x08003ac0   0x08003ac0   0x0000000c   Code   RO         1428    .text.rt_list_insert_before  ipc.o
    0x08003acc   0x08003acc   0x0000000c   Code   RO         1646    .text.rt_list_insert_before  scheduler.o
    0x08003ad8   0x08003ad8   0x0000000c   Code   RO         1126    .text.rt_list_isempty  cmd.o
    0x08003ae4   0x08003ae4   0x0000000c   Code   RO         1402    .text.rt_list_isempty  ipc.o
    0x08003af0   0x08003af0   0x0000000c   Code   RO         1652    .text.rt_list_isempty  scheduler.o
    0x08003afc   0x08003afc   0x0000000c   Code   RO         1747    .text.rt_list_isempty  timer.o
    0x08003b08   0x08003b08   0x00000012   Code   RO         1128    .text.rt_list_len   cmd.o
    0x08003b1a   0x08003b1a   0x00000002   PAD
    0x08003b1c   0x08003b1c   0x00000010   Code   RO         1360    .text.rt_list_remove  idle.o
    0x08003b2c   0x08003b2c   0x00000010   Code   RO         1611    .text.rt_list_remove  object.o
    0x08003b3c   0x08003b3c   0x00000010   Code   RO         1650    .text.rt_list_remove  scheduler.o
    0x08003b4c   0x08003b4c   0x00000010   Code   RO         1705    .text.rt_list_remove  thread.o
    0x08003b5c   0x08003b5c   0x00000010   Code   RO         1749    .text.rt_list_remove  timer.o
    0x08003b6c   0x08003b6c   0x00000022   Code   RO         1489    .text.rt_malloc     kservice.o
    0x08003b8e   0x08003b8e   0x00000002   PAD
    0x08003b90   0x08003b90   0x00000050   Code   RO         1414    .text.rt_mb_create  ipc.o
    0x08003be0   0x08003be0   0x00000108   Code   RO         1424    .text.rt_mb_recv    ipc.o
    0x08003ce8   0x08003ce8   0x00000078   Code   RO         1465    .text.rt_memcpy     kservice.o
    0x08003d60   0x08003d60   0x0000003a   Code   RO         1467    .text.rt_memmove    kservice.o
    0x08003d9a   0x08003d9a   0x00000002   PAD
    0x08003d9c   0x08003d9c   0x0000001c   Code   RO         1527    .text.rt_memory_info  kservice.o
    0x08003db8   0x08003db8   0x0000005c   Code   RO         1463    .text.rt_memset     kservice.o
    0x08003e14   0x08003e14   0x00000050   Code   RO         1613    .text.rt_object_allocate  object.o
    0x08003e64   0x08003e64   0x00000024   Code   RO         1615    .text.rt_object_delete  object.o
    0x08003e88   0x08003e88   0x0000001e   Code   RO         1609    .text.rt_object_detach  object.o
    0x08003ea6   0x08003ea6   0x00000002   PAD
    0x08003ea8   0x08003ea8   0x00000022   Code   RO         1599    .text.rt_object_get_information  object.o
    0x08003eca   0x08003eca   0x00000002   PAD
    0x08003ecc   0x08003ecc   0x00000050   Code   RO         1605    .text.rt_object_init  object.o
    0x08003f1c   0x08003f1c   0x00000006   Code   RO         1617    .text.rt_object_is_systemobject  object.o
    0x08003f22   0x08003f22   0x00000002   PAD
    0x08003f24   0x08003f24   0x00000100   Code   RO         1642    .text.rt_schedule   scheduler.o
    0x08004024   0x08004024   0x0000006c   Code   RO         1644    .text.rt_schedule_insert_thread  scheduler.o
    0x08004090   0x08004090   0x00000042   Code   RO         1640    .text.rt_schedule_remove_thread  scheduler.o
    0x080040d2   0x080040d2   0x00000002   PAD
    0x080040d4   0x080040d4   0x0000001e   Code   RO         1382    .text.rt_sem_init   ipc.o
    0x080040f2   0x080040f2   0x00000002   PAD
    0x080040f4   0x080040f4   0x000000c4   Code   RO         1491    .text.rt_show_version  kservice.o
    0x080041b8   0x080041b8   0x000000dc   Code   RO         1556    .text.rt_smem_alloc  mem.o
    0x08004294   0x08004294   0x0000003a   Code   RO         1560    .text.rt_smem_free  mem.o
    0x080042ce   0x080042ce   0x00000002   PAD
    0x080042d0   0x080042d0   0x000000d0   Code   RO         1552    .text.rt_smem_init  mem.o
    0x080043a0   0x080043a0   0x0000001c   Code   RO         1505    .text.rt_sprintf    kservice.o
    0x080043bc   0x080043bc   0x0000004c   Code   RO         1455    .text.rt_strerror   kservice.o
    0x08004408   0x08004408   0x00000010   Code   RO         1473    .text.rt_strlen     kservice.o
    0x08004418   0x08004418   0x00000032   Code   RO         1477    .text.rt_strncpy    kservice.o
    0x0800444a   0x0800444a   0x00000002   PAD
    0x0800444c   0x0800444c   0x0000002c   Code   RO         1515    .text.rt_system_heap_init  kservice.o
    0x08004478   0x08004478   0x00000034   Code   RO         1632    .text.rt_system_scheduler_init  scheduler.o
    0x080044ac   0x080044ac   0x0000002e   Code   RO         1636    .text.rt_system_scheduler_start  scheduler.o
    0x080044da   0x080044da   0x00000002   PAD
    0x080044dc   0x080044dc   0x00000010   Code   RO         1755    .text.rt_system_timer_init  timer.o
    0x080044ec   0x080044ec   0x00000002   Code   RO         1757    .text.rt_system_timer_thread_init  timer.o
    0x080044ee   0x080044ee   0x00000002   PAD
    0x080044f0   0x080044f0   0x0000004a   Code   RO         1687    .text.rt_thread_create  thread.o
    0x0800453a   0x0800453a   0x00000002   PAD
    0x0800453c   0x0800453c   0x00000030   Code   RO         1358    .text.rt_thread_defunct_dequeue  idle.o
    0x0800456c   0x0800456c   0x0000000a   Code   RO         1354    .text.rt_thread_defunct_enqueue  idle.o
    0x08004576   0x08004576   0x00000002   PAD
    0x08004578   0x08004578   0x00000024   Code   RO         1364    .text.rt_thread_idle_entry  idle.o
    0x0800459c   0x0800459c   0x00000058   Code   RO         1362    .text.rt_thread_idle_init  idle.o
    0x080045f4   0x080045f4   0x00000038   Code   RO         1675    .text.rt_thread_init  thread.o
    0x0800462c   0x0800462c   0x0000000c   Code   RO         1701    .text.rt_thread_mdelay  thread.o
    0x08004638   0x08004638   0x0000003c   Code   RO         1683    .text.rt_thread_resume  thread.o
    0x08004674   0x08004674   0x0000000c   Code   RO         1679    .text.rt_thread_self  thread.o
    0x08004680   0x08004680   0x00000048   Code   RO         1693    .text.rt_thread_sleep  thread.o
    0x080046c8   0x080046c8   0x00000028   Code   RO         1681    .text.rt_thread_startup  thread.o
    0x080046f0   0x080046f0   0x00000042   Code   RO         1695    .text.rt_thread_suspend  thread.o
    0x08004732   0x08004732   0x00000002   PAD
    0x08004734   0x08004734   0x0000003a   Code   RO         1304    .text.rt_tick_from_millisecond  clock.o
    0x0800476e   0x0800476e   0x00000002   PAD
    0x08004770   0x08004770   0x0000000c   Code   RO         1298    .text.rt_tick_get   clock.o
    0x0800477c   0x0800477c   0x0000004e   Code   RO         1302    .text.rt_tick_increase  clock.o
    0x080047ca   0x080047ca   0x00000002   PAD
    0x080047cc   0x080047cc   0x000000ae   Code   RO         1743    .text.rt_timer_check  timer.o
    0x0800487a   0x0800487a   0x00000002   PAD
    0x0800487c   0x0800487c   0x00000054   Code   RO         1741    .text.rt_timer_control  timer.o
    0x080048d0   0x080048d0   0x00000032   Code   RO         1731    .text.rt_timer_create  timer.o
    0x08004902   0x08004902   0x00000002   PAD
    0x08004904   0x08004904   0x00000028   Code   RO         1727    .text.rt_timer_detach  timer.o
    0x0800492c   0x0800492c   0x0000002c   Code   RO         1723    .text.rt_timer_init  timer.o
    0x08004958   0x08004958   0x0000007a   Code   RO         1735    .text.rt_timer_start  timer.o
    0x080049d2   0x080049d2   0x00000002   PAD
    0x080049d4   0x080049d4   0x0000002e   Code   RO         1739    .text.rt_timer_stop  timer.o
    0x08004a02   0x08004a02   0x00000002   PAD
    0x08004a04   0x08004a04   0x0000030e   Code   RO         1495    .text.rt_vsnprintf  kservice.o
    0x08004d12   0x08004d12   0x00000002   PAD
    0x08004d14   0x08004d14   0x00000010   Code   RO         1503    .text.rt_vsprintf   kservice.o
    0x08004d24   0x08004d24   0x00000004   Code   RO         1321    .text.rti_board_end  components.o
    0x08004d28   0x08004d28   0x00000004   Code   RO         1319    .text.rti_board_start  components.o
    0x08004d2c   0x08004d2c   0x00000004   Code   RO         1323    .text.rti_end       components.o
    0x08004d30   0x08004d30   0x00000004   Code   RO         1317    .text.rti_start     components.o
    0x08004d34   0x08004d34   0x0000002a   Code   RO         1331    .text.rtthread_startup  components.o
    0x08004d5e   0x08004d5e   0x00000002   PAD
    0x08004d60   0x08004d60   0x00000034   Code   RO         1213    .text.shell_auto_complete  shell.o
    0x08004d94   0x08004d94   0x00000044   Code   RO         1130    .text.show_wait_queue  cmd.o
    0x08004dd8   0x08004dd8   0x0000003c   Code   RO         1497    .text.skip_atoi     kservice.o
    0x08004e14   0x08004e14   0x00000028   Code   RO         1163    .text.str_common    msh.o
    0x08004e3c   0x08004e3c   0x0000002a   Code   RO         1059    .text.thread_1_entry  rt_main.o
    0x08004e66   0x08004e66   0x00000002   PAD
    0x08004e68   0x08004e68   0x00000048   Code   RO         1061    .text.thread_2_entry  rt_main.o
    0x08004eb0   0x08004eb0   0x00000012   Code   RO         1055    .text.timer1_callback  rt_main.o
    0x08004ec2   0x08004ec2   0x00000002   PAD
    0x08004ec4   0x08004ec4   0x00000002   Code   RO         1057    .text.timer2_callback  rt_main.o
    0x08004ec6   0x08004ec6   0x00000002   PAD
    0x08004ec8   0x08004ec8   0x00000002   Code   RO         1067    .text.uart_2_rx_handler  rt_main.o
    0x08004eca   0x08004eca   0x00000002   PAD
    0x08004ecc   0x08004ecc   0x00000038   Code   RO         1069    .text.uart_3_rx_handler  rt_main.o
    0x08004f04   0x08004f04   0x00000036   Code   RO         1279    .text.uart_init     board.o
    0x08004f3a   0x08004f3a   0x00000002   PAD
    0x08004f3c   0x08004f3c   0x0000006c   Code   RO         1092    .text.uart_link_init  serial.o
    0x08004fa8   0x08004fa8   0x000000d8   Code   RO         1254    .text.usage_fault_track  cpuport.o
    0x08005080   0x08005080   0x0000000a   Code   RO         1114    .text.version       cmd.o
    0x0800508a   0x0800508a   0x00000002   PAD
    0x0800508c   0x0800508c   0x00000020   Code   RO         2026    i.__0printf$8       mc_w.l(printf8.o)
    0x080050ac   0x080050ac   0x0000000e   Code   RO         2129    i.__scatterload_copy  mc_w.l(handlers.o)
    0x080050ba   0x080050ba   0x00000002   Code   RO         2130    i.__scatterload_null  mc_w.l(handlers.o)
    0x080050bc   0x080050bc   0x0000000e   Code   RO         2131    i.__scatterload_zeroinit  mc_w.l(handlers.o)
    0x080050ca   0x080050ca   0x00000002   PAD
    0x080050cc   0x080050cc   0x00000410   Code   RO         2033    i._printf_core      mc_w.l(printf8.o)
    0x080054dc   0x080054dc   0x00000024   Code   RO         2034    i._printf_post_padding  mc_w.l(printf8.o)
    0x08005500   0x08005500   0x0000002e   Code   RO         2035    i._printf_pre_padding  mc_w.l(printf8.o)
    0x0800552e   0x0800552e   0x00000002   PAD
    0x08005530   0x08005530   0x00000024   Code   RO         1771    i.puts              mc_w.l(puts.o)
    0x08005554   0x08005554   0x00000010   Data   RO         1043    .rodata.AHBPrescTable  system_stm32f4xx.o
    0x08005564   0x08005564   0x00000008   Data   RO         1044    .rodata.APBPrescTable  system_stm32f4xx.o
    0x0800556c   0x0800556c   0x00000100   Data   RO         1543    .rodata.__lowest_bit_bitmap  kservice.o
    0x0800566c   0x0800566c   0x00000104   Data   RO         1140    .rodata.name        cmd.o
    0x08005770   0x08005770   0x00000064   Data   RO         1170    .rodata.name        msh.o
    0x080057d4   0x080057d4   0x00000015   Data   RO         1286    .rodata.name        board.o
    0x080057e9   0x080057e9   0x0000011f   Data   RO         1142    .rodata.str1.1      cmd.o
    0x08005908   0x08005908   0x00000005   Data   RO         1224    .rodata.str1.1      shell.o
    0x0800590d   0x0800590d   0x00000093   Data   RO         1257    .rodata.str1.1      cpuport.o
    0x080059a0   0x080059a0   0x00000082   Data   RO         1540    .rodata.str1.1      kservice.o
    0x08005a22   0x08005a22   0x00000002   PAD
    0x08005a24   0x08005a24   0x00000004   Data   RO         1337    .rti_fn.0           components.o
    0x08005a28   0x08005a28   0x00000004   Data   RO         1338    .rti_fn.0.end       components.o
    0x08005a2c   0x08005a2c   0x00000004   Data   RO         1288    .rti_fn.1           board.o
    0x08005a30   0x08005a30   0x00000004   Data   RO         1339    .rti_fn.1.end       components.o
    0x08005a34   0x08005a34   0x00000004   Data   RO         1225    .rti_fn.6           shell.o
    0x08005a38   0x08005a38   0x00000004   Data   RO         1340    .rti_fn.6.end       components.o
    0x08005a3c   0x08005a3c   0x00000060   Data   RO         1141    FSymTab             cmd.o
    0x08005a9c   0x08005a9c   0x00000024   Data   RO         1171    FSymTab             msh.o
    0x08005ac0   0x08005ac0   0x0000000c   Data   RO         1287    FSymTab             board.o
    0x08005acc   0x08005acc   0x00000020   Data   RO         2128    Region$$Table       anon$$obj.o


    Execution Region RW_IRAM1 (Exec base: 0x20000000, Load base: 0x08005af0, Size: 0x0000fbb8, Max: 0x0001c000, ABSOLUTE)

    Exec Addr    Load Addr    Size         Type   Attr      Idx    E Section Name        Object

    0x20000000   0x08005af0   0x00000004   Data   RW         2094    .data               mc_w.l(stdout.o)
    0x20000004   0x08005af4   0x00000004   Data   RW         1042    .data.SystemCoreClock  system_stm32f4xx.o
    0x20000008   0x08005af8   0x00000060   Data   RW         1623    .data._object_container  object.o
    0x20000068   0x08005b58   0x00000008   Data   RW         1371    .data._rt_thread_defunct  idle.o
    0x20000070   0x08005b60   0x00000001   Data   RW          870    .data.uwTickFreq    stm32f4xx_hal.o
    0x20000071   0x08005b61   0x00000003   PAD
    0x20000074   0x08005b64   0x00000004   Data   RW          869    .data.uwTickPrio    stm32f4xx_hal.o
    0x20000078        -       0x00000048   Zero   RW         1289    .bss.UartHandle     board.o
    0x200000c0        -       0x00000004   Zero   RW         1219    .bss._syscall_table_begin  shell.o
    0x200000c4        -       0x00000004   Zero   RW         1220    .bss._syscall_table_end  shell.o
    0x200000c8        -       0x00000008   Zero   RW         1760    .bss._timer_list    timer.o
    0x200000d0        -       0x00000081   Zero   RW         1222    .bss.finsh_get_prompt.finsh_prompt  shell.o
    0x20000151   0x08005b68   0x00000003   PAD
    0x20000154        -       0x00000004   Zero   RW         1221    .bss.finsh_prompt_custom  shell.o
    0x20000158        -       0x00000048   Zero   RW           43    .bss.htim1          tim.o
    0x200001a0        -       0x00000048   Zero   RW          110    .bss.htim2          stm32f4xx_hal_timebase_tim.o
    0x200001e8        -       0x00000048   Zero   RW           64    .bss.huart1         usart.o
    0x20000230        -       0x00000048   Zero   RW           65    .bss.huart2         usart.o
    0x20000278        -       0x00000048   Zero   RW           66    .bss.huart3         usart.o
    0x200002c0        -       0x00000078   Zero   RW         1372    .bss.idle           idle.o
    0x20000338        -       0x00000010   Zero   RW         1370    .bss.idle_hook_list  idle.o
    0x20000348        -       0x00000004   Zero   RW         1071    .bss.mb1            rt_main.o
    0x2000034c        -       0x00000004   Zero   RW         1072    .bss.mb2            rt_main.o
    0x20000350        -       0x00000001   Zero   RW         1664    .bss.rt_current_priority  scheduler.o
    0x20000351   0x08005b68   0x00000003   PAD
    0x20000354        -       0x00000004   Zero   RW         1660    .bss.rt_current_thread  scheduler.o
    0x20000358        -       0x00000004   Zero   RW         1256    .bss.rt_exception_hook  cpuport.o
    0x2000035c        -       0x0000f000   Zero   RW         1285    .bss.rt_heap        board.o
    0x2000f35c        -       0x00000004   Zero   RW         1258    .bss.rt_interrupt_from_thread  cpuport.o
    0x2000f360        -       0x00000001   Zero   RW         1444    .bss.rt_interrupt_nest  irq.o
    0x2000f361   0x08005b68   0x00000003   PAD
    0x2000f364        -       0x00000004   Zero   RW         1259    .bss.rt_interrupt_to_thread  cpuport.o
    0x2000f368        -       0x00000080   Zero   RW         1541    .bss.rt_kprintf.rt_log_buf  kservice.o
    0x2000f3e8        -       0x00000002   Zero   RW         1661    .bss.rt_scheduler_lock_nest  scheduler.o
    0x2000f3ea   0x08005b68   0x00000002   PAD
    0x2000f3ec        -       0x00000100   Zero   RW         1662    .bss.rt_thread_priority_table  scheduler.o
    0x2000f4ec        -       0x00000004   Zero   RW         1663    .bss.rt_thread_ready_priority_group  scheduler.o
    0x2000f4f0        -       0x00000100   Zero   RW         1373    .bss.rt_thread_stack  idle.o
    0x2000f5f0        -       0x00000004   Zero   RW         1260    .bss.rt_thread_switch_interrupt_flag  cpuport.o
    0x2000f5f4        -       0x00000004   Zero   RW         1308    .bss.rt_tick        clock.o
    0x2000f5f8        -       0x00000004   Zero   RW         1759    .bss.rt_timer_start.random_nr  timer.o
    0x2000f5fc        -       0x00000001   Zero   RW         1081    .bss.rx2data        rt_main.o
    0x2000f5fd        -       0x00000001   Zero   RW         1082    .bss.rx3data        rt_main.o
    0x2000f5fe   0x08005b68   0x00000002   PAD
    0x2000f600        -       0x00000004   Zero   RW         1223    .bss.shell          shell.o
    0x2000f604        -       0x00000004   Zero   RW         1542    .bss.system_heap    kservice.o
    0x2000f608        -       0x00000004   Zero   RW         1073    .bss.tim1           rt_main.o
    0x2000f60c        -       0x00000004   Zero   RW         1074    .bss.tim2           rt_main.o
    0x2000f610        -       0x000000d0   Zero   RW         1100    .bss.uart2_rx_ctx   serial.o
    0x2000f6e0        -       0x000000d0   Zero   RW         1101    .bss.uart3_rx_ctx   serial.o
    0x2000f7b0        -       0x00000004   Zero   RW          871    .bss.uwTick         stm32f4xx_hal.o
    0x2000f7b4   0x08005b68   0x00000004   PAD
    0x2000f7b8        -       0x00000400   Zero   RW            1    STACK               startup_stm32f407xx.o


    Execution Region RW_IRAM2 (Exec base: 0x2001c000, Load base: 0x08005b68, Size: 0x00000000, Max: 0x00004000, ABSOLUTE)

    **** No section assigned to this execution region ****


==============================================================================

Image component sizes


      Code (inc. data)   RO Data    RW Data    ZI Data      Debug   Object Name

       304          0         37          0      61512       5387   board.o
       148          0          0          0          4       2623   clock.o
      2366        748        643          0          0      11137   cmd.o
       220          8         16          0          0       3115   components.o
       316         28          0          0          0        884   context_rvds.o
      1292        524        147          0         16       3640   cpuport.o
       146          0          0          0          0       2131   gpio.o
       288          8          0          8        392       4568   idle.o
       512          0          0          0          0      10335   ipc.o
        52          0          0          0          1       1109   irq.o
      2316        298        386          0        132      18521   kservice.o
       262         28          0          0          0       5704   main.o
       590         68          0          0          0       5447   mem.o
      1032        168        136          0          0       5513   msh.o
       294          0          0         96          0       5719   object.o
       460        108          0          0         18       9495   rt_main.o
       714          0          0          0        267       5190   scheduler.o
       108          0          0          0        416       5677   serial.o
      1258        216          9          0        145       5521   shell.o
        36          8        392          0       1024        808   startup_stm32f407xx.o
        92          0          0          5          4       7263   stm32f4xx_hal.o
       258          0          0          0          0      11003   stm32f4xx_hal_cortex.o
       436          0          0          0          0       5175   stm32f4xx_hal_gpio.o
        56          0          0          0          0       1429   stm32f4xx_hal_msp.o
      1438          0          0          0          0       7307   stm32f4xx_hal_rcc.o
      1204          0          0          0          0      44975   stm32f4xx_hal_tim.o
       188          0          0          0          0      19167   stm32f4xx_hal_tim_ex.o
       170          0          0          0         72       7216   stm32f4xx_hal_timebase_tim.o
      1000          0          0          0          0      24791   stm32f4xx_hal_uart.o
        42          0          0          0          0       1789   stm32f4xx_it.o
       144          0         24          4          0       2555   system_stm32f4xx.o
       632          0          0          0          0       8198   thread.o
       192          0          0          0         72       7052   tim.o
       668          6          0          0         12       6826   timer.o
       462          0          0          0        216       5939   usart.o

    ----------------------------------------------------------------------
     19880       2216       1824        116      64320     273209   Object Totals
         0          0         32          0          0          0   (incl. Generated)
       184          0          2          3         17          0   (incl. Padding)

    ----------------------------------------------------------------------

      Code (inc. data)   RO Data    RW Data    ZI Data      Debug   Library Member Name

         0          0          0          0          0          0   entry.o
         0          0          0          0          0          0   entry10a.o
         0          0          0          0          0          0   entry11a.o
         8          4          0          0          0          0   entry2.o
         4          0          0          0          0          0   entry5.o
         0          0          0          0          0          0   entry7b.o
         0          0          0          0          0          0   entry8b.o
         8          4          0          0          0          0   entry9a.o
        30          0          0          0          0          0   handlers.o
        36          8          0          0          0         68   init.o
        30          0          0          0          0         68   llshl.o
        32          0          0          0          0         68   llushr.o
        36          0          0          0          0        108   memseta.o
      1154         54          0          0          0        352   printf8.o
        36          6          0          0          0         80   puts.o
         0          0          0          4          0          0   stdout.o
        28          0          0          0          0         76   strcmp.o
        14          0          0          0          0         68   strlen.o
        30          0          0          0          0         80   strncmp.o
        24          0          0          0          0         76   strncpy.o
        98          0          0          0          0         92   uldiv.o

    ----------------------------------------------------------------------
      1572         76          0          4          0       1136   Library Totals
         4          0          0          0          0          0   (incl. Padding)

    ----------------------------------------------------------------------

      Code (inc. data)   RO Data    RW Data    ZI Data      Debug   Library Name

      1568         76          0          4          0       1136   mc_w.l

    ----------------------------------------------------------------------
      1572         76          0          4          0       1136   Library Totals

    ----------------------------------------------------------------------

==============================================================================


      Code (inc. data)   RO Data    RW Data    ZI Data      Debug   

     21452       2292       1824        120      64320     273289   Grand Totals
     21452       2292       1824        120      64320     273289   ELF Image Totals
     21452       2292       1824        120          0          0   ROM Totals

==============================================================================

    Total RO  Size (Code + RO Data)                23276 (  22.73kB)
    Total RW  Size (RW Data + ZI Data)             64440 (  62.93kB)
    Total ROM Size (Code + RO Data + RW Data)      23396 (  22.85kB)

==============================================================================

