Component: ARM Compiler 6.16 Tool: armlink [5dfeaa00]

==============================================================================

Section Cross References

    startup_stm32f103xb.o(RESET) refers to startup_stm32f103xb.o(STACK) for __initial_sp
    startup_stm32f103xb.o(RESET) refers to startup_stm32f103xb.o(.text) for Reset_Handler
    startup_stm32f103xb.o(RESET) refers to stm32f1xx_it.o(.text.NMI_Handler) for NMI_Handler
    startup_stm32f103xb.o(RESET) refers to context_rvds.o(.text) for HardFault_Handler
    startup_stm32f103xb.o(RESET) refers to stm32f1xx_it.o(.text.BusFault_Handler) for BusFault_Handler
    startup_stm32f103xb.o(RESET) refers to stm32f1xx_it.o(.text.UsageFault_Handler) for UsageFault_Handler
    startup_stm32f103xb.o(RESET) refers to stm32f1xx_it.o(.text.DebugMon_Handler) for DebugMon_Handler
    startup_stm32f103xb.o(RESET) refers to board.o(.text.SysTick_Handler) for SysTick_Handler
    startup_stm32f103xb.o(RESET) refers to stm32f1xx_it.o(.text.TIM1_UP_IRQHandler) for TIM1_UP_IRQHandler
    startup_stm32f103xb.o(RESET) refers to stm32f1xx_it.o(.text.USART1_IRQHandler) for USART1_IRQHandler
    startup_stm32f103xb.o(RESET) refers to stm32f1xx_it.o(.text.USART2_IRQHandler) for USART2_IRQHandler
    startup_stm32f103xb.o(.text) refers to system_stm32f1xx.o(.text.SystemInit) for SystemInit
    startup_stm32f103xb.o(.text) refers to entry.o(.ARM.Collect$$$$00000000) for __main
    main.o(.text.main) refers to stm32f1xx_hal.o(.text.HAL_Init) for HAL_Init
    main.o(.text.main) refers to main.o(.text.SystemClock_Config) for SystemClock_Config
    main.o(.text.main) refers to gpio.o(.text.MX_GPIO_Init) for MX_GPIO_Init
    main.o(.text.main) refers to usart.o(.text.MX_USART1_UART_Init) for MX_USART1_UART_Init
    main.o(.text.main) refers to usart.o(.text.MX_USART2_UART_Init) for MX_USART2_UART_Init
    main.o(.text.main) refers to usart.o(.text.MX_USART3_UART_Init) for MX_USART3_UART_Init
    main.o(.text.main) refers to rt_main.o(.text.init_rt_thread) for init_rt_thread
    main.o(.ARM.exidx.text.main) refers to main.o(.text.main) for [Anonymous Symbol]
    main.o(.text.SystemClock_Config) refers to memseta.o(.text) for __aeabi_memclr4
    main.o(.text.SystemClock_Config) refers to stm32f1xx_hal_rcc.o(.text.HAL_RCC_OscConfig) for HAL_RCC_OscConfig
    main.o(.text.SystemClock_Config) refers to stm32f1xx_hal_rcc.o(.text.HAL_RCC_ClockConfig) for HAL_RCC_ClockConfig
    main.o(.text.SystemClock_Config) refers to main.o(.text.Error_Handler) for Error_Handler
    main.o(.ARM.exidx.text.SystemClock_Config) refers to main.o(.text.SystemClock_Config) for [Anonymous Symbol]
    main.o(.ARM.exidx.text.Error_Handler) refers to main.o(.text.Error_Handler) for [Anonymous Symbol]
    main.o(.text.HAL_TIM_PeriodElapsedCallback) refers to stm32f1xx_hal.o(.text.HAL_IncTick) for HAL_IncTick
    main.o(.ARM.exidx.text.HAL_TIM_PeriodElapsedCallback) refers to main.o(.text.HAL_TIM_PeriodElapsedCallback) for [Anonymous Symbol]
    gpio.o(.text.MX_GPIO_Init) refers to stm32f1xx_hal_gpio.o(.text.HAL_GPIO_WritePin) for HAL_GPIO_WritePin
    gpio.o(.text.MX_GPIO_Init) refers to stm32f1xx_hal_gpio.o(.text.HAL_GPIO_Init) for HAL_GPIO_Init
    gpio.o(.ARM.exidx.text.MX_GPIO_Init) refers to gpio.o(.text.MX_GPIO_Init) for [Anonymous Symbol]
    usart.o(.text.MX_USART1_UART_Init) refers to usart.o(.bss.huart1) for huart1
    usart.o(.text.MX_USART1_UART_Init) refers to stm32f1xx_hal_uart.o(.text.HAL_UART_Init) for HAL_UART_Init
    usart.o(.text.MX_USART1_UART_Init) refers to main.o(.text.Error_Handler) for Error_Handler
    usart.o(.ARM.exidx.text.MX_USART1_UART_Init) refers to usart.o(.text.MX_USART1_UART_Init) for [Anonymous Symbol]
    usart.o(.text.MX_USART2_UART_Init) refers to usart.o(.bss.huart2) for huart2
    usart.o(.text.MX_USART2_UART_Init) refers to stm32f1xx_hal_uart.o(.text.HAL_UART_Init) for HAL_UART_Init
    usart.o(.text.MX_USART2_UART_Init) refers to main.o(.text.Error_Handler) for Error_Handler
    usart.o(.ARM.exidx.text.MX_USART2_UART_Init) refers to usart.o(.text.MX_USART2_UART_Init) for [Anonymous Symbol]
    usart.o(.text.MX_USART3_UART_Init) refers to usart.o(.bss.huart3) for huart3
    usart.o(.text.MX_USART3_UART_Init) refers to stm32f1xx_hal_uart.o(.text.HAL_UART_Init) for HAL_UART_Init
    usart.o(.text.MX_USART3_UART_Init) refers to main.o(.text.Error_Handler) for Error_Handler
    usart.o(.ARM.exidx.text.MX_USART3_UART_Init) refers to usart.o(.text.MX_USART3_UART_Init) for [Anonymous Symbol]
    usart.o(.text.HAL_UART_MspInit) refers to stm32f1xx_hal_gpio.o(.text.HAL_GPIO_Init) for HAL_GPIO_Init
    usart.o(.text.HAL_UART_MspInit) refers to stm32f1xx_hal_cortex.o(.text.HAL_NVIC_SetPriority) for HAL_NVIC_SetPriority
    usart.o(.text.HAL_UART_MspInit) refers to stm32f1xx_hal_cortex.o(.text.HAL_NVIC_EnableIRQ) for HAL_NVIC_EnableIRQ
    usart.o(.ARM.exidx.text.HAL_UART_MspInit) refers to usart.o(.text.HAL_UART_MspInit) for [Anonymous Symbol]
[...]
    .L.str.31                                0x08005761   Data          23  cmd.o(.rodata.str1.1)
    [Anonymous Symbol]                       0x08005761   Section        0  cmd.o(.rodata.str1.1)
    .L.str.1                                 0x08005778   Data          68  cmd.o(.rodata.str1.1)
    .L.str.9                                 0x080057bc   Data          38  cmd.o(.rodata.str1.1)
    .L.str.28                                0x080057e2   Data          10  cmd.o(.rodata.str1.1)
    .L.str.29                                0x080057ec   Data          21  cmd.o(.rodata.str1.1)
    .L.str.14                                0x080057ff   Data           2  cmd.o(.rodata.str1.1)
    .L.str.2                                 0x080057ff   Data           2  cmd.o(.rodata.str1.1)
    .L.str.29                                0x080057ff   Data           2  cmd.o(.rodata.str1.1)
    .L.str.6                                 0x080057ff   Data           2  cmd.o(.rodata.str1.1)
    .L.str.25                                0x08005801   Data          13  cmd.o(.rodata.str1.1)
    .L.str.26                                0x08005829   Data          13  cmd.o(.rodata.str1.1)
    .L.str                                   0x08005836   Data           7  cmd.o(.rodata.str1.1)
    .L.str.21                                0x0800584f   Data           6  cmd.o(.rodata.str1.1)
    .L.str.16                                0x08005855   Data           8  cmd.o(.rodata.str1.1)
    .L.str.2                                 0x0800585d   Data           2  shell.o(.rodata.str1.1)
    [Anonymous Symbol]                       0x0800585d   Section        0  shell.o(.rodata.str1.1)
    .L.str.3                                 0x0800585f   Data           3  shell.o(.rodata.str1.1)
    .L.str.17                                0x08005862   Data          26  cpuport.o(.rodata.str1.1)
    [Anonymous Symbol]                       0x08005862   Section        0  cpuport.o(.rodata.str1.1)
    .L.str.16                                0x0800587c   Data          29  cpuport.o(.rodata.str1.1)
    .L.str.1                                 0x08005899   Data          13  cpuport.o(.rodata.str1.1)
    .L.str.2                                 0x080058a6   Data          13  cpuport.o(.rodata.str1.1)
    .L.str.3                                 0x080058b3   Data          13  cpuport.o(.rodata.str1.1)
    .L.str.4                                 0x080058c0   Data          13  cpuport.o(.rodata.str1.1)
    .L.str.5                                 0x080058cd   Data          13  cpuport.o(.rodata.str1.1)
    .L.str                                   0x080058da   Data          13  cpuport.o(.rodata.str1.1)
    .L.str                                   0x080058e7   Data           9  kservice.o(.rodata.str1.1)
    [Anonymous Symbol]                       0x080058e7   Section        0  kservice.o(.rodata.str1.1)
    .L.str.6                                 0x080058f0   Data           7  kservice.o(.rodata.str1.1)
    print_number.large_digits                0x080058f7   Data          17  kservice.o(.rodata.str1.1)
    .L.str.19                                0x08005942   Data           8  kservice.o(.rodata.str1.1)
    print_number.small_digits                0x08005958   Data          17  kservice.o(.rodata.str1.1)
    __tagsym$$used.0                         0x0800596c   Number         0  components.o(.rti_fn.0)
    __tagsym$$used.1                         0x08005970   Number         0  components.o(.rti_fn.0.end)
    __tagsym$$used.1                         0x08005974   Number         0  board.o(.rti_fn.1)
    __tagsym$$used.2                         0x08005978   Number         0  components.o(.rti_fn.1.end)
    __tagsym$$used.0                         0x0800597c   Number         0  shell.o(.rti_fn.6)
    __tagsym$$used.3                         0x08005980   Number         0  components.o(.rti_fn.6.end)
    __tagsym$$used.0                         0x08005984   Number         0  cmd.o(FSymTab)
    __tagsym$$used.1                         0x08005990   Number         0  cmd.o(FSymTab)
    __tagsym$$used.2                         0x0800599c   Number         0  cmd.o(FSymTab)
    __tagsym$$used.3                         0x080059a8   Number         0  cmd.o(FSymTab)
    __tagsym$$used.4                         0x080059b4   Number         0  cmd.o(FSymTab)
    __tagsym$$used.5                         0x080059c0   Number         0  cmd.o(FSymTab)
    __tagsym$$used.6                         0x080059cc   Number         0  cmd.o(FSymTab)
    __tagsym$$used.0                         0x080059d8   Number         0  msh.o(FSymTab)
    __tagsym$$used.1                         0x080059e4   Number         0  msh.o(FSymTab)
    __tagsym$$used.2                         0x080059f0   Number         0  msh.o(FSymTab)
    __tagsym$$used.0                         0x080059fc   Number         0  board.o(FSymTab)
    .data                                    0x20000000   Section        4  stdout.o(.data)
    _object_container                        0x20000008   Data          80  object.o(.data._object_container)
    [Anonymous Symbol]                       0x20000008   Section        0  object.o(.data._object_container)
    _rt_thread_defunct                       0x20000058   Data           8  idle.o(.data._rt_thread_defunct)
    [Anonymous Symbol]                       0x20000058   Section        0  idle.o(.data._rt_thread_defunct)
    UartHandle                               0x20000068   Data          72  board.o(.bss.UartHandle)
    [Anonymous Symbol]                       0x20000068   Section        0  board.o(.bss.UartHandle)
    _timer_list                              0x200000b8   Data           8  timer.o(.bss._timer_list)
    [Anonymous Symbol]                       0x200000b8   Section        0  timer.o(.bss._timer_list)
    finsh_get_prompt.finsh_prompt            0x200000c0   Data         129  shell.o(.bss.finsh_get_prompt.finsh_prompt)
    [Anonymous Symbol]                       0x200000c0   Section        0  shell.o(.bss.finsh_get_prompt.finsh_prompt)
    finsh_prompt_custom                      0x20000144   Data           4  shell.o(.bss.finsh_prompt_custom)
    [Anonymous Symbol]                       0x20000144   Section        0  shell.o(.bss.finsh_prompt_custom)
    idle                                     0x20000268   Data         120  idle.o(.bss.idle)
    [Anonymous Symbol]                       0x20000268   Section        0  idle.o(.bss.idle)
    idle_hook_list                           0x200002e0   Data          16  idle.o(.bss.idle_hook_list)
    [Anonymous Symbol]                       0x200002e0   Section        0  idle.o(.bss.idle_hook_list)
    rt_exception_hook                        0x20000300   Data           4  cpuport.o(.bss.rt_exception_hook)
    [Anonymous Symbol]                       0x20000300   Section        0  cpuport.o(.bss.rt_exception_hook)
    rt_heap                                  0x20000304   Data       10240  board.o(.bss.rt_heap)
    [Anonymous Symbol]                       0x20000304   Section        0  board.o(.bss.rt_heap)
    rt_kprintf.rt_log_buf                    0x20002b10   Data         128  kservice.o(.bss.rt_kprintf.rt_log_buf)
    [Anonymous Symbol]                       0x20002b10   Section        0  kservice.o(.bss.rt_kprintf.rt_log_buf)
    rt_scheduler_lock_nest                   0x20002b90   Data           2  scheduler.o(.bss.rt_scheduler_lock_nest)
    [Anonymous Symbol]                       0x20002b90   Section        0  scheduler.o(.bss.rt_scheduler_lock_nest)
    rt_thread_stack                          0x20002c98   Data         256  idle.o(.bss.rt_thread_stack)
    [Anonymous Symbol]                       0x20002c98   Section        0  idle.o(.bss.rt_thread_stack)
    rt_tick                                  0x20002d9c   Data           4  clock.o(.bss.rt_tick)
    [Anonymous Symbol]                       0x20002d9c   Section        0  clock.o(.bss.rt_tick)
    rt_timer_start.random_nr                 0x20002da0   Data           4  timer.o(.bss.rt_timer_start.random_nr)
    [Anonymous Symbol]                       0x20002da0   Section        0  timer.o(.bss.rt_timer_start.random_nr)
    system_heap                              0x20002dac   Data           4  kservice.o(.bss.system_heap)
    [Anonymous Symbol]                       0x20002dac   Section        0  kservice.o(.bss.system_heap)
    STACK                                    0x20002f58   Section     1024  startup_stm32f103xb.o(STACK)

    Global Symbols

    Symbol Name                              Value     Ov Type        Size  Object(Section)

    BuildAttributes$$THM_ISAv4$P$D$K$B$S$PE$A:L22UL41UL21$X:L11$S22US41US21$IEEE1$IW$~IW$USESV6$~STKCKD$USESV7$~SHL$OTIME$ROPI$EBA8$MICROLIB$REQ8$PRES8$EABIv2 0x00000000   Number         0  anon$$obj.o ABSOLUTE
    _printf_a                                0x00000000   Number         0  printfstubs.o ABSOLUTE
    _printf_c                                0x00000000   Number         0  printfstubs.o ABSOLUTE
    _printf_charcount                        0x00000000   Number         0  printfstubs.o ABSOLUTE
    _printf_d                                0x00000000   Number         0  printfstubs.o ABSOLUTE
    _printf_e                                0x00000000   Number         0  printfstubs.o ABSOLUTE
    _printf_f                                0x00000000   Number         0  printfstubs.o ABSOLUTE
    _printf_flags                            0x00000000   Number         0  printfstubs.o ABSOLUTE
    _printf_fp_dec                           0x00000000   Number         0  printfstubs.o ABSOLUTE
    _printf_fp_hex                           0x00000000   Number         0  printfstubs.o ABSOLUTE
    _printf_g                                0x00000000   Number         0  printfstubs.o ABSOLUTE
    _printf_i                                0x00000000   Number         0  printfstubs.o ABSOLUTE
    _printf_int_dec                          0x00000000   Number         0  printfstubs.o ABSOLUTE
    _printf_l                                0x00000000   Number         0  printfstubs.o ABSOLUTE
    _printf_lc                               0x00000000   Number         0  printfstubs.o ABSOLUTE
    _printf_ll                               0x00000000   Number         0  printfstubs.o ABSOLUTE
    _printf_lld                              0x00000000   Number         0  printfstubs.o ABSOLUTE
    _printf_lli                              0x00000000   Number         0  printfstubs.o ABSOLUTE
    _printf_llo                              0x00000000   Number         0  printfstubs.o ABSOLUTE
    _printf_llu                              0x00000000   Number         0  printfstubs.o ABSOLUTE
    _printf_llx                              0x00000000   Number         0  printfstubs.o ABSOLUTE
    _printf_longlong_dec                     0x00000000   Number         0  printfstubs.o ABSOLUTE
    _printf_longlong_hex                     0x00000000   Number         0  printfstubs.o ABSOLUTE
    _printf_longlong_oct                     0x00000000   Number         0  printfstubs.o ABSOLUTE
    _printf_ls                               0x00000000   Number         0  printfstubs.o ABSOLUTE
    _printf_mbtowc                           0x00000000   Number         0  printfstubs.o ABSOLUTE
    _printf_n                                0x00000000   Number         0  printfstubs.o ABSOLUTE
    _printf_o                                0x00000000   Number         0  printfstubs.o ABSOLUTE
    _printf_p                                0x00000000   Number         0  printfstubs.o ABSOLUTE
    _printf_percent                          0x00000000   Number         0  printfstubs.o ABSOLUTE
    _printf_pre_padding                      0x00000000   Number         0  printfstubs.o ABSOLUTE
    _printf_return_value                     0x00000000   Number         0  printfstubs.o ABSOLUTE
    _printf_s                                0x00000000   Number         0  printfstubs.o ABSOLUTE
    _printf_sizespec                         0x00000000   Number         0  printfstubs.o ABSOLUTE
    _printf_str                              0x00000000   Number         0  printfstubs.o ABSOLUTE
    _printf_truncate_signed                  0x00000000   Number         0  printfstubs.o ABSOLUTE
    _printf_truncate_unsigned                0x00000000   Number         0  printfstubs.o ABSOLUTE
    _printf_u                                0x00000000   Number         0  printfstubs.o ABSOLUTE
    _printf_wc                               0x00000000   Number         0  printfstubs.o ABSOLUTE
    _printf_wctomb                           0x00000000   Number         0  printfstubs.o ABSOLUTE
    _printf_widthprec                        0x00000000   Number         0  printfstubs.o ABSOLUTE
    _printf_x                                0x00000000   Number         0  printfstubs.o ABSOLUTE
    __cpp_initialize__aeabi_                  - Undefined Weak Reference
    __cxa_finalize                            - Undefined Weak Reference
    __decompress                              - Undefined Weak Reference
    _clock_init                               - Undefined Weak Reference
    _microlib_exit                            - Undefined Weak Reference
    __Vectors_Size                           0x000000ec   Number         0  startup_stm32f103xb.o ABSOLUTE
    __Vectors                                0x08000000   Data           4  startup_stm32f103xb.o(RESET)
    __Vectors_End                            0x080000ec   Data           0  startup_stm32f103xb.o(RESET)
    __main                                   0x080000ed   Thumb Code     0  entry.o(.ARM.Collect$$$$00000000)
    _main_stk                                0x080000ed   Thumb Code     0  entry2.o(.ARM.Collect$$$$00000001)
    _main_scatterload                        0x080000f1   Thumb Code     0  entry5.o(.ARM.Collect$$$$00000004)
    __main_after_scatterload                 0x080000f5   Thumb Code     0  entry5.o(.ARM.Collect$$$$00000004)
    _main_clock                              0x080000f5   Thumb Code     0  entry7b.o(.ARM.Collect$$$$00000008)
    _main_cpp_init                           0x080000f5   Thumb Code     0  entry8b.o(.ARM.Collect$$$$0000000A)
    _main_init                               0x080000f5   Thumb Code     0  entry9a.o(.ARM.Collect$$$$0000000B)
    __rt_final_cpp                           0x080000fd   Thumb Code     0  entry10a.o(.ARM.Collect$$$$0000000D)
    __rt_final_exit                          0x080000fd   Thumb Code     0  entry11a.o(.ARM.Collect$$$$0000000F)
    Reset_Handler                            0x08000101   Thumb Code     8  startup_stm32f103xb.o(.text)
    MemManage_Handler                        0x0800010d   Thumb Code     2  startup_stm32f103xb.o(.text)
    SVC_Handler                              0x08000113   Thumb Code     2  startup_stm32f103xb.o(.text)
    ADC1_2_IRQHandler                        0x0800011b   Thumb Code     0  startup_stm32f103xb.o(.text)
    CAN1_RX1_IRQHandler                      0x0800011b   Thumb Code     0  startup_stm32f103xb.o(.text)
    CAN1_SCE_IRQHandler                      0x0800011b   Thumb Code     0  startup_stm32f103xb.o(.text)
    DMA1_Channel1_IRQHandler                 0x0800011b   Thumb Code     0  startup_stm32f103xb.o(.text)
    DMA1_Channel2_IRQHandler                 0x0800011b   Thumb Code     0  startup_stm32f103xb.o(.text)
    DMA1_Channel3_IRQHandler                 0x0800011b   Thumb Code     0  startup_stm32f103xb.o(.text)
    DMA1_Channel4_IRQHandler                 0x0800011b   Thumb Code     0  startup_stm32f103xb.o(.text)
    DMA1_Channel5_IRQHandler                 0x0800011b   Thumb Code     0  startup_stm32f103xb.o(.text)
    DMA1_Channel6_IRQHandler                 0x0800011b   Thumb Code     0  startup_stm32f103xb.o(.text)
    DMA1_Channel7_IRQHandler                 0x0800011b   Thumb Code     0  startup_stm32f103xb.o(.text)
    EXTI0_IRQHandler                         0x0800011b   Thumb Code     0  startup_stm32f103xb.o(.text)
    EXTI15_10_IRQHandler                     0x0800011b   Thumb Code     0  startup_stm32f103xb.o(.text)
    EXTI1_IRQHandler                         0x0800011b   Thumb Code     0  startup_stm32f103xb.o(.text)
    EXTI2_IRQHandler                         0x0800011b   Thumb Code     0  startup_stm32f103xb.o(.text)
    EXTI3_IRQHandler                         0x0800011b   Thumb Code     0  startup_stm32f103xb.o(.text)
    EXTI4_IRQHandler                         0x0800011b   Thumb Code     0  startup_stm32f103xb.o(.text)
    EXTI9_5_IRQHandler                       0x0800011b   Thumb Code     0  startup_stm32f103xb.o(.text)
    FLASH_IRQHandler                         0x0800011b   Thumb Code     0  startup_stm32f103xb.o(.text)
    I2C1_ER_IRQHandler                       0x0800011b   Thumb Code     0  startup_stm32f103xb.o(.text)
    I2C1_EV_IRQHandler                       0x0800011b   Thumb Code     0  startup_stm32f103xb.o(.text)
    I2C2_ER_IRQHandler                       0x0800011b   Thumb Code     0  startup_stm32f103xb.o(.text)
    I2C2_EV_IRQHandler                       0x0800011b   Thumb Code     0  startup_stm32f103xb.o(.text)
    PVD_IRQHandler                           0x0800011b   Thumb Code     0  startup_stm32f103xb.o(.text)
    RCC_IRQHandler                           0x0800011b   Thumb Code     0  startup_stm32f103xb.o(.text)
    RTC_Alarm_IRQHandler                     0x0800011b   Thumb Code     0  startup_stm32f103xb.o(.text)
    RTC_IRQHandler                           0x0800011b   Thumb Code     0  startup_stm32f103xb.o(.text)
    SPI1_IRQHandler                          0x0800011b   Thumb Code     0  startup_stm32f103xb.o(.text)
    SPI2_IRQHandler                          0x0800011b   Thumb Code     0  startup_stm32f103xb.o(.text)
    TAMPER_IRQHandler                        0x0800011b   Thumb Code     0  startup_stm32f103xb.o(.text)
    TIM1_BRK_IRQHandler                      0x0800011b   Thumb Code     0  startup_stm32f103xb.o(.text)
    TIM1_CC_IRQHandler                       0x0800011b   Thumb Code     0  startup_stm32f103xb.o(.text)
    TIM1_TRG_COM_IRQHandler                  0x0800011b   Thumb Code     0  startup_stm32f103xb.o(.text)
    TIM2_IRQHandler                          0x0800011b   Thumb Code     0  startup_stm32f103xb.o(.text)
    TIM3_IRQHandler                          0x0800011b   Thumb Code     0  startup_stm32f103xb.o(.text)
    TIM4_IRQHandler                          0x0800011b   Thumb Code     0  startup_stm32f103xb.o(.text)
    USART3_IRQHandler                        0x0800011b   Thumb Code     0  startup_stm32f103xb.o(.text)
    USBWakeUp_IRQHandler                     0x0800011b   Thumb Code     0  startup_stm32f103xb.o(.text)
    USB_HP_CAN1_TX_IRQHandler                0x0800011b   Thumb Code     0  startup_stm32f103xb.o(.text)
    USB_LP_CAN1_RX0_IRQHandler               0x0800011b   Thumb Code     0  startup_stm32f103xb.o(.text)
    WWDG_IRQHandler                          0x0800011b   Thumb Code     0  startup_stm32f103xb.o(.text)
    rt_hw_interrupt_disable                  0x08000125   Thumb Code     8  context_rvds.o(.text)
    rt_hw_interrupt_enable                   0x0800012d   Thumb Code     6  context_rvds.o(.text)
    rt_hw_context_switch                     0x08000133   Thumb Code    32  context_rvds.o(.text)
    rt_hw_context_switch_interrupt           0x08000133   Thumb Code     0  context_rvds.o(.text)
    PendSV_Handler                           0x08000153   Thumb Code    60  context_rvds.o(.text)
    rt_hw_context_switch_to                  0x0800018f   Thumb Code    64  context_rvds.o(.text)
    rt_hw_interrupt_thread_switch            0x080001cf   Thumb Code     2  context_rvds.o(.text)
    HardFault_Handler                        0x080001d1   Thumb Code    52  context_rvds.o(.text)
    __aeabi_memset                           0x08000221   Thumb Code    14  memseta.o(.text)
    __aeabi_memset4                          0x08000221   Thumb Code     0  memseta.o(.text)
    __aeabi_memset8                          0x08000221   Thumb Code     0  memseta.o(.text)
    __aeabi_memclr                           0x0800022f   Thumb Code     4  memseta.o(.text)
    __aeabi_memclr4                          0x0800022f   Thumb Code     0  memseta.o(.text)
    __aeabi_memclr8                          0x0800022f   Thumb Code     0  memseta.o(.text)
    _memset$wrapper                          0x08000233   Thumb Code    18  memseta.o(.text)
    strncpy                                  0x08000245   Thumb Code    24  strncpy.o(.text)
    strlen                                   0x0800025d   Thumb Code    14  strlen.o(.text)
    strcmp                                   0x0800026b   Thumb Code    28  strcmp.o(.text)
    strncmp                                  0x08000287   Thumb Code    30  strncmp.o(.text)
    __aeabi_uldivmod                         0x080002a5   Thumb Code    98  uldiv.o(.text)
    __scatterload                            0x08000309   Thumb Code    28  init.o(.text)
    __scatterload_rt2                        0x08000309   Thumb Code     0  init.o(.text)
    __aeabi_llsl                             0x0800032d   Thumb Code    30  llshl.o(.text)
    _ll_shift_l                              0x0800032d   Thumb Code     0  llshl.o(.text)
    __aeabi_llsr                             0x0800034b   Thumb Code    32  llushr.o(.text)
    _ll_ushift_r                             0x0800034b   Thumb Code     0  llushr.o(.text)
    main                                     0x0800036d   Thumb Code    10  components.o(.text.$Sub$$main)
    BusFault_Handler                         0x08000379   Thumb Code     2  stm32f1xx_it.o(.text.BusFault_Handler)
    DebugMon_Handler                         0x0800037d   Thumb Code     2  stm32f1xx_it.o(.text.DebugMon_Handler)
    Error_Handler                            0x08000381   Thumb Code    10  main.o(.text.Error_Handler)
    HAL_DMA_Abort                            0x0800038d   Thumb Code    64  stm32f1xx_hal_dma.o(.text.HAL_DMA_Abort)
    HAL_DMA_Abort_IT                         0x080003cd   Thumb Code   174  stm32f1xx_hal_dma.o(.text.HAL_DMA_Abort_IT)
    HAL_GPIO_Init                            0x0800047d   Thumb Code   506  stm32f1xx_hal_gpio.o(.text.HAL_GPIO_Init)
    HAL_GPIO_TogglePin                       0x08000679   Thumb Code    16  stm32f1xx_hal_gpio.o(.text.HAL_GPIO_TogglePin)
    HAL_GPIO_WritePin                        0x08000689   Thumb Code    10  stm32f1xx_hal_gpio.o(.text.HAL_GPIO_WritePin)
    HAL_GetTick                              0x08000695   Thumb Code    12  stm32f1xx_hal.o(.text.HAL_GetTick)
    HAL_IncTick                              0x080006a1   Thumb Code    26  stm32f1xx_hal.o(.text.HAL_IncTick)
    HAL_Init                                 0x080006bd   Thumb Code    38  stm32f1xx_hal.o(.text.HAL_Init)
    HAL_InitTick                             0x080006e5   Thumb Code   162  stm32f1xx_hal_timebase_tim.o(.text.HAL_InitTick)
    HAL_MspInit                              0x08000789   Thumb Code    66  stm32f1xx_hal_msp.o(.text.HAL_MspInit)
    HAL_NVIC_EnableIRQ                       0x080007cd   Thumb Code     8  stm32f1xx_hal_cortex.o(.text.HAL_NVIC_EnableIRQ)
    HAL_NVIC_SetPriority                     0x080007d5   Thumb Code    30  stm32f1xx_hal_cortex.o(.text.HAL_NVIC_SetPriority)
    HAL_NVIC_SetPriorityGrouping             0x080007f5   Thumb Code     8  stm32f1xx_hal_cortex.o(.text.HAL_NVIC_SetPriorityGrouping)
    HAL_RCC_ClockConfig                      0x080007fd   Thumb Code   372  stm32f1xx_hal_rcc.o(.text.HAL_RCC_ClockConfig)
    HAL_RCC_GetClockConfig                   0x08000971   Thumb Code    66  stm32f1xx_hal_rcc.o(.text.HAL_RCC_GetClockConfig)
    HAL_RCC_GetHCLKFreq                      0x080009b5   Thumb Code    12  stm32f1xx_hal_rcc.o(.text.HAL_RCC_GetHCLKFreq)
    HAL_RCC_GetPCLK1Freq                     0x080009c1   Thumb Code    34  stm32f1xx_hal_rcc.o(.text.HAL_RCC_GetPCLK1Freq)
    HAL_RCC_GetPCLK2Freq                     0x080009e5   Thumb Code    34  stm32f1xx_hal_rcc.o(.text.HAL_RCC_GetPCLK2Freq)
    HAL_RCC_GetSysClockFreq                  0x08000a09   Thumb Code    76  stm32f1xx_hal_rcc.o(.text.HAL_RCC_GetSysClockFreq)
    HAL_RCC_OscConfig                        0x08000a69   Thumb Code   780  stm32f1xx_hal_rcc.o(.text.HAL_RCC_OscConfig)
    HAL_SYSTICK_Config                       0x08000d75   Thumb Code     8  stm32f1xx_hal_cortex.o(.text.HAL_SYSTICK_Config)
    HAL_TIMEx_BreakCallback                  0x08000d7d   Thumb Code     2  stm32f1xx_hal_tim_ex.o(.text.HAL_TIMEx_BreakCallback)
    HAL_TIMEx_CommutCallback                 0x08000d81   Thumb Code     2  stm32f1xx_hal_tim_ex.o(.text.HAL_TIMEx_CommutCallback)
    HAL_TIM_Base_Init                        0x08000d85   Thumb Code    90  stm32f1xx_hal_tim.o(.text.HAL_TIM_Base_Init)
    HAL_TIM_Base_MspInit                     0x08000de1   Thumb Code     2  stm32f1xx_hal_tim.o(.text.HAL_TIM_Base_MspInit)
    HAL_TIM_Base_Start_IT                    0x08000de5   Thumb Code   102  stm32f1xx_hal_tim.o(.text.HAL_TIM_Base_Start_IT)
    HAL_TIM_IC_CaptureCallback               0x08000e4d   Thumb Code     2  stm32f1xx_hal_tim.o(.text.HAL_TIM_IC_CaptureCallback)
    HAL_TIM_IRQHandler                       0x08000e51   Thumb Code   308  stm32f1xx_hal_tim.o(.text.HAL_TIM_IRQHandler)
    HAL_TIM_OC_DelayElapsedCallback          0x08000f85   Thumb Code     2  stm32f1xx_hal_tim.o(.text.HAL_TIM_OC_DelayElapsedCallback)
    HAL_TIM_PWM_PulseFinishedCallback        0x08000f89   Thumb Code     2  stm32f1xx_hal_tim.o(.text.HAL_TIM_PWM_PulseFinishedCallback)
    HAL_TIM_PeriodElapsedCallback            0x08000f8d   Thumb Code    22  main.o(.text.HAL_TIM_PeriodElapsedCallback)
    HAL_TIM_TriggerCallback                  0x08000fa5   Thumb Code     2  stm32f1xx_hal_tim.o(.text.HAL_TIM_TriggerCallback)
    HAL_UARTEx_RxEventCallback               0x08000fa9   Thumb Code     2  stm32f1xx_hal_uart.o(.text.HAL_UARTEx_RxEventCallback)
    HAL_UART_ErrorCallback                   0x08000fad   Thumb Code     2  stm32f1xx_hal_uart.o(.text.HAL_UART_ErrorCallback)
    HAL_UART_IRQHandler                      0x08000fb1   Thumb Code   578  stm32f1xx_hal_uart.o(.text.HAL_UART_IRQHandler)
    HAL_UART_Init                            0x080011f5   Thumb Code    96  stm32f1xx_hal_uart.o(.text.HAL_UART_Init)
    HAL_UART_MspInit                         0x08001255   Thumb Code   378  usart.o(.text.HAL_UART_MspInit)
    HAL_UART_Receive                         0x080013d1   Thumb Code   194  stm32f1xx_hal_uart.o(.text.HAL_UART_Receive)
    HAL_UART_Receive_IT                      0x08001495   Thumb Code    42  stm32f1xx_hal_uart.o(.text.HAL_UART_Receive_IT)
    HAL_UART_RxCpltCallback                  0x080014c1   Thumb Code   100  rt_main.o(.text.HAL_UART_RxCpltCallback)
    HAL_UART_Transmit                        0x08001525   Thumb Code   180  stm32f1xx_hal_uart.o(.text.HAL_UART_Transmit)
    HAL_UART_TxCpltCallback                  0x080015d9   Thumb Code     2  stm32f1xx_hal_uart.o(.text.HAL_UART_TxCpltCallback)
    MX_GPIO_Init                             0x080015dd   Thumb Code   142  gpio.o(.text.MX_GPIO_Init)
    MX_USART1_UART_Init                      0x0800166d   Thumb Code    56  usart.o(.text.MX_USART1_UART_Init)
    MX_USART2_UART_Init                      0x080016a5   Thumb Code    56  usart.o(.text.MX_USART2_UART_Init)
    MX_USART3_UART_Init                      0x080016dd   Thumb Code    56  usart.o(.text.MX_USART3_UART_Init)
    NMI_Handler                              0x08001715   Thumb Code     2  stm32f1xx_it.o(.text.NMI_Handler)
    SysTick_Handler                          0x080017a1   Thumb Code    16  board.o(.text.SysTick_Handler)
    SystemClock_Config                       0x080017b1   Thumb Code    96  main.o(.text.SystemClock_Config)
    SystemCoreClockUpdate                    0x08001811   Thumb Code   110  system_stm32f1xx.o(.text.SystemCoreClockUpdate)
    SystemInit                               0x08001881   Thumb Code     2  system_stm32f1xx.o(.text.SystemInit)
    TIM1_UP_IRQHandler                       0x08001885   Thumb Code    16  stm32f1xx_it.o(.text.TIM1_UP_IRQHandler)
    TIM_Base_SetConfig                       0x08001895   Thumb Code   154  stm32f1xx_hal_tim.o(.text.TIM_Base_SetConfig)
    UART_Start_Receive_IT                    0x08001b01   Thumb Code    52  stm32f1xx_hal_uart.o(.text.UART_Start_Receive_IT)
    USART1_IRQHandler                        0x08001c11   Thumb Code    16  stm32f1xx_it.o(.text.USART1_IRQHandler)
    USART2_IRQHandler                        0x08001c21   Thumb Code    16  stm32f1xx_it.o(.text.USART2_IRQHandler)
    UsageFault_Handler                       0x08001c31   Thumb Code     2  stm32f1xx_it.o(.text.UsageFault_Handler)
    __rt_ffs                                 0x08001ca9   Thumb Code    56  kservice.o(.text.__rt_ffs)
    cmd_free                                 0x0800203d   Thumb Code    64  msh.o(.text.cmd_free)
    cmd_list                                 0x080020bd   Thumb Code   144  cmd.o(.text.cmd_list)
    cmd_ps                                   0x080021d1   Thumb Code    10  msh.o(.text.cmd_ps)
    finsh_get_prompt                         0x08002211   Thumb Code   104  shell.o(.text.finsh_get_prompt)
    finsh_getchar                            0x08002279   Thumb Code     8  shell.o(.text.finsh_getchar)
    finsh_set_prompt_mode                    0x08002281   Thumb Code    32  shell.o(.text.finsh_set_prompt_mode)
    finsh_system_function_init               0x080022a1   Thumb Code    22  shell.o(.text.finsh_system_function_init)
    finsh_system_init                        0x080022b9   Thumb Code   124  shell.o(.text.finsh_system_init)
    finsh_thread_entry                       0x0800235d   Thumb Code   860  shell.o(.text.finsh_thread_entry)
    fputc                                    0x080026c9   Thumb Code    32  usart.o(.text.fputc)
    init_rt_thread                           0x08002765   Thumb Code   160  rt_main.o(.text.init_rt_thread)
    list_mailbox                             0x080028b9   Thumb Code   228  cmd.o(.text.list_mailbox)
    list_sem                                 0x08002a0d   Thumb Code   216  cmd.o(.text.list_sem)
    list_thread                              0x08002b45   Thumb Code   276  cmd.o(.text.list_thread)
    list_timer                               0x08002cc5   Thumb Code   228  cmd.o(.text.list_timer)
    $Super$$main                             0x08002e31   Thumb Code    30  main.o(.text.main)
    main_thread_entry                        0x08002e51   Thumb Code    12  components.o(.text.main_thread_entry)
    msh_auto_complete                        0x08002f35   Thumb Code   156  msh.o(.text.msh_auto_complete)
    msh_exec                                 0x08002fd5   Thumb Code    92  msh.o(.text.msh_exec)
    msh_help                                 0x08003099   Thumb Code    80  msh.o(.text.msh_help)
    rt_application_init                      0x0800345d   Thumb Code    44  components.o(.text.rt_application_init)
    rt_calloc                                0x08003491   Thumb Code    30  kservice.o(.text.rt_calloc)
    rt_components_board_init                 0x080034b1   Thumb Code    44  components.o(.text.rt_components_board_init)
    rt_components_init                       0x080034dd   Thumb Code    44  components.o(.text.rt_components_init)
    rt_enter_critical                        0x08003551   Thumb Code    26  scheduler.o(.text.rt_enter_critical)
    rt_exit_critical                         0x0800356d   Thumb Code    62  scheduler.o(.text.rt_exit_critical)
    rt_free                                  0x080035ad   Thumb Code    30  kservice.o(.text.rt_free)
    rt_heap_begin_get                        0x080035cd   Thumb Code    10  board.o(.text.rt_heap_begin_get)
    rt_heap_end_get                          0x080035d9   Thumb Code    14  board.o(.text.rt_heap_end_get)
    rt_hw_board_init                         0x080035e9   Thumb Code    60  board.o(.text.rt_hw_board_init)
    rt_hw_console_getchar                    0x08003625   Thumb Code    46  board.o(.text.rt_hw_console_getchar)
    rt_hw_console_output                     0x08003655   Thumb Code    96  board.o(.text.rt_hw_console_output)
    rt_hw_cpu_reset                          0x080036b5   Thumb Code    18  cpuport.o(.text.rt_hw_cpu_reset)
    rt_hw_hard_fault_exception               0x080036c9   Thumb Code   240  cpuport.o(.text.rt_hw_hard_fault_exception)
    rt_hw_stack_init                         0x08003859   Thumb Code    66  cpuport.o(.text.rt_hw_stack_init)
    rt_interrupt_enter                       0x0800389d   Thumb Code    26  irq.o(.text.rt_interrupt_enter)
    rt_interrupt_leave                       0x080038b9   Thumb Code    26  irq.o(.text.rt_interrupt_leave)
    rt_kprintf                               0x080038d5   Thumb Code    62  kservice.o(.text.rt_kprintf)
    rt_malloc                                0x08003a19   Thumb Code    34  kservice.o(.text.rt_malloc)
    rt_mb_create                             0x08003a3d   Thumb Code    80  ipc.o(.text.rt_mb_create)
    rt_mb_recv                               0x08003a8d   Thumb Code   264  ipc.o(.text.rt_mb_recv)
    rt_memcpy                                0x08003b95   Thumb Code   120  kservice.o(.text.rt_memcpy)
    rt_memmove                               0x08003c0d   Thumb Code    58  kservice.o(.text.rt_memmove)
    rt_memory_info                           0x08003c49   Thumb Code    28  kservice.o(.text.rt_memory_info)
    rt_memset                                0x08003c65   Thumb Code    92  kservice.o(.text.rt_memset)
    rt_object_allocate                       0x08003cc1   Thumb Code    80  object.o(.text.rt_object_allocate)
    rt_object_delete                         0x08003d11   Thumb Code    36  object.o(.text.rt_object_delete)
    rt_object_detach                         0x08003d35   Thumb Code    30  object.o(.text.rt_object_detach)
    rt_object_get_information                0x08003d55   Thumb Code    34  object.o(.text.rt_object_get_information)
    rt_object_init                           0x08003d79   Thumb Code    80  object.o(.text.rt_object_init)
    rt_object_is_systemobject                0x08003dc9   Thumb Code     6  object.o(.text.rt_object_is_systemobject)
    rt_schedule                              0x08003dd1   Thumb Code   256  scheduler.o(.text.rt_schedule)
    rt_schedule_insert_thread                0x08003ed1   Thumb Code   108  scheduler.o(.text.rt_schedule_insert_thread)
    rt_schedule_remove_thread                0x08003f3d   Thumb Code    66  scheduler.o(.text.rt_schedule_remove_thread)
    rt_sem_init                              0x08003f81   Thumb Code    30  ipc.o(.text.rt_sem_init)
    rt_show_version                          0x08003fa1   Thumb Code    56  kservice.o(.text.rt_show_version)
    rt_smem_alloc                            0x08004065   Thumb Code   220  mem.o(.text.rt_smem_alloc)
    rt_smem_free                             0x08004141   Thumb Code    58  mem.o(.text.rt_smem_free)
    rt_smem_init                             0x0800417d   Thumb Code   140  mem.o(.text.rt_smem_init)
    rt_sprintf                               0x0800424d   Thumb Code    28  kservice.o(.text.rt_sprintf)
    rt_strerror                              0x08004269   Thumb Code    28  kservice.o(.text.rt_strerror)
    rt_strlen                                0x080042b5   Thumb Code    16  kservice.o(.text.rt_strlen)
    rt_strncpy                               0x080042c5   Thumb Code    50  kservice.o(.text.rt_strncpy)
    rt_system_heap_init                      0x080042f9   Thumb Code    36  kservice.o(.text.rt_system_heap_init)
    rt_system_scheduler_init                 0x08004325   Thumb Code    52  scheduler.o(.text.rt_system_scheduler_init)
    rt_system_scheduler_start                0x08004359   Thumb Code    46  scheduler.o(.text.rt_system_scheduler_start)
    rt_system_timer_init                     0x08004389   Thumb Code    16  timer.o(.text.rt_system_timer_init)
    rt_system_timer_thread_init              0x08004399   Thumb Code     2  timer.o(.text.rt_system_timer_thread_init)
    rt_thread_create                         0x0800439d   Thumb Code    74  thread.o(.text.rt_thread_create)
    rt_thread_defunct_dequeue                0x080043e9   Thumb Code    48  idle.o(.text.rt_thread_defunct_dequeue)
    rt_thread_defunct_enqueue                0x08004419   Thumb Code    10  idle.o(.text.rt_thread_defunct_enqueue)
    rt_thread_idle_init                      0x08004449   Thumb Code    80  idle.o(.text.rt_thread_idle_init)
    rt_thread_init                           0x080044a1   Thumb Code    56  thread.o(.text.rt_thread_init)
    rt_thread_mdelay                         0x080044d9   Thumb Code    12  thread.o(.text.rt_thread_mdelay)
    rt_thread_resume                         0x080044e5   Thumb Code    60  thread.o(.text.rt_thread_resume)
    rt_thread_self                           0x08004521   Thumb Code    12  thread.o(.text.rt_thread_self)
    rt_thread_sleep                          0x0800452d   Thumb Code    72  thread.o(.text.rt_thread_sleep)
    rt_thread_startup                        0x08004575   Thumb Code    40  thread.o(.text.rt_thread_startup)
    rt_thread_suspend                        0x0800459d   Thumb Code    66  thread.o(.text.rt_thread_suspend)
    rt_tick_from_millisecond                 0x080045e1   Thumb Code    58  clock.o(.text.rt_tick_from_millisecond)
    rt_tick_get                              0x0800461d   Thumb Code    12  clock.o(.text.rt_tick_get)
    rt_tick_increase                         0x08004629   Thumb Code    78  clock.o(.text.rt_tick_increase)
    rt_timer_check                           0x08004679   Thumb Code   174  timer.o(.text.rt_timer_check)
    rt_timer_control                         0x08004729   Thumb Code    84  timer.o(.text.rt_timer_control)
    rt_timer_create                          0x0800477d   Thumb Code    50  timer.o(.text.rt_timer_create)
    rt_timer_detach                          0x080047b1   Thumb Code    40  timer.o(.text.rt_timer_detach)
    rt_timer_init                            0x080047d9   Thumb Code    44  timer.o(.text.rt_timer_init)
    rt_timer_start                           0x08004805   Thumb Code   122  timer.o(.text.rt_timer_start)
    rt_timer_stop                            0x08004881   Thumb Code    46  timer.o(.text.rt_timer_stop)
    rt_vsnprintf                             0x080048b1   Thumb Code   782  kservice.o(.text.rt_vsnprintf)
    rt_vsprintf                              0x08004bc1   Thumb Code    16  kservice.o(.text.rt_vsprintf)
    rtthread_startup                         0x08004be1   Thumb Code    42  components.o(.text.rtthread_startup)
    thread_1_entry                           0x08004ce9   Thumb Code    42  rt_main.o(.text.thread_1_entry)
    thread_2_entry                           0x08004d15   Thumb Code    60  rt_main.o(.text.thread_2_entry)
    timer1_callback                          0x08004d5d   Thumb Code    28  rt_main.o(.text.timer1_callback)
    uart_2_rx_handler                        0x08004d81   Thumb Code     2  rt_main.o(.text.uart_2_rx_handler)
    uart_3_rx_handler                        0x08004d85   Thumb Code    24  rt_main.o(.text.uart_3_rx_handler)
    uart_link_init                           0x08004df5   Thumb Code   108  serial.o(.text.uart_link_init)
    uart_rx_byte                             0x08004e61   Thumb Code   230  serial.o(.text.uart_rx_byte)
    version                                  0x08005021   Thumb Code    10  cmd.o(.text.version)
    __0printf$8                              0x0800502d   Thumb Code    22  printf8.o(i.__0printf$8)
    __1printf$8                              0x0800502d   Thumb Code     0  printf8.o(i.__0printf$8)
    __2printf                                0x0800502d   Thumb Code     0  printf8.o(i.__0printf$8)
    __scatterload_copy                       0x0800504d   Thumb Code    14  handlers.o(i.__scatterload_copy)
    __scatterload_null                       0x0800505b   Thumb Code     2  handlers.o(i.__scatterload_null)
    __scatterload_zeroinit                   0x0800505d   Thumb Code    14  handlers.o(i.__scatterload_zeroinit)
    puts                                     0x080054d1   Thumb Code    30  puts.o(i.puts)
    AHBPrescTable                            0x080054f4   Data          16  system_stm32f1xx.o(.rodata.AHBPrescTable)
    APBPrescTable                            0x08005504   Data           8  system_stm32f1xx.o(.rodata.APBPrescTable)
    __lowest_bit_bitmap                      0x0800550c   Data         256  kservice.o(.rodata.__lowest_bit_bitmap)
    __fsym_clear_name                        0x0800560c   Data           6  cmd.o(.rodata.name)
    __fsym_clear_desc                        0x08005612   Data          26  cmd.o(.rodata.name)
    __fsym_version_name                      0x0800562c   Data           8  cmd.o(.rodata.name)
    __fsym_version_desc                      0x08005634   Data          35  cmd.o(.rodata.name)
    __fsym_list_thread_name                  0x08005657   Data          12  cmd.o(.rodata.name)
    __fsym_list_thread_desc                  0x08005663   Data          12  cmd.o(.rodata.name)
    __fsym_list_sem_name                     0x0800566f   Data           9  cmd.o(.rodata.name)
    __fsym_list_sem_desc                     0x08005678   Data          25  cmd.o(.rodata.name)
    __fsym_list_mailbox_name                 0x08005691   Data          13  cmd.o(.rodata.name)
    __fsym_list_mailbox_desc                 0x0800569e   Data          24  cmd.o(.rodata.name)
    __fsym_list_timer_name                   0x080056b6   Data          11  cmd.o(.rodata.name)
    __fsym_list_timer_desc                   0x080056c1   Data          21  cmd.o(.rodata.name)
    __fsym_list_name                         0x080056d6   Data           5  cmd.o(.rodata.name)
    __fsym_list_desc                         0x080056db   Data          13  cmd.o(.rodata.name)
    __fsym_help_name                         0x080056e8   Data           5  msh.o(.rodata.name)
    __fsym_help_desc                         0x080056ed   Data          22  msh.o(.rodata.name)
    __fsym_ps_name                           0x08005703   Data           3  msh.o(.rodata.name)
    __fsym_ps_desc                           0x08005706   Data          28  msh.o(.rodata.name)
    __fsym_free_name                         0x08005722   Data           5  msh.o(.rodata.name)
    __fsym_free_desc                         0x08005727   Data          37  msh.o(.rodata.name)
    __fsym_reboot_name                       0x0800574c   Data           7  board.o(.rodata.name)
    __fsym_reboot_desc                       0x08005753   Data          14  board.o(.rodata.name)
    __rt_init_rti_start                      0x0800596c   Data           4  components.o(.rti_fn.0)
    __rt_init_rti_board_start                0x08005970   Data           4  components.o(.rti_fn.0.end)
    __rt_init_uart_init                      0x08005974   Data           4  board.o(.rti_fn.1)
    __rt_init_rti_board_end                  0x08005978   Data           4  components.o(.rti_fn.1.end)
    __rt_init_finsh_system_init              0x0800597c   Data           4  shell.o(.rti_fn.6)
    __rt_init_rti_end                        0x08005980   Data           4  components.o(.rti_fn.6.end)
    FSymTab$$Base                            0x08005984   Number         0  cmd.o(FSymTab)
    __fsym_clear                             0x08005984   Data          12  cmd.o(FSymTab)
    __fsym_version                           0x08005990   Data          12  cmd.o(FSymTab)
    __fsym_list_thread                       0x0800599c   Data          12  cmd.o(FSymTab)
    __fsym_list_sem                          0x080059a8   Data          12  cmd.o(FSymTab)
    __fsym_list_mailbox                      0x080059b4   Data          12  cmd.o(FSymTab)
    __fsym_list_timer                        0x080059c0   Data          12  cmd.o(FSymTab)
    __fsym_list                              0x080059cc   Data          12  cmd.o(FSymTab)
    __fsym_help                              0x080059d8   Data          12  msh.o(FSymTab)
    __fsym_ps                                0x080059e4   Data          12  msh.o(FSymTab)
    __fsym_free                              0x080059f0   Data          12  msh.o(FSymTab)
    __fsym_reboot                            0x080059fc   Data          12  board.o(FSymTab)
    FSymTab$$Limit                           0x08005a08   Number         0  board.o(FSymTab)
    Region$$Table$$Base                      0x08005a08   Number         0  anon$$obj.o(Region$$Table)
    Region$$Table$$Limit                     0x08005a28   Number         0  anon$$obj.o(Region$$Table)
    __stdout                                 0x20000000   Data           4  stdout.o(.data)
    SystemCoreClock                          0x20000004   Data           4  system_stm32f1xx.o(.data.SystemCoreClock)
    uwTickFreq                               0x20000060   Data           1  stm32f1xx_hal.o(.data.uwTickFreq)
    uwTickPrio                               0x20000064   Data           4  stm32f1xx_hal.o(.data.uwTickPrio)
    _syscall_table_begin                     0x200000b0   Data           4  shell.o(.bss._syscall_table_begin)
    _syscall_table_end                       0x200000b4   Data           4  shell.o(.bss._syscall_table_end)
    htim1                                    0x20000148   Data          72  stm32f1xx_hal_timebase_tim.o(.bss.htim1)
    huart1                                   0x20000190   Data          72  usart.o(.bss.huart1)
    huart2                                   0x200001d8   Data          72  usart.o(.bss.huart2)
    huart3                                   0x20000220   Data          72  usart.o(.bss.huart3)
    mb1                                      0x200002f0   Data           4  rt_main.o(.bss.mb1)
    mb2                                      0x200002f4   Data           4  rt_main.o(.bss.mb2)
    rt_current_priority                      0x200002f8   Data           1  scheduler.o(.bss.rt_current_priority)
    rt_current_thread                        0x200002fc   Data           4  scheduler.o(.bss.rt_current_thread)
    rt_interrupt_from_thread                 0x20002b04   Data           4  cpuport.o(.bss.rt_interrupt_from_thread)
    rt_interrupt_nest                        0x20002b08   Data           1  irq.o(.bss.rt_interrupt_nest)
    rt_interrupt_to_thread                   0x20002b0c   Data           4  cpuport.o(.bss.rt_interrupt_to_thread)
    rt_thread_priority_table                 0x20002b94   Data         256  scheduler.o(.bss.rt_thread_priority_table)
    rt_thread_ready_priority_group           0x20002c94   Data           4  scheduler.o(.bss.rt_thread_ready_priority_group)
    rt_thread_switch_interrupt_flag          0x20002d98   Data           4  cpuport.o(.bss.rt_thread_switch_interrupt_flag)
    rx2data                                  0x20002da4   Data           1  rt_main.o(.bss.rx2data)
    rx3data                                  0x20002da5   Data           1  rt_main.o(.bss.rx3data)
    shell                                    0x20002da8   Data           4  shell.o(.bss.shell)
    tim1                                     0x20002db0   Data           4  rt_main.o(.bss.tim1)
    uart2_rx_ctx                             0x20002db4   Data         208  serial.o(.bss.uart2_rx_ctx)
    uart3_rx_ctx                             0x20002e84   Data         208  serial.o(.bss.uart3_rx_ctx)
    uwTick                                   0x20002f54   Data           4  stm32f1xx_hal.o(.bss.uwTick)
    __initial_sp                             0x20003358   Data           0  startup_stm32f103xb.o(STACK)



==============================================================================

Memory Map of the image

  Image Entry point : 0x080000ed

  Load Region LR_IROM1 (Base: 0x08000000, Size: 0x00005a90, Max: 0x00010000, ABSOLUTE)

    Execution Region ER_IROM1 (Exec base: 0x08000000, Load base: 0x08000000, Size: 0x00005a28, Max: 0x00010000, ABSOLUTE)

    Exec Addr    Load Addr    Size         Type   Attr      Idx    E Section Name        Object

    0x08000000   0x08000000   0x000000ec   Data   RO            3    RESET               startup_stm32f103xb.o
    0x080000ec   0x080000ec   0x00000000   Code   RO         1676  * .ARM.Collect$$$$00000000  mc_w.l(entry.o)
    0x080000ec   0x080000ec   0x00000004   Code   RO         1986    .ARM.Collect$$$$00000001  mc_w.l(entry2.o)
    0x080000f0   0x080000f0   0x00000004   Code   RO         1989    .ARM.Collect$$$$00000004  mc_w.l(entry5.o)
    0x080000f4   0x080000f4   0x00000000   Code   RO         1991    .ARM.Collect$$$$00000008  mc_w.l(entry7b.o)
    0x080000f4   0x080000f4   0x00000000   Code   RO         1993    .ARM.Collect$$$$0000000A  mc_w.l(entry8b.o)
    0x080000f4   0x080000f4   0x00000008   Code   RO         1994    .ARM.Collect$$$$0000000B  mc_w.l(entry9a.o)
    0x080000fc   0x080000fc   0x00000000   Code   RO         1996    .ARM.Collect$$$$0000000D  mc_w.l(entry10a.o)
    0x080000fc   0x080000fc   0x00000000   Code   RO         1998    .ARM.Collect$$$$0000000F  mc_w.l(entry11a.o)
    0x080000fc   0x080000fc   0x00000004   Code   RO         1987    .ARM.Collect$$$$00002712  mc_w.l(entry2.o)
    0x08000100   0x08000100   0x00000024   Code   RO            4    .text               startup_stm32f103xb.o
    0x08000124   0x08000124   0x000000fc   Code   RO         1166    .text               context_rvds.o
    0x08000220   0x08000220   0x00000024   Code   RO         1713    .text               mc_w.l(memseta.o)
    0x08000244   0x08000244   0x00000018   Code   RO         1715    .text               mc_w.l(strncpy.o)
    0x0800025c   0x0800025c   0x0000000e   Code   RO         1717    .text               mc_w.l(strlen.o)
    0x0800026a   0x0800026a   0x0000001c   Code   RO         1719    .text               mc_w.l(strcmp.o)
    0x08000286   0x08000286   0x0000001e   Code   RO         1723    .text               mc_w.l(strncmp.o)
    0x080002a4   0x080002a4   0x00000062   Code   RO         2012    .text               mc_w.l(uldiv.o)
    0x08000306   0x08000306   0x00000002   PAD
    0x08000308   0x08000308   0x00000024   Code   RO         2025    .text               mc_w.l(init.o)
    0x0800032c   0x0800032c   0x0000001e   Code   RO         2027    .text               mc_w.l(llshl.o)
    0x0800034a   0x0800034a   0x00000020   Code   RO         2029    .text               mc_w.l(llushr.o)
    0x0800036a   0x0800036a   0x00000002   PAD
    0x0800036c   0x0800036c   0x0000000a   Code   RO         1262    .text.$Sub$$main    components.o
    0x08000376   0x08000376   0x00000002   PAD
    0x08000378   0x08000378   0x00000002   Code   RO           62    .text.BusFault_Handler  stm32f1xx_it.o
    0x0800037a   0x0800037a   0x00000002   PAD
    0x0800037c   0x0800037c   0x00000002   Code   RO           66    .text.DebugMon_Handler  stm32f1xx_it.o
    0x0800037e   0x0800037e   0x00000002   PAD
    0x08000380   0x08000380   0x0000000a   Code   RO           15    .text.Error_Handler  main.o
    0x0800038a   0x0800038a   0x00000002   PAD
    0x0800038c   0x0800038c   0x00000040   Code   RO          604    .text.HAL_DMA_Abort  stm32f1xx_hal_dma.o
    0x080003cc   0x080003cc   0x000000ae   Code   RO          606    .text.HAL_DMA_Abort_IT  stm32f1xx_hal_dma.o
    0x0800047a   0x0800047a   0x00000002   PAD
    0x0800047c   0x0800047c   0x000001fa   Code   RO          570    .text.HAL_GPIO_Init  stm32f1xx_hal_gpio.o
    0x08000676   0x08000676   0x00000002   PAD
    0x08000678   0x08000678   0x00000010   Code   RO          578    .text.HAL_GPIO_TogglePin  stm32f1xx_hal_gpio.o
    0x08000688   0x08000688   0x0000000a   Code   RO          576    .text.HAL_GPIO_WritePin  stm32f1xx_hal_gpio.o
    0x08000692   0x08000692   0x00000002   PAD
    0x08000694   0x08000694   0x0000000c   Code   RO          469    .text.HAL_GetTick   stm32f1xx_hal.o
    0x080006a0   0x080006a0   0x0000001a   Code   RO          467    .text.HAL_IncTick   stm32f1xx_hal.o
    0x080006ba   0x080006ba   0x00000002   PAD
    0x080006bc   0x080006bc   0x00000026   Code   RO          457    .text.HAL_Init      stm32f1xx_hal.o
    0x080006e2   0x080006e2   0x00000002   PAD
    0x080006e4   0x080006e4   0x000000a2   Code   RO           90    .text.HAL_InitTick  stm32f1xx_hal_timebase_tim.o
    0x08000786   0x08000786   0x00000002   PAD
    0x08000788   0x08000788   0x00000042   Code   RO           81    .text.HAL_MspInit   stm32f1xx_hal_msp.o
    0x080007ca   0x080007ca   0x00000002   PAD
    0x080007cc   0x080007cc   0x00000008   Code   RO          640    .text.HAL_NVIC_EnableIRQ  stm32f1xx_hal_cortex.o
    0x080007d4   0x080007d4   0x0000001e   Code   RO          632    .text.HAL_NVIC_SetPriority  stm32f1xx_hal_cortex.o
    0x080007f2   0x080007f2   0x00000002   PAD
    0x080007f4   0x080007f4   0x00000008   Code   RO          628    .text.HAL_NVIC_SetPriorityGrouping  stm32f1xx_hal_cortex.o
    0x080007fc   0x080007fc   0x00000174   Code   RO          524    .text.HAL_RCC_ClockConfig  stm32f1xx_hal_rcc.o
    0x08000970   0x08000970   0x00000042   Code   RO          542    .text.HAL_RCC_GetClockConfig  stm32f1xx_hal_rcc.o
    0x080009b2   0x080009b2   0x00000002   PAD
    0x080009b4   0x080009b4   0x0000000c   Code   RO          534    .text.HAL_RCC_GetHCLKFreq  stm32f1xx_hal_rcc.o
    0x080009c0   0x080009c0   0x00000022   Code   RO          536    .text.HAL_RCC_GetPCLK1Freq  stm32f1xx_hal_rcc.o
    0x080009e2   0x080009e2   0x00000002   PAD
    0x080009e4   0x080009e4   0x00000022   Code   RO          538    .text.HAL_RCC_GetPCLK2Freq  stm32f1xx_hal_rcc.o
    0x08000a06   0x08000a06   0x00000002   PAD
    0x08000a08   0x08000a08   0x00000060   Code   RO          526    .text.HAL_RCC_GetSysClockFreq  stm32f1xx_hal_rcc.o
    0x08000a68   0x08000a68   0x0000030c   Code   RO          520    .text.HAL_RCC_OscConfig  stm32f1xx_hal_rcc.o
    0x08000d74   0x08000d74   0x00000008   Code   RO          652    .text.HAL_SYSTICK_Config  stm32f1xx_hal_cortex.o
    0x08000d7c   0x08000d7c   0x00000002   Code   RO          443    .text.HAL_TIMEx_BreakCallback  stm32f1xx_hal_tim_ex.o
    0x08000d7e   0x08000d7e   0x00000002   PAD
    0x08000d80   0x08000d80   0x00000002   Code   RO          439    .text.HAL_TIMEx_CommutCallback  stm32f1xx_hal_tim_ex.o
    0x08000d82   0x08000d82   0x00000002   PAD
    0x08000d84   0x08000d84   0x0000005a   Code   RO          119    .text.HAL_TIM_Base_Init  stm32f1xx_hal_tim.o
    0x08000dde   0x08000dde   0x00000002   PAD
    0x08000de0   0x08000de0   0x00000002   Code   RO          121    .text.HAL_TIM_Base_MspInit  stm32f1xx_hal_tim.o
    0x08000de2   0x08000de2   0x00000002   PAD
    0x08000de4   0x08000de4   0x00000066   Code   RO          133    .text.HAL_TIM_Base_Start_IT  stm32f1xx_hal_tim.o
    0x08000e4a   0x08000e4a   0x00000002   PAD
    0x08000e4c   0x08000e4c   0x00000002   Code   RO          255    .text.HAL_TIM_IC_CaptureCallback  stm32f1xx_hal_tim.o
    0x08000e4e   0x08000e4e   0x00000002   PAD
    0x08000e50   0x08000e50   0x00000134   Code   RO          253    .text.HAL_TIM_IRQHandler  stm32f1xx_hal_tim.o
    0x08000f84   0x08000f84   0x00000002   Code   RO          257    .text.HAL_TIM_OC_DelayElapsedCallback  stm32f1xx_hal_tim.o
    0x08000f86   0x08000f86   0x00000002   PAD
    0x08000f88   0x08000f88   0x00000002   Code   RO          259    .text.HAL_TIM_PWM_PulseFinishedCallback  stm32f1xx_hal_tim.o
    0x08000f8a   0x08000f8a   0x00000002   PAD
    0x08000f8c   0x08000f8c   0x00000016   Code   RO           17    .text.HAL_TIM_PeriodElapsedCallback  main.o
    0x08000fa2   0x08000fa2   0x00000002   PAD
    0x08000fa4   0x08000fa4   0x00000002   Code   RO          263    .text.HAL_TIM_TriggerCallback  stm32f1xx_hal_tim.o
    0x08000fa6   0x08000fa6   0x00000002   PAD
    0x08000fa8   0x08000fa8   0x00000002   Code   RO          933    .text.HAL_UARTEx_RxEventCallback  stm32f1xx_hal_uart.o
    0x08000faa   0x08000faa   0x00000002   PAD
    0x08000fac   0x08000fac   0x00000002   Code   RO          931    .text.HAL_UART_ErrorCallback  stm32f1xx_hal_uart.o
    0x08000fae   0x08000fae   0x00000002   PAD
    0x08000fb0   0x08000fb0   0x00000242   Code   RO          925    .text.HAL_UART_IRQHandler  stm32f1xx_hal_uart.o
    0x080011f2   0x080011f2   0x00000002   PAD
    0x080011f4   0x080011f4   0x00000060   Code   RO          841    .text.HAL_UART_Init  stm32f1xx_hal_uart.o
    0x08001254   0x08001254   0x0000017a   Code   RO           43    .text.HAL_UART_MspInit  usart.o
    0x080013ce   0x080013ce   0x00000002   PAD
    0x080013d0   0x080013d0   0x000000c2   Code   RO          861    .text.HAL_UART_Receive  stm32f1xx_hal_uart.o
    0x08001492   0x08001492   0x00000002   PAD
    0x08001494   0x08001494   0x0000002a   Code   RO          865    .text.HAL_UART_Receive_IT  stm32f1xx_hal_uart.o
    0x080014be   0x080014be   0x00000002   PAD
    0x080014c0   0x080014c0   0x00000064   Code   RO          996    .text.HAL_UART_RxCpltCallback  rt_main.o
    0x08001524   0x08001524   0x000000b4   Code   RO          857    .text.HAL_UART_Transmit  stm32f1xx_hal_uart.o
    0x080015d8   0x080015d8   0x00000002   Code   RO          939    .text.HAL_UART_TxCpltCallback  stm32f1xx_hal_uart.o
    0x080015da   0x080015da   0x00000002   PAD
    0x080015dc   0x080015dc   0x0000008e   Code   RO           28    .text.MX_GPIO_Init  gpio.o
    0x0800166a   0x0800166a   0x00000002   PAD
    0x0800166c   0x0800166c   0x00000038   Code   RO           37    .text.MX_USART1_UART_Init  usart.o
    0x080016a4   0x080016a4   0x00000038   Code   RO           39    .text.MX_USART2_UART_Init  usart.o
    0x080016dc   0x080016dc   0x00000038   Code   RO           41    .text.MX_USART3_UART_Init  usart.o
    0x08001714   0x08001714   0x00000002   Code   RO           60    .text.NMI_Handler   stm32f1xx_it.o
    0x08001716   0x08001716   0x00000002   PAD
    0x08001718   0x08001718   0x0000002c   Code   RO          638    .text.NVIC_EncodePriority  stm32f1xx_hal_cortex.o
    0x08001744   0x08001744   0x0000002c   Code   RO          522    .text.RCC_Delay     stm32f1xx_hal_rcc.o
    0x08001770   0x08001770   0x0000002e   Code   RO          654    .text.SysTick_Config  stm32f1xx_hal_cortex.o
    0x0800179e   0x0800179e   0x00000002   PAD
    0x080017a0   0x080017a0   0x00000010   Code   RO         1206    .text.SysTick_Handler  board.o
    0x080017b0   0x080017b0   0x00000060   Code   RO           13    .text.SystemClock_Config  main.o
    0x08001810   0x08001810   0x0000006e   Code   RO          975    .text.SystemCoreClockUpdate  system_stm32f1xx.o
    0x0800187e   0x0800187e   0x00000002   PAD
    0x08001880   0x08001880   0x00000002   Code   RO          973    .text.SystemInit    system_stm32f1xx.o
    0x08001882   0x08001882   0x00000002   PAD
    0x08001884   0x08001884   0x00000010   Code   RO           68    .text.TIM1_UP_IRQHandler  stm32f1xx_it.o
    0x08001894   0x08001894   0x0000009a   Code   RO          123    .text.TIM_Base_SetConfig  stm32f1xx_hal_tim.o
    0x0800192e   0x0800192e   0x00000002   PAD
    0x08001930   0x08001930   0x00000010   Code   RO          929    .text.UART_DMAAbortOnError  stm32f1xx_hal_uart.o
    0x08001940   0x08001940   0x00000050   Code   RO          889    .text.UART_EndRxTransfer  stm32f1xx_hal_uart.o
    0x08001990   0x08001990   0x00000018   Code   RO          937    .text.UART_EndTransmit_IT  stm32f1xx_hal_uart.o
    0x080019a8   0x080019a8   0x000000c8   Code   RO          927    .text.UART_Receive_IT  stm32f1xx_hal_uart.o
    0x08001a70   0x08001a70   0x0000008e   Code   RO          845    .text.UART_SetConfig  stm32f1xx_hal_uart.o
    0x08001afe   0x08001afe   0x00000002   PAD
    0x08001b00   0x08001b00   0x00000034   Code   RO          867    .text.UART_Start_Receive_IT  stm32f1xx_hal_uart.o
    0x08001b34   0x08001b34   0x00000052   Code   RO          935    .text.UART_Transmit_IT  stm32f1xx_hal_uart.o
    0x08001b86   0x08001b86   0x00000002   PAD
    0x08001b88   0x08001b88   0x00000088   Code   RO          859    .text.UART_WaitOnFlagUntilTimeout  stm32f1xx_hal_uart.o
    0x08001c10   0x08001c10   0x00000010   Code   RO           70    .text.USART1_IRQHandler  stm32f1xx_it.o
    0x08001c20   0x08001c20   0x00000010   Code   RO           72    .text.USART2_IRQHandler  stm32f1xx_it.o
    0x08001c30   0x08001c30   0x00000002   Code   RO           64    .text.UsageFault_Handler  stm32f1xx_it.o
    0x08001c32   0x08001c32   0x00000002   PAD
    0x08001c34   0x08001c34   0x00000020   Code   RO          642    .text.__NVIC_EnableIRQ  stm32f1xx_hal_cortex.o
    0x08001c54   0x08001c54   0x00000010   Code   RO          634    .text.__NVIC_GetPriorityGrouping  stm32f1xx_hal_cortex.o
    0x08001c64   0x08001c64   0x00000022   Code   RO          636    .text.__NVIC_SetPriority  stm32f1xx_hal_cortex.o
    0x08001c86   0x08001c86   0x00000002   PAD
    0x08001c88   0x08001c88   0x00000020   Code   RO          630    .text.__NVIC_SetPriorityGrouping  stm32f1xx_hal_cortex.o
    0x08001ca8   0x08001ca8   0x00000038   Code   RO         1468    .text.__rt_ffs      kservice.o
    0x08001ce0   0x08001ce0   0x00000008   Code   RO         1450    .text._heap_lock    kservice.o
    0x08001ce8   0x08001ce8   0x00000008   Code   RO         1452    .text._heap_unlock  kservice.o
    0x08001cf0   0x08001cf0   0x0000000c   Code   RO         1337    .text._ipc_list_resume  ipc.o
    0x08001cfc   0x08001cfc   0x00000056   Code   RO         1329    .text._ipc_list_suspend  ipc.o
    0x08001d52   0x08001d52   0x00000002   PAD
    0x08001d54   0x08001d54   0x0000000a   Code   RO         1317    .text._ipc_object_init  ipc.o
    0x08001d5e   0x08001d5e   0x00000002   PAD
    0x08001d60   0x08001d60   0x00000062   Code   RO         1092    .text._msh_exec_cmd  msh.o
    0x08001dc2   0x08001dc2   0x00000002   PAD
    0x08001dc4   0x08001dc4   0x00000028   Code   RO         1546    .text._scheduler_get_highest_priority_thread  scheduler.o
    0x08001dec   0x08001dec   0x0000002c   Code   RO         1462    .text._smem_info    kservice.o
    0x08001e18   0x08001e18   0x00000034   Code   RO         1619    .text._thread_exit  thread.o
    0x08001e4c   0x08001e4c   0x0000007c   Code   RO         1585    .text._thread_init  thread.o
    0x08001ec8   0x08001ec8   0x0000002a   Code   RO         1621    .text._thread_timeout  thread.o
    0x08001ef2   0x08001ef2   0x00000002   PAD
    0x08001ef4   0x08001ef4   0x00000022   Code   RO         1633    .text._timer_init   timer.o
    0x08001f16   0x08001f16   0x00000002   PAD
    0x08001f18   0x08001f18   0x0000000a   Code   RO         1637    .text._timer_remove  timer.o
    0x08001f22   0x08001f22   0x00000002   PAD
    0x08001f24   0x08001f24   0x000000e8   Code   RO         1183    .text.bus_fault_track  cpuport.o
    0x0800200c   0x0800200c   0x0000001a   Code   RO         1031    .text.calc_checksum  serial.o
    0x08002026   0x08002026   0x00000002   PAD
    0x08002028   0x08002028   0x00000014   Code   RO         1047    .text.clear         cmd.o
    0x0800203c   0x0800203c   0x00000080   Code   RO         1088    .text.cmd_free      msh.o
    0x080020bc   0x080020bc   0x00000114   Code   RO         1071    .text.cmd_list      cmd.o
    0x080021d0   0x080021d0   0x0000000a   Code   RO         1086    .text.cmd_ps        msh.o
    0x080021da   0x080021da   0x00000002   PAD
    0x080021dc   0x080021dc   0x00000032   Code   RO         1470    .text.divide        kservice.o
    0x0800220e   0x0800220e   0x00000002   PAD
    0x08002210   0x08002210   0x00000068   Code   RO         1132    .text.finsh_get_prompt  shell.o
    0x08002278   0x08002278   0x00000008   Code   RO         1138    .text.finsh_getchar  shell.o
    0x08002280   0x08002280   0x00000020   Code   RO         1136    .text.finsh_set_prompt_mode  shell.o
    0x080022a0   0x080022a0   0x00000016   Code   RO         1148    .text.finsh_system_function_init  shell.o
    0x080022b6   0x080022b6   0x00000002   PAD
    0x080022b8   0x080022b8   0x000000a4   Code   RO         1150    .text.finsh_system_init  shell.o
    0x0800235c   0x0800235c   0x0000036c   Code   RO         1144    .text.finsh_thread_entry  shell.o
    0x080026c8   0x080026c8   0x00000020   Code   RO           47    .text.fputc         usart.o
    0x080026e8   0x080026e8   0x0000007c   Code   RO         1177    .text.hard_fault_track  cpuport.o
    0x08002764   0x08002764   0x000000c8   Code   RO          988    .text.init_rt_thread  rt_main.o
    0x0800282c   0x0800282c   0x00000020   Code   RO         1053    .text.list_find_init  cmd.o
    0x0800284c   0x0800284c   0x0000006a   Code   RO         1057    .text.list_get_next  cmd.o
    0x080028b6   0x080028b6   0x00000002   PAD
    0x080028b8   0x080028b8   0x00000154   Code   RO         1067    .text.list_mailbox  cmd.o
    0x08002a0c   0x08002a0c   0x00000138   Code   RO         1059    .text.list_sem      cmd.o
    0x08002b44   0x08002b44   0x00000180   Code   RO         1051    .text.list_thread   cmd.o
    0x08002cc4   0x08002cc4   0x0000016c   Code   RO         1069    .text.list_timer    cmd.o
    0x08002e30   0x08002e30   0x0000001e   Code   RO           11    .text.main          main.o
    0x08002e4e   0x08002e4e   0x00000002   PAD
    0x08002e50   0x08002e50   0x0000000c   Code   RO         1266    .text.main_thread_entry  components.o
    0x08002e5c   0x08002e5c   0x000000d8   Code   RO         1185    .text.mem_manage_fault_track  cpuport.o
    0x08002f34   0x08002f34   0x000000a0   Code   RO         1094    .text.msh_auto_complete  msh.o
    0x08002fd4   0x08002fd4   0x00000074   Code   RO         1090    .text.msh_exec      msh.o
    0x08003048   0x08003048   0x00000050   Code   RO         1098    .text.msh_get_cmd   msh.o
    0x08003098   0x08003098   0x00000078   Code   RO         1084    .text.msh_help      msh.o
    0x08003110   0x08003110   0x00000118   Code   RO         1100    .text.msh_split     msh.o
    0x08003228   0x08003228   0x00000018   Code   RO         1055    .text.object_split  cmd.o
    0x08003240   0x08003240   0x00000068   Code   RO         1495    .text.plug_holes    mem.o
    0x080032a8   0x080032a8   0x000001ac   Code   RO         1432    .text.print_number  kservice.o
    0x08003454   0x08003454   0x00000008   Code   RO         1208    .text.reboot        board.o
    0x0800345c   0x0800345c   0x00000034   Code   RO         1268    .text.rt_application_init  components.o
    0x08003490   0x08003490   0x0000001e   Code   RO         1456    .text.rt_calloc     kservice.o
    0x080034ae   0x080034ae   0x00000002   PAD
    0x080034b0   0x080034b0   0x0000002c   Code   RO         1258    .text.rt_components_board_init  components.o
    0x080034dc   0x080034dc   0x0000002c   Code   RO         1260    .text.rt_components_init  components.o
    0x08003508   0x08003508   0x00000046   Code   RO         1301    .text.rt_defunct_execute  idle.o
    0x0800354e   0x0800354e   0x00000002   PAD
    0x08003550   0x08003550   0x0000001a   Code   RO         1562    .text.rt_enter_critical  scheduler.o
    0x0800356a   0x0800356a   0x00000002   PAD
    0x0800356c   0x0800356c   0x0000003e   Code   RO         1564    .text.rt_exit_critical  scheduler.o
    0x080035aa   0x080035aa   0x00000002   PAD
    0x080035ac   0x080035ac   0x0000001e   Code   RO         1458    .text.rt_free       kservice.o
    0x080035ca   0x080035ca   0x00000002   PAD
    0x080035cc   0x080035cc   0x0000000a   Code   RO         1202    .text.rt_heap_begin_get  board.o
    0x080035d6   0x080035d6   0x00000002   PAD
    0x080035d8   0x080035d8   0x0000000e   Code   RO         1204    .text.rt_heap_end_get  board.o
    0x080035e6   0x080035e6   0x00000002   PAD
    0x080035e8   0x080035e8   0x0000003c   Code   RO         1210    .text.rt_hw_board_init  board.o
    0x08003624   0x08003624   0x0000002e   Code   RO         1216    .text.rt_hw_console_getchar  board.o
    0x08003652   0x08003652   0x00000002   PAD
    0x08003654   0x08003654   0x00000060   Code   RO         1214    .text.rt_hw_console_output  board.o
    0x080036b4   0x080036b4   0x00000012   Code   RO         1181    .text.rt_hw_cpu_reset  cpuport.o
    0x080036c6   0x080036c6   0x00000002   PAD
    0x080036c8   0x080036c8   0x00000190   Code   RO         1175    .text.rt_hw_hard_fault_exception  cpuport.o
    0x08003858   0x08003858   0x00000042   Code   RO         1171    .text.rt_hw_stack_init  cpuport.o
    0x0800389a   0x0800389a   0x00000002   PAD
    0x0800389c   0x0800389c   0x0000001a   Code   RO         1371    .text.rt_interrupt_enter  irq.o
    0x080038b6   0x080038b6   0x00000002   PAD
    0x080038b8   0x080038b8   0x0000001a   Code   RO         1373    .text.rt_interrupt_leave  irq.o
    0x080038d2   0x080038d2   0x00000002   PAD
    0x080038d4   0x080038d4   0x0000003e   Code   RO         1426    .text.rt_kprintf    kservice.o
    0x08003912   0x08003912   0x00000002   PAD
    0x08003914   0x08003914   0x00000006   Code   RO         1343    .text.rt_list_init  ipc.o
    0x0800391a   0x0800391a   0x00000002   PAD
    0x0800391c   0x0800391c   0x00000006   Code   RO         1542    .text.rt_list_init  scheduler.o
    0x08003922   0x08003922   0x00000002   PAD
    0x08003924   0x08003924   0x00000006   Code   RO         1617    .text.rt_list_init  thread.o
    0x0800392a   0x0800392a   0x00000002   PAD
    0x0800392c   0x0800392c   0x00000006   Code   RO         1653    .text.rt_list_init  timer.o
    0x08003932   0x08003932   0x00000002   PAD
    0x08003934   0x08003934   0x00000014   Code   RO         1289    .text.rt_list_insert_after  idle.o
    0x08003948   0x08003948   0x0000000c   Code   RO         1515    .text.rt_list_insert_after  object.o
    0x08003954   0x08003954   0x0000000c   Code   RO         1556    .text.rt_list_insert_after  scheduler.o
    0x08003960   0x08003960   0x0000000c   Code   RO         1645    .text.rt_list_insert_after  timer.o
    0x0800396c   0x0800396c   0x0000000c   Code   RO         1361    .text.rt_list_insert_before  ipc.o
    0x08003978   0x08003978   0x0000000c   Code   RO         1554    .text.rt_list_insert_before  scheduler.o
    0x08003984   0x08003984   0x0000000c   Code   RO         1061    .text.rt_list_isempty  cmd.o
    0x08003990   0x08003990   0x0000000c   Code   RO         1335    .text.rt_list_isempty  ipc.o
    0x0800399c   0x0800399c   0x0000000c   Code   RO         1560    .text.rt_list_isempty  scheduler.o
    0x080039a8   0x080039a8   0x0000000c   Code   RO         1655    .text.rt_list_isempty  timer.o
    0x080039b4   0x080039b4   0x00000012   Code   RO         1063    .text.rt_list_len   cmd.o
    0x080039c6   0x080039c6   0x00000002   PAD
    0x080039c8   0x080039c8   0x00000010   Code   RO         1293    .text.rt_list_remove  idle.o
    0x080039d8   0x080039d8   0x00000010   Code   RO         1519    .text.rt_list_remove  object.o
    0x080039e8   0x080039e8   0x00000010   Code   RO         1558    .text.rt_list_remove  scheduler.o
    0x080039f8   0x080039f8   0x00000010   Code   RO         1613    .text.rt_list_remove  thread.o
    0x08003a08   0x08003a08   0x00000010   Code   RO         1657    .text.rt_list_remove  timer.o
    0x08003a18   0x08003a18   0x00000022   Code   RO         1422    .text.rt_malloc     kservice.o
    0x08003a3a   0x08003a3a   0x00000002   PAD
    0x08003a3c   0x08003a3c   0x00000050   Code   RO         1347    .text.rt_mb_create  ipc.o
    0x08003a8c   0x08003a8c   0x00000108   Code   RO         1357    .text.rt_mb_recv    ipc.o
    0x08003b94   0x08003b94   0x00000078   Code   RO         1398    .text.rt_memcpy     kservice.o
    0x08003c0c   0x08003c0c   0x0000003a   Code   RO         1400    .text.rt_memmove    kservice.o
    0x08003c46   0x08003c46   0x00000002   PAD
    0x08003c48   0x08003c48   0x0000001c   Code   RO         1460    .text.rt_memory_info  kservice.o
    0x08003c64   0x08003c64   0x0000005c   Code   RO         1396    .text.rt_memset     kservice.o
    0x08003cc0   0x08003cc0   0x00000050   Code   RO         1521    .text.rt_object_allocate  object.o
    0x08003d10   0x08003d10   0x00000024   Code   RO         1523    .text.rt_object_delete  object.o
    0x08003d34   0x08003d34   0x0000001e   Code   RO         1517    .text.rt_object_detach  object.o
    0x08003d52   0x08003d52   0x00000002   PAD
    0x08003d54   0x08003d54   0x00000022   Code   RO         1507    .text.rt_object_get_information  object.o
    0x08003d76   0x08003d76   0x00000002   PAD
    0x08003d78   0x08003d78   0x00000050   Code   RO         1513    .text.rt_object_init  object.o
    0x08003dc8   0x08003dc8   0x00000006   Code   RO         1525    .text.rt_object_is_systemobject  object.o
    0x08003dce   0x08003dce   0x00000002   PAD
    0x08003dd0   0x08003dd0   0x00000100   Code   RO         1550    .text.rt_schedule   scheduler.o
    0x08003ed0   0x08003ed0   0x0000006c   Code   RO         1552    .text.rt_schedule_insert_thread  scheduler.o
    0x08003f3c   0x08003f3c   0x00000042   Code   RO         1548    .text.rt_schedule_remove_thread  scheduler.o
    0x08003f7e   0x08003f7e   0x00000002   PAD
    0x08003f80   0x08003f80   0x0000001e   Code   RO         1315    .text.rt_sem_init   ipc.o
    0x08003f9e   0x08003f9e   0x00000002   PAD
    0x08003fa0   0x08003fa0   0x000000c4   Code   RO         1424    .text.rt_show_version  kservice.o
    0x08004064   0x08004064   0x000000dc   Code   RO         1489    .text.rt_smem_alloc  mem.o
    0x08004140   0x08004140   0x0000003a   Code   RO         1493    .text.rt_smem_free  mem.o
    0x0800417a   0x0800417a   0x00000002   PAD
    0x0800417c   0x0800417c   0x000000d0   Code   RO         1485    .text.rt_smem_init  mem.o
    0x0800424c   0x0800424c   0x0000001c   Code   RO         1438    .text.rt_sprintf    kservice.o
    0x08004268   0x08004268   0x0000004c   Code   RO         1388    .text.rt_strerror   kservice.o
    0x080042b4   0x080042b4   0x00000010   Code   RO         1406    .text.rt_strlen     kservice.o
    0x080042c4   0x080042c4   0x00000032   Code   RO         1410    .text.rt_strncpy    kservice.o
    0x080042f6   0x080042f6   0x00000002   PAD
    0x080042f8   0x080042f8   0x0000002c   Code   RO         1448    .text.rt_system_heap_init  kservice.o
    0x08004324   0x08004324   0x00000034   Code   RO         1540    .text.rt_system_scheduler_init  scheduler.o
    0x08004358   0x08004358   0x0000002e   Code   RO         1544    .text.rt_system_scheduler_start  scheduler.o
    0x08004386   0x08004386   0x00000002   PAD
    0x08004388   0x08004388   0x00000010   Code   RO         1663    .text.rt_system_timer_init  timer.o
    0x08004398   0x08004398   0x00000002   Code   RO         1665    .text.rt_system_timer_thread_init  timer.o
    0x0800439a   0x0800439a   0x00000002   PAD
    0x0800439c   0x0800439c   0x0000004a   Code   RO         1595    .text.rt_thread_create  thread.o
    0x080043e6   0x080043e6   0x00000002   PAD
    0x080043e8   0x080043e8   0x00000030   Code   RO         1291    .text.rt_thread_defunct_dequeue  idle.o
    0x08004418   0x08004418   0x0000000a   Code   RO         1287    .text.rt_thread_defunct_enqueue  idle.o
    0x08004422   0x08004422   0x00000002   PAD
    0x08004424   0x08004424   0x00000024   Code   RO         1297    .text.rt_thread_idle_entry  idle.o
    0x08004448   0x08004448   0x00000058   Code   RO         1295    .text.rt_thread_idle_init  idle.o
    0x080044a0   0x080044a0   0x00000038   Code   RO         1583    .text.rt_thread_init  thread.o
    0x080044d8   0x080044d8   0x0000000c   Code   RO         1609    .text.rt_thread_mdelay  thread.o
    0x080044e4   0x080044e4   0x0000003c   Code   RO         1591    .text.rt_thread_resume  thread.o
    0x08004520   0x08004520   0x0000000c   Code   RO         1587    .text.rt_thread_self  thread.o
    0x0800452c   0x0800452c   0x00000048   Code   RO         1601    .text.rt_thread_sleep  thread.o
    0x08004574   0x08004574   0x00000028   Code   RO         1589    .text.rt_thread_startup  thread.o
    0x0800459c   0x0800459c   0x00000042   Code   RO         1603    .text.rt_thread_suspend  thread.o
    0x080045de   0x080045de   0x00000002   PAD
    0x080045e0   0x080045e0   0x0000003a   Code   RO         1237    .text.rt_tick_from_millisecond  clock.o
    0x0800461a   0x0800461a   0x00000002   PAD
    0x0800461c   0x0800461c   0x0000000c   Code   RO         1231    .text.rt_tick_get   clock.o
    0x08004628   0x08004628   0x0000004e   Code   RO         1235    .text.rt_tick_increase  clock.o
    0x08004676   0x08004676   0x00000002   PAD
    0x08004678   0x08004678   0x000000ae   Code   RO         1651    .text.rt_timer_check  timer.o
    0x08004726   0x08004726   0x00000002   PAD
    0x08004728   0x08004728   0x00000054   Code   RO         1649    .text.rt_timer_control  timer.o
    0x0800477c   0x0800477c   0x00000032   Code   RO         1639    .text.rt_timer_create  timer.o
    0x080047ae   0x080047ae   0x00000002   PAD
    0x080047b0   0x080047b0   0x00000028   Code   RO         1635    .text.rt_timer_detach  timer.o
    0x080047d8   0x080047d8   0x0000002c   Code   RO         1631    .text.rt_timer_init  timer.o
    0x08004804   0x08004804   0x0000007a   Code   RO         1643    .text.rt_timer_start  timer.o
    0x0800487e   0x0800487e   0x00000002   PAD
    0x08004880   0x08004880   0x0000002e   Code   RO         1647    .text.rt_timer_stop  timer.o
    0x080048ae   0x080048ae   0x00000002   PAD
    0x080048b0   0x080048b0   0x0000030e   Code   RO         1428    .text.rt_vsnprintf  kservice.o
    0x08004bbe   0x08004bbe   0x00000002   PAD
    0x08004bc0   0x08004bc0   0x00000010   Code   RO         1436    .text.rt_vsprintf   kservice.o
    0x08004bd0   0x08004bd0   0x00000004   Code   RO         1254    .text.rti_board_end  components.o
    0x08004bd4   0x08004bd4   0x00000004   Code   RO         1252    .text.rti_board_start  components.o
    0x08004bd8   0x08004bd8   0x00000004   Code   RO         1256    .text.rti_end       components.o
    0x08004bdc   0x08004bdc   0x00000004   Code   RO         1250    .text.rti_start     components.o
    0x08004be0   0x08004be0   0x0000002a   Code   RO         1264    .text.rtthread_startup  components.o
    0x08004c0a   0x08004c0a   0x00000002   PAD
    0x08004c0c   0x08004c0c   0x00000034   Code   RO         1146    .text.shell_auto_complete  shell.o
    0x08004c40   0x08004c40   0x00000044   Code   RO         1065    .text.show_wait_queue  cmd.o
    0x08004c84   0x08004c84   0x0000003c   Code   RO         1430    .text.skip_atoi     kservice.o
    0x08004cc0   0x08004cc0   0x00000028   Code   RO         1096    .text.str_common    msh.o
    0x08004ce8   0x08004ce8   0x0000002a   Code   RO          992    .text.thread_1_entry  rt_main.o
    0x08004d12   0x08004d12   0x00000002   PAD
    0x08004d14   0x08004d14   0x00000048   Code   RO          994    .text.thread_2_entry  rt_main.o
    0x08004d5c   0x08004d5c   0x00000024   Code   RO          990    .text.timer1_callback  rt_main.o
    0x08004d80   0x08004d80   0x00000002   Code   RO         1002    .text.uart_2_rx_handler  rt_main.o
    0x08004d82   0x08004d82   0x00000002   PAD
    0x08004d84   0x08004d84   0x00000038   Code   RO         1004    .text.uart_3_rx_handler  rt_main.o
    0x08004dbc   0x08004dbc   0x00000036   Code   RO         1212    .text.uart_init     board.o
    0x08004df2   0x08004df2   0x00000002   PAD
    0x08004df4   0x08004df4   0x0000006c   Code   RO         1027    .text.uart_link_init  serial.o
    0x08004e60   0x08004e60   0x000000e6   Code   RO         1029    .text.uart_rx_byte  serial.o
    0x08004f46   0x08004f46   0x00000002   PAD
    0x08004f48   0x08004f48   0x000000d8   Code   RO         1187    .text.usage_fault_track  cpuport.o
    0x08005020   0x08005020   0x0000000a   Code   RO         1049    .text.version       cmd.o
    0x0800502a   0x0800502a   0x00000002   PAD
    0x0800502c   0x0800502c   0x00000020   Code   RO         1932    i.__0printf$8       mc_w.l(printf8.o)
    0x0800504c   0x0800504c   0x0000000e   Code   RO         2037    i.__scatterload_copy  mc_w.l(handlers.o)
    0x0800505a   0x0800505a   0x00000002   Code   RO         2038    i.__scatterload_null  mc_w.l(handlers.o)
    0x0800505c   0x0800505c   0x0000000e   Code   RO         2039    i.__scatterload_zeroinit  mc_w.l(handlers.o)
    0x0800506a   0x0800506a   0x00000002   PAD
    0x0800506c   0x0800506c   0x00000410   Code   RO         1939    i._printf_core      mc_w.l(printf8.o)
    0x0800547c   0x0800547c   0x00000024   Code   RO         1940    i._printf_post_padding  mc_w.l(printf8.o)
    0x080054a0   0x080054a0   0x0000002e   Code   RO         1941    i._printf_pre_padding  mc_w.l(printf8.o)
    0x080054ce   0x080054ce   0x00000002   PAD
    0x080054d0   0x080054d0   0x00000024   Code   RO         1679    i.puts              mc_w.l(puts.o)
    0x080054f4   0x080054f4   0x00000010   Data   RO          978    .rodata.AHBPrescTable  system_stm32f1xx.o
    0x08005504   0x08005504   0x00000008   Data   RO          979    .rodata.APBPrescTable  system_stm32f1xx.o
    0x0800550c   0x0800550c   0x00000100   Data   RO         1476    .rodata.__lowest_bit_bitmap  kservice.o
    0x0800560c   0x0800560c   0x000000dc   Data   RO         1073    .rodata.name        cmd.o
    0x080056e8   0x080056e8   0x00000064   Data   RO         1103    .rodata.name        msh.o
    0x0800574c   0x0800574c   0x00000015   Data   RO         1219    .rodata.name        board.o
    0x08005761   0x08005761   0x000000fc   Data   RO         1075    .rodata.str1.1      cmd.o
    0x0800585d   0x0800585d   0x00000005   Data   RO         1157    .rodata.str1.1      shell.o
    0x08005862   0x08005862   0x00000085   Data   RO         1190    .rodata.str1.1      cpuport.o
    0x080058e7   0x080058e7   0x00000082   Data   RO         1473    .rodata.str1.1      kservice.o
    0x08005969   0x08005969   0x00000003   PAD
    0x0800596c   0x0800596c   0x00000004   Data   RO         1270    .rti_fn.0           components.o
    0x08005970   0x08005970   0x00000004   Data   RO         1271    .rti_fn.0.end       components.o
    0x08005974   0x08005974   0x00000004   Data   RO         1221    .rti_fn.1           board.o
    0x08005978   0x08005978   0x00000004   Data   RO         1272    .rti_fn.1.end       components.o
    0x0800597c   0x0800597c   0x00000004   Data   RO         1158    .rti_fn.6           shell.o
    0x08005980   0x08005980   0x00000004   Data   RO         1273    .rti_fn.6.end       components.o
    0x08005984   0x08005984   0x00000054   Data   RO         1074    FSymTab             cmd.o
    0x080059d8   0x080059d8   0x00000024   Data   RO         1104    FSymTab             msh.o
    0x080059fc   0x080059fc   0x0000000c   Data   RO         1220    FSymTab             board.o
    0x08005a08   0x08005a08   0x00000020   Data   RO         2036    Region$$Table       anon$$obj.o


    Execution Region RW_IRAM1 (Exec base: 0x20000000, Load base: 0x08005a28, Size: 0x00003358, Max: 0x00005000, ABSOLUTE)

    Exec Addr    Load Addr    Size         Type   Attr      Idx    E Section Name        Object

    0x20000000   0x08005a28   0x00000004   Data   RW         2000    .data               mc_w.l(stdout.o)
    0x20000004   0x08005a2c   0x00000004   Data   RW          977    .data.SystemCoreClock  system_stm32f1xx.o
    0x20000008   0x08005a30   0x00000050   Data   RW         1531    .data._object_container  object.o
    0x20000058   0x08005a80   0x00000008   Data   RW         1304    .data._rt_thread_defunct  idle.o
    0x20000060   0x08005a88   0x00000001   Data   RW          508    .data.uwTickFreq    stm32f1xx_hal.o
    0x20000061   0x08005a89   0x00000003   PAD
    0x20000064   0x08005a8c   0x00000004   Data   RW          507    .data.uwTickPrio    stm32f1xx_hal.o
    0x20000068        -       0x00000048   Zero   RW         1222    .bss.UartHandle     board.o
    0x200000b0        -       0x00000004   Zero   RW         1152    .bss._syscall_table_begin  shell.o
    0x200000b4        -       0x00000004   Zero   RW         1153    .bss._syscall_table_end  shell.o
    0x200000b8        -       0x00000008   Zero   RW         1668    .bss._timer_list    timer.o
    0x200000c0        -       0x00000081   Zero   RW         1155    .bss.finsh_get_prompt.finsh_prompt  shell.o
    0x20000141   0x08005a90   0x00000003   PAD
    0x20000144        -       0x00000004   Zero   RW         1154    .bss.finsh_prompt_custom  shell.o
    0x20000148        -       0x00000048   Zero   RW           96    .bss.htim1          stm32f1xx_hal_timebase_tim.o
    0x20000190        -       0x00000048   Zero   RW           49    .bss.huart1         usart.o
    0x200001d8        -       0x00000048   Zero   RW           50    .bss.huart2         usart.o
    0x20000220        -       0x00000048   Zero   RW           51    .bss.huart3         usart.o
    0x20000268        -       0x00000078   Zero   RW         1305    .bss.idle           idle.o
    0x200002e0        -       0x00000010   Zero   RW         1303    .bss.idle_hook_list  idle.o
    0x200002f0        -       0x00000004   Zero   RW         1006    .bss.mb1            rt_main.o
    0x200002f4        -       0x00000004   Zero   RW         1007    .bss.mb2            rt_main.o
    0x200002f8        -       0x00000001   Zero   RW         1572    .bss.rt_current_priority  scheduler.o
    0x200002f9   0x08005a90   0x00000003   PAD
    0x200002fc        -       0x00000004   Zero   RW         1568    .bss.rt_current_thread  scheduler.o
    0x20000300        -       0x00000004   Zero   RW         1189    .bss.rt_exception_hook  cpuport.o
    0x20000304        -       0x00002800   Zero   RW         1218    .bss.rt_heap        board.o
    0x20002b04        -       0x00000004   Zero   RW         1191    .bss.rt_interrupt_from_thread  cpuport.o
    0x20002b08        -       0x00000001   Zero   RW         1377    .bss.rt_interrupt_nest  irq.o
    0x20002b09   0x08005a90   0x00000003   PAD
    0x20002b0c        -       0x00000004   Zero   RW         1192    .bss.rt_interrupt_to_thread  cpuport.o
    0x20002b10        -       0x00000080   Zero   RW         1474    .bss.rt_kprintf.rt_log_buf  kservice.o
    0x20002b90        -       0x00000002   Zero   RW         1569    .bss.rt_scheduler_lock_nest  scheduler.o
    0x20002b92   0x08005a90   0x00000002   PAD
    0x20002b94        -       0x00000100   Zero   RW         1570    .bss.rt_thread_priority_table  scheduler.o
    0x20002c94        -       0x00000004   Zero   RW         1571    .bss.rt_thread_ready_priority_group  scheduler.o
    0x20002c98        -       0x00000100   Zero   RW         1306    .bss.rt_thread_stack  idle.o
    0x20002d98        -       0x00000004   Zero   RW         1193    .bss.rt_thread_switch_interrupt_flag  cpuport.o
    0x20002d9c        -       0x00000004   Zero   RW         1241    .bss.rt_tick        clock.o
    0x20002da0        -       0x00000004   Zero   RW         1667    .bss.rt_timer_start.random_nr  timer.o
    0x20002da4        -       0x00000001   Zero   RW         1016    .bss.rx2data        rt_main.o
    0x20002da5        -       0x00000001   Zero   RW         1017    .bss.rx3data        rt_main.o
    0x20002da6   0x08005a90   0x00000002   PAD
    0x20002da8        -       0x00000004   Zero   RW         1156    .bss.shell          shell.o
    0x20002dac        -       0x00000004   Zero   RW         1475    .bss.system_heap    kservice.o
    0x20002db0        -       0x00000004   Zero   RW         1008    .bss.tim1           rt_main.o
    0x20002db4        -       0x000000d0   Zero   RW         1035    .bss.uart2_rx_ctx   serial.o
    0x20002e84        -       0x000000d0   Zero   RW         1036    .bss.uart3_rx_ctx   serial.o
    0x20002f54        -       0x00000004   Zero   RW          509    .bss.uwTick         stm32f1xx_hal.o
    0x20002f58        -       0x00000400   Zero   RW            1    STACK               startup_stm32f103xb.o


==============================================================================

Image component sizes


      Code (inc. data)   RO Data    RW Data    ZI Data      Debug   Object Name

       304          0         37          0      10312       5198   board.o
       148          0          0          0          4       2627   clock.o
      1966        608        556          0          0       9928   cmd.o
       220          8         16          0          0       3119   components.o
       252         28          0          0          0        824   context_rvds.o
      1272        524        133          0         16       3539   cpuport.o
       142          0          0          0          0       1541   gpio.o
       288          8          0          8        392       4572   idle.o
       512          0          0          0          0      10339   ipc.o
        52          0          0          0          1       1113   irq.o
      2316        298        386          0        132      18525   kservice.o
       158          0          0          0          0       4551   main.o
       590         68          0          0          0       5451   mem.o
      1032        168        136          0          0       5517   msh.o
       294          0          0         80          0       5694   object.o
       508         92          0          0         14       9233   rt_main.o
       714          0          0          0        267       5194   scheduler.o
       364          8          0          0        416       5488   serial.o
      1258        216          9          0        145       5525   shell.o
        36          8        236          0       1024        764   startup_stm32f103xb.o
        76          0          0          5          4       5718   stm32f1xx_hal.o
       258          0          0          0          0       8693   stm32f1xx_hal_cortex.o
       238          0          0          0          0       7460   stm32f1xx_hal_dma.o
       532         20          0          0          0       4667   stm32f1xx_hal_gpio.o
        66          0          0          0          0       1178   stm32f1xx_hal_msp.o
      1438         20          0          0          0       7030   stm32f1xx_hal_rcc.o
       664          0          0          0          0      44065   stm32f1xx_hal_tim.o
         4          0          0          0          0      18564   stm32f1xx_hal_tim_ex.o
       162          0          0          0         72       5739   stm32f1xx_hal_timebase_tim.o
      1828          0          0          0          0      24358   stm32f1xx_hal_uart.o
        56          0          0          0          0       2009   stm32f1xx_it.o
       112          0         24          4          0       1604   system_stm32f1xx.o
       632          0          0          0          0       8202   thread.o
       668          6          0          0         12       6830   timer.o
       578          0          0          0        216       6462   usart.o

    ----------------------------------------------------------------------
     19936       2080       1568        100      13040     261321   Object Totals
         0          0         32          0          0          0   (incl. Generated)
       198          0          3          3         13          0   (incl. Padding)

    ----------------------------------------------------------------------

      Code (inc. data)   RO Data    RW Data    ZI Data      Debug   Library Member Name

         0          0          0          0          0          0   entry.o
         0          0          0          0          0          0   entry10a.o
         0          0          0          0          0          0   entry11a.o
         8          4          0          0          0          0   entry2.o
         4          0          0          0          0          0   entry5.o
         0          0          0          0          0          0   entry7b.o
         0          0          0          0          0          0   entry8b.o
         8          4          0          0          0          0   entry9a.o
        30          0          0          0          0          0   handlers.o
        36          8          0          0          0         68   init.o
        30          0          0          0          0         68   llshl.o
        32          0          0          0          0         68   llushr.o
        36          0          0          0          0        108   memseta.o
      1154         54          0          0          0        352   printf8.o
        36          6          0          0          0         80   puts.o
         0          0          0          4          0          0   stdout.o
        28          0          0          0          0         76   strcmp.o
        14          0          0          0          0         68   strlen.o
        30          0          0          0          0         80   strncmp.o
        24          0          0          0          0         76   strncpy.o
        98          0          0          0          0         92   uldiv.o

    ----------------------------------------------------------------------
      1576         76          0          4          0       1136   Library Totals
         8          0          0          0          0          0   (incl. Padding)

    ----------------------------------------------------------------------

      Code (inc. data)   RO Data    RW Data    ZI Data      Debug   Library Name

      1568         76          0          4          0       1136   mc_w.l

    ----------------------------------------------------------------------
      1576         76          0          4          0       1136   Library Totals

    ----------------------------------------------------------------------

==============================================================================


      Code (inc. data)   RO Data    RW Data    ZI Data      Debug   

     21512       2156       1568        104      13040     261397   Grand Totals
     21512       2156       1568        104      13040     261397   ELF Image Totals
     21512       2156       1568        104          0          0   ROM Totals

==============================================================================

    Total RO  Size (Code + RO Data)                23080 (  22.54kB)
    Total RW  Size (RW Data + ZI Data)             13144 (  12.84kB)
    Total ROM Size (Code + RO Data + RW Data)      23184 (  22.64kB)

==============================================================================

